训练开始: 2025-06-26 13:52:46
Group: (400119.158, 3044703.654, 670)
模型标准化格式保存路径：lstmscaler/(400119.158, 3044703.654, 670)best_scaler.pkl
最优模型参数保存路径：lstmmodel/(400119.158, 3044703.654, 670)best_model.pth
Epoch 0 MSE: 0.46504518389701843
Epoch 0 val RMSE: 26.07154041721667
Best model saved at epoch 0 with Test RMSE: 26.07154041721667
Epoch 1 MSE: 0.20234349370002747
Epoch 1 val RMSE: 63.16674439652759
Epoch 2 MSE: 0.14515115320682526
Epoch 2 val RMSE: 38.93741378652173
Epoch 3 MSE: 0.06077578663825989
Epoch 3 val RMSE: 34.88504069731215
Epoch 4 MSE: 0.09839408099651337
Epoch 4 val RMSE: 35.61087130741731
Epoch 5 MSE: 0.09304721653461456
Epoch 5 val RMSE: 38.48753412733953
Epoch 6 MSE: 0.07006024569272995
Epoch 6 val RMSE: 42.81884077132402
Epoch 7 MSE: 0.04573992267251015
Epoch 7 val RMSE: 48.10024982474753
Epoch 8 MSE: 0.03340964391827583
Epoch 8 val RMSE: 53.24895007034176
Epoch 9 MSE: 0.03977026045322418
Epoch 9 val RMSE: 56.21366882262712
Epoch 10 MSE: 0.0516493134200573
Epoch 10 val RMSE: 56.165126941679745
Epoch 11 MSE: 0.05131913349032402
Epoch 11 val RMSE: 54.15941908644562
Epoch 12 MSE: 0.04266038164496422
Epoch 12 val RMSE: 51.490920960944656
Epoch 13 MSE: 0.03550533577799797
Epoch 13 val RMSE: 48.96803954095339
Epoch 14 MSE: 0.03326341509819031
Epoch 14 val RMSE: 46.95396213895985
Epoch 15 MSE: 0.03461403027176857
Epoch 15 val RMSE: 45.56385296773776
Epoch 16 MSE: 0.037163298577070236
Epoch 16 val RMSE: 44.79535035119088
Epoch 17 MSE: 0.03912856802344322
Epoch 17 val RMSE: 44.59255648367785
Epoch 18 MSE: 0.03969644010066986
Epoch 18 val RMSE: 44.87612072068507
Epoch 19 MSE: 0.038857199251651764
Epoch 19 val RMSE: 45.55415357794638
Epoch 20 MSE: 0.037111327052116394
Epoch 20 val RMSE: 46.5231849541844
Epoch 21 MSE: 0.03518018499016762
Epoch 21 val RMSE: 47.66593395461401
Epoch 22 MSE: 0.033742498606443405
Epoch 22 val RMSE: 48.850887194476826
Epoch 23 MSE: 0.0332086943089962
Epoch 23 val RMSE: 49.93828955492844
Epoch 24 MSE: 0.03357880935072899
Epoch 24 val RMSE: 50.79549559800431
Epoch 25 MSE: 0.03445727750658989
Epoch 25 val RMSE: 51.31997414354132
Epoch 26 MSE: 0.03525955229997635
Epoch 26 val RMSE: 51.46176713408217
Epoch 27 MSE: 0.035525206476449966
Epoch 27 val RMSE: 51.23417724496754
Epoch 28 MSE: 0.03514578193426132
Epoch 28 val RMSE: 50.70671453010439
Epoch 29 MSE: 0.03436178341507912
Epoch 29 val RMSE: 49.98409170754356
Epoch 30 MSE: 0.03356309235095978
Epoch 30 val RMSE: 49.18117365208841
Epoch 31 MSE: 0.033057551831007004
Epoch 31 val RMSE: 48.40259579089612
Epoch 32 MSE: 0.03294667229056358
Epoch 32 val RMSE: 47.730738404846356
Epoch 33 MSE: 0.03313634544610977
Epoch 33 val RMSE: 47.22136098836786
Epoch 34 MSE: 0.0334288515150547
Epoch 34 val RMSE: 46.9041575982343
Epoch 35 MSE: 0.03362788259983063
Epoch 35 val RMSE: 46.78540395719054
Epoch 36 MSE: 0.03361279517412186
Epoch 36 val RMSE: 46.851043357345574
Epoch 37 MSE: 0.0333673469722271
Epoch 37 val RMSE: 47.06927968265236
Epoch 38 MSE: 0.032966434955596924
Epoch 38 val RMSE: 47.39295864679557
Epoch 39 MSE: 0.032532889395952225
Epoch 39 val RMSE: 47.7621594670208
Epoch 40 MSE: 0.032180335372686386
Epoch 40 val RMSE: 48.107905852040055
Epoch 41 MSE: 0.031960997730493546
Epoch 41 val RMSE: 48.357368193417535
Epoch 42 MSE: 0.03183691203594208
Epoch 42 val RMSE: 48.440236817843385
Epoch 43 MSE: 0.031685274094343185
Epoch 43 val RMSE: 48.29455722762659
Epoch 44 MSE: 0.03132874146103859
Epoch 44 val RMSE: 47.86875775231691
Epoch 45 MSE: 0.03054787777364254
Epoch 45 val RMSE: 47.11518413602854
Epoch 46 MSE: 0.029012668877840042
Epoch 46 val RMSE: 45.97292426662676
Epoch 47 MSE: 0.026779795065522194
Epoch 47 val RMSE: 44.536521069616285
Epoch 48 MSE: 0.023109231144189835
Epoch 48 val RMSE: 42.92535592910821
Epoch 49 MSE: 0.021411772817373276
Epoch 49 val RMSE: 41.37764342008858
Training time: 2.8342785835266113
(400119.158, 3044703.654, 670) 训练完成

./images/(400119.158, 3044703.654, 670)LSTM训练集可视化结果.png保存成功
Train Score: 24.97 RMSE
Train Score: 26.07 RMSE
Test Score: 61.03 RMSE
./images/(400119.158, 3044703.654, 670)真实值vs预测值.png保存成功
