训练开始: 2025-06-17 22:04:40
Group: (400530.275, 3043926.857, 670)
模型标准化格式保存路径：lstmscaler/(400530.275, 3043926.857, 670)best_scaler.pkl
最优模型参数保存路径：lstmmodel/(400530.275, 3043926.857, 670)best_model.pth
Epoch 0 MSE: 0.15131427347660065
Epoch 0 val RMSE: 3.0096165386806177
Best model saved at epoch 0 with Test RMSE: 3.0096165386806177
Epoch 1 MSE: 0.16809330880641937
Epoch 1 val RMSE: 6.019392146855607
Epoch 2 MSE: 0.13865779340267181
Epoch 2 val RMSE: 9.466890561675374
Epoch 3 MSE: 0.13223335146903992
Epoch 3 val RMSE: 14.225982771514582
Epoch 4 MSE: 0.09619023650884628
Epoch 4 val RMSE: 23.386718423772336
Epoch 5 MSE: 0.045079343020915985
Epoch 5 val RMSE: 13.713218181932112
Epoch 6 MSE: 0.053161974996328354
Epoch 6 val RMSE: 15.884163201912779
Epoch 7 MSE: 0.051912691444158554
Epoch 7 val RMSE: 17.391726120519834
Epoch 8 MSE: 0.034413453191518784
Epoch 8 val RMSE: 19.98666853043079
Epoch 9 MSE: 0.026851346716284752
Epoch 9 val RMSE: 28.488460948716806
Epoch 10 MSE: 0.04326016455888748
Epoch 10 val RMSE: 22.44725602336543
Epoch 11 MSE: 0.02336949296295643
Epoch 11 val RMSE: 20.679583460967986
Epoch 12 MSE: 0.02295885607600212
Epoch 12 val RMSE: 18.339367422594965
Epoch 13 MSE: 0.025438062846660614
Epoch 13 val RMSE: 14.894092776459702
Epoch 14 MSE: 0.027682313695549965
Epoch 14 val RMSE: 11.702992009424609
Epoch 15 MSE: 0.026531141251325607
Epoch 15 val RMSE: 9.911357152799589
Epoch 16 MSE: 0.02419077418744564
Epoch 16 val RMSE: 9.718574154357727
Epoch 17 MSE: 0.020863497629761696
Epoch 17 val RMSE: 10.579645991324938
Epoch 18 MSE: 0.016180068254470825
Epoch 18 val RMSE: 11.470140253355257
Epoch 19 MSE: 0.012203652411699295
Epoch 19 val RMSE: 11.2966889383234
Epoch 20 MSE: 0.01108289510011673
Epoch 20 val RMSE: 10.820350222745615
Epoch 21 MSE: 0.011371995322406292
Epoch 21 val RMSE: 10.799907076400553
Epoch 22 MSE: 0.012390153482556343
Epoch 22 val RMSE: 10.54903262073819
Epoch 23 MSE: 0.011472932994365692
Epoch 23 val RMSE: 10.22651176935469
Epoch 24 MSE: 0.01079156156629324
Epoch 24 val RMSE: 9.954606597193221
Epoch 25 MSE: 0.009105470962822437
Epoch 25 val RMSE: 9.568405422233045
Epoch 26 MSE: 0.008637180551886559
Epoch 26 val RMSE: 9.193556262165663
Epoch 27 MSE: 0.007197237573564053
Epoch 27 val RMSE: 9.036421512818237
Epoch 28 MSE: 0.007939632050693035
Epoch 28 val RMSE: 8.859029235013079
Epoch 29 MSE: 0.008040269836783409
Epoch 29 val RMSE: 8.499006325477573
Epoch 30 MSE: 0.007564821280539036
Epoch 30 val RMSE: 8.080655732693511
Epoch 31 MSE: 0.008060244843363762
Epoch 31 val RMSE: 7.608981707864412
Epoch 32 MSE: 0.008089113980531693
Epoch 32 val RMSE: 7.0713162378853935
Epoch 33 MSE: 0.007346852216869593
Epoch 33 val RMSE: 6.510138014870058
Epoch 34 MSE: 0.006954740267246962
Epoch 34 val RMSE: 5.938991961503133
Epoch 35 MSE: 0.006843293085694313
Epoch 35 val RMSE: 5.411772096243492
Epoch 36 MSE: 0.006155576556921005
Epoch 36 val RMSE: 5.114162803293308
Epoch 37 MSE: 0.005797320045530796
Epoch 37 val RMSE: 4.98757420534847
Epoch 38 MSE: 0.00578513415530324
Epoch 38 val RMSE: 4.808094931542797
Epoch 39 MSE: 0.00537790497764945
Epoch 39 val RMSE: 4.5313339751782244
Epoch 40 MSE: 0.005135107785463333
Epoch 40 val RMSE: 4.276750636675089
Epoch 41 MSE: 0.0052175638265907764
Epoch 41 val RMSE: 4.133437572723524
Epoch 42 MSE: 0.004830309189856052
Epoch 42 val RMSE: 4.024242609449872
Epoch 43 MSE: 0.004597929306328297
Epoch 43 val RMSE: 3.714817436117043
Epoch 44 MSE: 0.0043788691982626915
Epoch 44 val RMSE: 3.1350906726434244
Epoch 45 MSE: 0.003883837955072522
Epoch 45 val RMSE: 2.523982883721789
Best model saved at epoch 45 with Test RMSE: 2.523982883721789
Epoch 46 MSE: 0.003649897174909711
Epoch 46 val RMSE: 2.160316502730045
Best model saved at epoch 46 with Test RMSE: 2.160316502730045
Epoch 47 MSE: 0.00343298795633018
Epoch 47 val RMSE: 2.0572051082380773
Best model saved at epoch 47 with Test RMSE: 2.0572051082380773
Epoch 48 MSE: 0.003045422025024891
Epoch 48 val RMSE: 2.047199136243536
Best model saved at epoch 48 with Test RMSE: 2.047199136243536
Epoch 49 MSE: 0.0028632492758333683
Epoch 49 val RMSE: 1.9140450613044881
Best model saved at epoch 49 with Test RMSE: 1.9140450613044881
Epoch 50 MSE: 0.002662989776581526
Epoch 50 val RMSE: 1.6491082440411773
Best model saved at epoch 50 with Test RMSE: 1.6491082440411773
Epoch 51 MSE: 0.0024204819928854704
Epoch 51 val RMSE: 1.4423099982414396
Best model saved at epoch 51 with Test RMSE: 1.4423099982414396
Epoch 52 MSE: 0.0022300509735941887
Epoch 52 val RMSE: 1.3806891653434135
Best model saved at epoch 52 with Test RMSE: 1.3806891653434135
Epoch 53 MSE: 0.0019855299033224583
Epoch 53 val RMSE: 1.4122845341908006
Epoch 54 MSE: 0.00181637704372406
Epoch 54 val RMSE: 1.463500686379478
Epoch 55 MSE: 0.001602602074854076
Epoch 55 val RMSE: 1.4876607567609024
Epoch 56 MSE: 0.001368545345030725
Epoch 56 val RMSE: 1.5253746823150547
Epoch 57 MSE: 0.0012785641010850668
Epoch 57 val RMSE: 1.6047137264794042
Epoch 58 MSE: 0.0011033524060621858
Epoch 58 val RMSE: 1.683415662369999
Epoch 59 MSE: 0.001071915146894753
Epoch 59 val RMSE: 1.72486310498595
Epoch 60 MSE: 0.000993718858808279
Epoch 60 val RMSE: 1.7730083870686695
Epoch 61 MSE: 0.0009493767865933478
Epoch 61 val RMSE: 1.8391437211165982
Epoch 62 MSE: 0.0008901000837795436
Epoch 62 val RMSE: 1.8942650047494367
Epoch 63 MSE: 0.0008615413680672646
Epoch 63 val RMSE: 1.891942975650697
Epoch 64 MSE: 0.0007845062646083534
Epoch 64 val RMSE: 1.9131484359806201
Epoch 65 MSE: 0.0007800753228366375
Epoch 65 val RMSE: 1.9121903586455884
Epoch 66 MSE: 0.00072516780346632
Epoch 66 val RMSE: 1.882125285876538
Epoch 67 MSE: 0.0007431406411342323
Epoch 67 val RMSE: 1.8666213066970376
Epoch 68 MSE: 0.0007181710680015385
Epoch 68 val RMSE: 1.865930557148618
Epoch 69 MSE: 0.0007143456605263054
Epoch 69 val RMSE: 1.8503408788106723
Epoch 70 MSE: 0.0006908914656378329
Epoch 70 val RMSE: 1.8215933946890979
Epoch 71 MSE: 0.0006490208324976265
Epoch 71 val RMSE: 1.7827475426463972
Epoch 72 MSE: 0.0006161724450066686
Epoch 72 val RMSE: 1.7423867423906192
Epoch 73 MSE: 0.0005673878476954997
Epoch 73 val RMSE: 1.7135631324173344
Epoch 74 MSE: 0.0005427965079434216
Epoch 74 val RMSE: 1.6910483177586573
Epoch 75 MSE: 0.0005144472816027701
Epoch 75 val RMSE: 1.6597495624342278
Epoch 76 MSE: 0.0005047458107583225
Epoch 76 val RMSE: 1.6339924760362772
Epoch 77 MSE: 0.0004876980383414775
Epoch 77 val RMSE: 1.6030682440335118
Epoch 78 MSE: 0.000478564907098189
Epoch 78 val RMSE: 1.5529391939402146
Epoch 79 MSE: 0.0004583945847116411
Epoch 79 val RMSE: 1.5111399091909181
Epoch 80 MSE: 0.0004441813798621297
Epoch 80 val RMSE: 1.4766583285444346
Epoch 81 MSE: 0.00042610662057995796
Epoch 81 val RMSE: 1.4413197395808197
Epoch 82 MSE: 0.00041482411324977875
Epoch 82 val RMSE: 1.399665123193636
Epoch 83 MSE: 0.0004059164202772081
Epoch 83 val RMSE: 1.3657749399236454
Best model saved at epoch 83 with Test RMSE: 1.3657749399236454
Epoch 84 MSE: 0.000399718526750803
Epoch 84 val RMSE: 1.3349856281578467
Best model saved at epoch 84 with Test RMSE: 1.3349856281578467
Epoch 85 MSE: 0.00039674495928920805
Epoch 85 val RMSE: 1.3113651364727945
Best model saved at epoch 85 with Test RMSE: 1.3113651364727945
Epoch 86 MSE: 0.0003893746470566839
Epoch 86 val RMSE: 1.291199686892612
Best model saved at epoch 86 with Test RMSE: 1.291199686892612
Epoch 87 MSE: 0.0003845879400614649
Epoch 87 val RMSE: 1.2712236128237469
Best model saved at epoch 87 with Test RMSE: 1.2712236128237469
Epoch 88 MSE: 0.0003740380925592035
Epoch 88 val RMSE: 1.2534078397739108
Best model saved at epoch 88 with Test RMSE: 1.2534078397739108
Epoch 89 MSE: 0.00036748970160260797
Epoch 89 val RMSE: 1.2400335194302643
Best model saved at epoch 89 with Test RMSE: 1.2400335194302643
Epoch 90 MSE: 0.0003577799361664802
Epoch 90 val RMSE: 1.2297791016716726
Best model saved at epoch 90 with Test RMSE: 1.2297791016716726
Epoch 91 MSE: 0.0003526640066411346
Epoch 91 val RMSE: 1.2208587303167242
Best model saved at epoch 91 with Test RMSE: 1.2208587303167242
Epoch 92 MSE: 0.00034569480339996517
Epoch 92 val RMSE: 1.210012069988739
Best model saved at epoch 92 with Test RMSE: 1.210012069988739
Epoch 93 MSE: 0.0003416061226744205
Epoch 93 val RMSE: 1.19462999792711
Best model saved at epoch 93 with Test RMSE: 1.19462999792711
Epoch 94 MSE: 0.00033481637365184724
Epoch 94 val RMSE: 1.1829690323208184
Best model saved at epoch 94 with Test RMSE: 1.1829690323208184
Epoch 95 MSE: 0.0003293912741355598
Epoch 95 val RMSE: 1.1736333244273096
Best model saved at epoch 95 with Test RMSE: 1.1736333244273096
Epoch 96 MSE: 0.00032127645681612194
Epoch 96 val RMSE: 1.1601947302810576
Best model saved at epoch 96 with Test RMSE: 1.1601947302810576
Epoch 97 MSE: 0.000315194163704291
Epoch 97 val RMSE: 1.1439024464054595
Best model saved at epoch 97 with Test RMSE: 1.1439024464054595
Epoch 98 MSE: 0.0003076318243984133
Epoch 98 val RMSE: 1.1327444121846602
Best model saved at epoch 98 with Test RMSE: 1.1327444121846602
Epoch 99 MSE: 0.00030278877238743007
Epoch 99 val RMSE: 1.1217102588630283
Best model saved at epoch 99 with Test RMSE: 1.1217102588630283
Epoch 100 MSE: 0.0002969449560623616
Epoch 100 val RMSE: 1.111540011569098
Best model saved at epoch 100 with Test RMSE: 1.111540011569098
Epoch 101 MSE: 0.0002928762405645102
Epoch 101 val RMSE: 1.1029996222549856
Best model saved at epoch 101 with Test RMSE: 1.1029996222549856
Epoch 102 MSE: 0.00028773085796274245
Epoch 102 val RMSE: 1.094784982638488
Best model saved at epoch 102 with Test RMSE: 1.094784982638488
Epoch 103 MSE: 0.00028312200447544456
Epoch 103 val RMSE: 1.0859361278058721
Best model saved at epoch 103 with Test RMSE: 1.0859361278058721
Epoch 104 MSE: 0.0002781671064440161
Epoch 104 val RMSE: 1.0797531439207022
Best model saved at epoch 104 with Test RMSE: 1.0797531439207022
Epoch 105 MSE: 0.00027340417727828026
Epoch 105 val RMSE: 1.0730903386165367
Best model saved at epoch 105 with Test RMSE: 1.0730903386165367
Epoch 106 MSE: 0.0002693638380151242
Epoch 106 val RMSE: 1.065051101568956
Best model saved at epoch 106 with Test RMSE: 1.065051101568956
Epoch 107 MSE: 0.0002654210838954896
Epoch 107 val RMSE: 1.0582531032539284
Best model saved at epoch 107 with Test RMSE: 1.0582531032539284
Epoch 108 MSE: 0.0002622092724777758
Epoch 108 val RMSE: 1.0514706757175498
Best model saved at epoch 108 with Test RMSE: 1.0514706757175498
Epoch 109 MSE: 0.0002588292700238526
Epoch 109 val RMSE: 1.0419583230204656
Best model saved at epoch 109 with Test RMSE: 1.0419583230204656
Epoch 110 MSE: 0.0002554398379288614
Epoch 110 val RMSE: 1.0311649749846388
Best model saved at epoch 110 with Test RMSE: 1.0311649749846388
Epoch 111 MSE: 0.00025215226924046874
Epoch 111 val RMSE: 1.0215367728629043
Best model saved at epoch 111 with Test RMSE: 1.0215367728629043
Epoch 112 MSE: 0.0002484345168340951
Epoch 112 val RMSE: 1.011805939323395
Best model saved at epoch 112 with Test RMSE: 1.011805939323395
Epoch 113 MSE: 0.00024548268993385136
Epoch 113 val RMSE: 1.0002287364664624
Best model saved at epoch 113 with Test RMSE: 1.0002287364664624
Epoch 114 MSE: 0.00024207950627896935
Epoch 114 val RMSE: 0.9891205190602628
Best model saved at epoch 114 with Test RMSE: 0.9891205190602628
Epoch 115 MSE: 0.00023944473650772125
Epoch 115 val RMSE: 0.9800072605973472
Best model saved at epoch 115 with Test RMSE: 0.9800072605973472
Epoch 116 MSE: 0.00023650120419915766
Epoch 116 val RMSE: 0.9705795424330479
Best model saved at epoch 116 with Test RMSE: 0.9705795424330479
Epoch 117 MSE: 0.0002337028126930818
Epoch 117 val RMSE: 0.9608195783011574
Best model saved at epoch 117 with Test RMSE: 0.9608195783011574
Epoch 118 MSE: 0.00023091700859367847
Epoch 118 val RMSE: 0.9525292207335785
Best model saved at epoch 118 with Test RMSE: 0.9525292207335785
Epoch 119 MSE: 0.00022798274585511535
Epoch 119 val RMSE: 0.9450535064767841
Best model saved at epoch 119 with Test RMSE: 0.9450535064767841
Epoch 120 MSE: 0.0002253315324196592
Epoch 120 val RMSE: 0.9374863623580832
Best model saved at epoch 120 with Test RMSE: 0.9374863623580832
Epoch 121 MSE: 0.000222756018047221
Epoch 121 val RMSE: 0.9295653254909043
Best model saved at epoch 121 with Test RMSE: 0.9295653254909043
Epoch 122 MSE: 0.00022026858641766012
Epoch 122 val RMSE: 0.9218945581980019
Best model saved at epoch 122 with Test RMSE: 0.9218945581980019
Epoch 123 MSE: 0.00021808285964652896
Epoch 123 val RMSE: 0.9145360844658846
Best model saved at epoch 123 with Test RMSE: 0.9145360844658846
Epoch 124 MSE: 0.00021570867102127522
Epoch 124 val RMSE: 0.906808713807911
Best model saved at epoch 124 with Test RMSE: 0.906808713807911
Epoch 125 MSE: 0.00021355734497774392
Epoch 125 val RMSE: 0.8981134576659726
Best model saved at epoch 125 with Test RMSE: 0.8981134576659726
Epoch 126 MSE: 0.00021139341697562486
Epoch 126 val RMSE: 0.8897763274441188
Best model saved at epoch 126 with Test RMSE: 0.8897763274441188
Epoch 127 MSE: 0.00020927793229930103
Epoch 127 val RMSE: 0.8823780915238176
Best model saved at epoch 127 with Test RMSE: 0.8823780915238176
Epoch 128 MSE: 0.00020737886370625347
Epoch 128 val RMSE: 0.8749438335920572
Best model saved at epoch 128 with Test RMSE: 0.8749438335920572
Epoch 129 MSE: 0.00020551044144667685
Epoch 129 val RMSE: 0.8674452802346411
Best model saved at epoch 129 with Test RMSE: 0.8674452802346411
Epoch 130 MSE: 0.0002037282392848283
Epoch 130 val RMSE: 0.8611995748144997
Best model saved at epoch 130 with Test RMSE: 0.8611995748144997
Epoch 131 MSE: 0.00020203355234116316
Epoch 131 val RMSE: 0.8561474272276884
Best model saved at epoch 131 with Test RMSE: 0.8561474272276884
Epoch 132 MSE: 0.0002003280824283138
Epoch 132 val RMSE: 0.8507304895424268
Best model saved at epoch 132 with Test RMSE: 0.8507304895424268
Epoch 133 MSE: 0.00019866299408022314
Epoch 133 val RMSE: 0.8456622459627875
Best model saved at epoch 133 with Test RMSE: 0.8456622459627875
Epoch 134 MSE: 0.00019712149514816701
Epoch 134 val RMSE: 0.8418516066033184
Best model saved at epoch 134 with Test RMSE: 0.8418516066033184
Epoch 135 MSE: 0.00019557613995857537
Epoch 135 val RMSE: 0.8377603638593337
Best model saved at epoch 135 with Test RMSE: 0.8377603638593337
Epoch 136 MSE: 0.0001941403461387381
Epoch 136 val RMSE: 0.8328086194490127
Best model saved at epoch 136 with Test RMSE: 0.8328086194490127
Epoch 137 MSE: 0.00019276361854281276
Epoch 137 val RMSE: 0.8283850423521611
Best model saved at epoch 137 with Test RMSE: 0.8283850423521611
Epoch 138 MSE: 0.0001913840969791636
Epoch 138 val RMSE: 0.8241773839034529
Best model saved at epoch 138 with Test RMSE: 0.8241773839034529
Epoch 139 MSE: 0.00019005985814146698
Epoch 139 val RMSE: 0.8191238510750151
Best model saved at epoch 139 with Test RMSE: 0.8191238510750151
Epoch 140 MSE: 0.00018878732225857675
Epoch 140 val RMSE: 0.8141656089106872
Best model saved at epoch 140 with Test RMSE: 0.8141656089106872
Epoch 141 MSE: 0.0001875494490377605
Epoch 141 val RMSE: 0.8099173065642504
Best model saved at epoch 141 with Test RMSE: 0.8099173065642504
Epoch 142 MSE: 0.00018635913147591054
Epoch 142 val RMSE: 0.8057320860842926
Best model saved at epoch 142 with Test RMSE: 0.8057320860842926
Epoch 143 MSE: 0.00018524630286265165
Epoch 143 val RMSE: 0.8015950231665075
Best model saved at epoch 143 with Test RMSE: 0.8015950231665075
Epoch 144 MSE: 0.00018414932128507644
Epoch 144 val RMSE: 0.798041854446759
Best model saved at epoch 144 with Test RMSE: 0.798041854446759
Epoch 145 MSE: 0.00018307645223103464
Epoch 145 val RMSE: 0.7950797334309716
Best model saved at epoch 145 with Test RMSE: 0.7950797334309716
Epoch 146 MSE: 0.0001820577308535576
Epoch 146 val RMSE: 0.7919812372205578
Best model saved at epoch 146 with Test RMSE: 0.7919812372205578
Epoch 147 MSE: 0.00018106908828485757
Epoch 147 val RMSE: 0.7888669064269352
Best model saved at epoch 147 with Test RMSE: 0.7888669064269352
Epoch 148 MSE: 0.0001801140751922503
Epoch 148 val RMSE: 0.786315745044474
Best model saved at epoch 148 with Test RMSE: 0.786315745044474
Epoch 149 MSE: 0.0001791977119864896
Epoch 149 val RMSE: 0.7834190014061576
Best model saved at epoch 149 with Test RMSE: 0.7834190014061576
Epoch 150 MSE: 0.0001783222978701815
Epoch 150 val RMSE: 0.7800467571280386
Best model saved at epoch 150 with Test RMSE: 0.7800467571280386
Epoch 151 MSE: 0.00017746805679053068
Epoch 151 val RMSE: 0.7771768438684694
Best model saved at epoch 151 with Test RMSE: 0.7771768438684694
Epoch 152 MSE: 0.0001766264031175524
Epoch 152 val RMSE: 0.7740922718690787
Best model saved at epoch 152 with Test RMSE: 0.7740922718690787
Epoch 153 MSE: 0.00017581791325937957
Epoch 153 val RMSE: 0.7706710584478517
Best model saved at epoch 153 with Test RMSE: 0.7706710584478517
Epoch 154 MSE: 0.0001750376250129193
Epoch 154 val RMSE: 0.767824672094798
Best model saved at epoch 154 with Test RMSE: 0.767824672094798
Epoch 155 MSE: 0.0001742770691635087
Epoch 155 val RMSE: 0.7650565158312973
Best model saved at epoch 155 with Test RMSE: 0.7650565158312973
Epoch 156 MSE: 0.00017353470320813358
Epoch 156 val RMSE: 0.7623022729873048
Best model saved at epoch 156 with Test RMSE: 0.7623022729873048
Epoch 157 MSE: 0.0001728097122395411
Epoch 157 val RMSE: 0.7599449828587583
Best model saved at epoch 157 with Test RMSE: 0.7599449828587583
Epoch 158 MSE: 0.00017210502119269222
Epoch 158 val RMSE: 0.7578130899014094
Best model saved at epoch 158 with Test RMSE: 0.7578130899014094
Epoch 159 MSE: 0.00017141348507720977
Epoch 159 val RMSE: 0.7557220334207796
Best model saved at epoch 159 with Test RMSE: 0.7557220334207796
Epoch 160 MSE: 0.0001707331684883684
Epoch 160 val RMSE: 0.7536177008878518
Best model saved at epoch 160 with Test RMSE: 0.7536177008878518
Epoch 161 MSE: 0.00017007040150929242
Epoch 161 val RMSE: 0.7517757454267169
Best model saved at epoch 161 with Test RMSE: 0.7517757454267169
Epoch 162 MSE: 0.00016942348156590015
Epoch 162 val RMSE: 0.7497609075278807
Best model saved at epoch 162 with Test RMSE: 0.7497609075278807
Epoch 163 MSE: 0.00016878890164662153
Epoch 163 val RMSE: 0.7475543280541466
Best model saved at epoch 163 with Test RMSE: 0.7475543280541466
Epoch 164 MSE: 0.00016816348943393677
Epoch 164 val RMSE: 0.7457006327535987
Best model saved at epoch 164 with Test RMSE: 0.7457006327535987
Epoch 165 MSE: 0.00016754544049035758
Epoch 165 val RMSE: 0.7436115456584081
Best model saved at epoch 165 with Test RMSE: 0.7436115456584081
Epoch 166 MSE: 0.0001669378107180819
Epoch 166 val RMSE: 0.7415524225076713
Best model saved at epoch 166 with Test RMSE: 0.7415524225076713
Epoch 167 MSE: 0.0001663423317950219
Epoch 167 val RMSE: 0.739874719698647
Best model saved at epoch 167 with Test RMSE: 0.739874719698647
Epoch 168 MSE: 0.00016575546760577708
Epoch 168 val RMSE: 0.7380979603103386
Best model saved at epoch 168 with Test RMSE: 0.7380979603103386
Epoch 169 MSE: 0.00016517494805157185
Epoch 169 val RMSE: 0.7365261388388749
Best model saved at epoch 169 with Test RMSE: 0.7365261388388749
Epoch 170 MSE: 0.00016460003098472953
Epoch 170 val RMSE: 0.7351655560187224
Best model saved at epoch 170 with Test RMSE: 0.7351655560187224
Epoch 171 MSE: 0.000164030134328641
Epoch 171 val RMSE: 0.7338465960734597
Best model saved at epoch 171 with Test RMSE: 0.7338465960734597
Epoch 172 MSE: 0.00016346716438420117
Epoch 172 val RMSE: 0.7325318520947356
Best model saved at epoch 172 with Test RMSE: 0.7325318520947356
Epoch 173 MSE: 0.00016291081556119025
Epoch 173 val RMSE: 0.731336557531016
Best model saved at epoch 173 with Test RMSE: 0.731336557531016
Epoch 174 MSE: 0.00016235957446042448
Epoch 174 val RMSE: 0.730133428463896
Best model saved at epoch 174 with Test RMSE: 0.730133428463896
Epoch 175 MSE: 0.00016181246610358357
Epoch 175 val RMSE: 0.7287649183234924
Best model saved at epoch 175 with Test RMSE: 0.7287649183234924
Epoch 176 MSE: 0.00016126902482938021
Epoch 176 val RMSE: 0.7276158644314545
Best model saved at epoch 176 with Test RMSE: 0.7276158644314545
Epoch 177 MSE: 0.00016072930884547532
Epoch 177 val RMSE: 0.7263269760518292
Best model saved at epoch 177 with Test RMSE: 0.7263269760518292
Epoch 178 MSE: 0.000160193580086343
Epoch 178 val RMSE: 0.7250664598323788
Best model saved at epoch 178 with Test RMSE: 0.7250664598323788
Epoch 179 MSE: 0.00015966247883625329
Epoch 179 val RMSE: 0.7240076162638419
Best model saved at epoch 179 with Test RMSE: 0.7240076162638419
Epoch 180 MSE: 0.00015913535025902092
Epoch 180 val RMSE: 0.7228571019840391
Best model saved at epoch 180 with Test RMSE: 0.7228571019840391
Epoch 181 MSE: 0.0001586115686222911
Epoch 181 val RMSE: 0.7218705726256572
Best model saved at epoch 181 with Test RMSE: 0.7218705726256572
Epoch 182 MSE: 0.00015809072647243738
Epoch 182 val RMSE: 0.7209427597985042
Best model saved at epoch 182 with Test RMSE: 0.7209427597985042
Epoch 183 MSE: 0.00015757299843244255
Epoch 183 val RMSE: 0.7200347364841327
Best model saved at epoch 183 with Test RMSE: 0.7200347364841327
Epoch 184 MSE: 0.00015705825353506953
Epoch 184 val RMSE: 0.7191346839108205
Best model saved at epoch 184 with Test RMSE: 0.7191346839108205
Epoch 185 MSE: 0.00015654676826670766
Epoch 185 val RMSE: 0.7183031268602343
Best model saved at epoch 185 with Test RMSE: 0.7183031268602343
Epoch 186 MSE: 0.00015603876090608537
Epoch 186 val RMSE: 0.7173739404958003
Best model saved at epoch 186 with Test RMSE: 0.7173739404958003
Epoch 187 MSE: 0.00015553346020169556
Epoch 187 val RMSE: 0.7164642227328643
Best model saved at epoch 187 with Test RMSE: 0.7164642227328643
Epoch 188 MSE: 0.00015503114263992757
Epoch 188 val RMSE: 0.7155840433052865
Best model saved at epoch 188 with Test RMSE: 0.7155840433052865
Epoch 189 MSE: 0.00015453154628630728
Epoch 189 val RMSE: 0.7145859717347249
Best model saved at epoch 189 with Test RMSE: 0.7145859717347249
Epoch 190 MSE: 0.00015403481665998697
Epoch 190 val RMSE: 0.7137334988051138
Best model saved at epoch 190 with Test RMSE: 0.7137334988051138
Epoch 191 MSE: 0.00015354070637840778
Epoch 191 val RMSE: 0.7128050452297847
Best model saved at epoch 191 with Test RMSE: 0.7128050452297847
Epoch 192 MSE: 0.00015304912813007832
Epoch 192 val RMSE: 0.7119486398763877
Best model saved at epoch 192 with Test RMSE: 0.7119486398763877
Epoch 193 MSE: 0.0001525602419860661
Epoch 193 val RMSE: 0.7111199532603183
Best model saved at epoch 193 with Test RMSE: 0.7111199532603183
Epoch 194 MSE: 0.00015207381511572748
Epoch 194 val RMSE: 0.7103115302304563
Best model saved at epoch 194 with Test RMSE: 0.7103115302304563
Epoch 195 MSE: 0.00015159006579779088
Epoch 195 val RMSE: 0.7094973975302541
Best model saved at epoch 195 with Test RMSE: 0.7094973975302541
Epoch 196 MSE: 0.00015110897948034108
Epoch 196 val RMSE: 0.7087393092807431
Best model saved at epoch 196 with Test RMSE: 0.7087393092807431
Epoch 197 MSE: 0.00015063013415783644
Epoch 197 val RMSE: 0.707906234294622
Best model saved at epoch 197 with Test RMSE: 0.707906234294622
Epoch 198 MSE: 0.00015015403914730996
Epoch 198 val RMSE: 0.7071129767461364
Best model saved at epoch 198 with Test RMSE: 0.7071129767461364
Epoch 199 MSE: 0.00014968030154705048
Epoch 199 val RMSE: 0.7062914017551593
Best model saved at epoch 199 with Test RMSE: 0.7062914017551593
Epoch 200 MSE: 0.0001492088777013123
Epoch 200 val RMSE: 0.705434439702416
Best model saved at epoch 200 with Test RMSE: 0.705434439702416
Epoch 201 MSE: 0.00014874014595989138
Epoch 201 val RMSE: 0.7046327531613713
Best model saved at epoch 201 with Test RMSE: 0.7046327531613713
Epoch 202 MSE: 0.0001482734369346872
Epoch 202 val RMSE: 0.7037689650912335
Best model saved at epoch 202 with Test RMSE: 0.7037689650912335
Epoch 203 MSE: 0.00014780942001380026
Epoch 203 val RMSE: 0.7029772921227827
Best model saved at epoch 203 with Test RMSE: 0.7029772921227827
Epoch 204 MSE: 0.0001473475422244519
Epoch 204 val RMSE: 0.7021594517550914
Best model saved at epoch 204 with Test RMSE: 0.7021594517550914
Epoch 205 MSE: 0.0001468878472223878
Epoch 205 val RMSE: 0.701376181247106
Best model saved at epoch 205 with Test RMSE: 0.701376181247106
Epoch 206 MSE: 0.00014643027679994702
Epoch 206 val RMSE: 0.7005803793140852
Best model saved at epoch 206 with Test RMSE: 0.7005803793140852
Epoch 207 MSE: 0.00014597525296267122
Epoch 207 val RMSE: 0.6998274088010172
Best model saved at epoch 207 with Test RMSE: 0.6998274088010172
Epoch 208 MSE: 0.0001455222663935274
Epoch 208 val RMSE: 0.6989999567326545
Best model saved at epoch 208 with Test RMSE: 0.6989999567326545
Epoch 209 MSE: 0.00014507153537124395
Epoch 209 val RMSE: 0.6982692046373863
Best model saved at epoch 209 with Test RMSE: 0.6982692046373863
Epoch 210 MSE: 0.00014462292892858386
Epoch 210 val RMSE: 0.6973814881387566
Best model saved at epoch 210 with Test RMSE: 0.6973814881387566
Epoch 211 MSE: 0.00014417688362300396
Epoch 211 val RMSE: 0.6966672835811214
Best model saved at epoch 211 with Test RMSE: 0.6966672835811214
Epoch 212 MSE: 0.00014373321027960628
Epoch 212 val RMSE: 0.6957204457803681
Best model saved at epoch 212 with Test RMSE: 0.6957204457803681
Epoch 213 MSE: 0.0001432925637345761
Epoch 213 val RMSE: 0.6950455914095697
Best model saved at epoch 213 with Test RMSE: 0.6950455914095697
Epoch 214 MSE: 0.000142855744343251
Epoch 214 val RMSE: 0.6940225572699104
Best model saved at epoch 214 with Test RMSE: 0.6940225572699104
Epoch 215 MSE: 0.00014242433826439083
Epoch 215 val RMSE: 0.6934545961999895
Best model saved at epoch 215 with Test RMSE: 0.6934545961999895
Epoch 216 MSE: 0.00014200154691934586
Epoch 216 val RMSE: 0.6922846241616792
Best model saved at epoch 216 with Test RMSE: 0.6922846241616792
Epoch 217 MSE: 0.00014159450074657798
Epoch 217 val RMSE: 0.6919491032284005
Best model saved at epoch 217 with Test RMSE: 0.6919491032284005
Epoch 218 MSE: 0.00014121661661192775
Epoch 218 val RMSE: 0.6904436512011191
Best model saved at epoch 218 with Test RMSE: 0.6904436512011191
Epoch 219 MSE: 0.0001408993557561189
Epoch 219 val RMSE: 0.690600254081549
Epoch 220 MSE: 0.00014070485485717654
Epoch 220 val RMSE: 0.6883635732583129
Best model saved at epoch 220 with Test RMSE: 0.6883635732583129
Epoch 221 MSE: 0.00014078863023314625
Epoch 221 val RMSE: 0.6896182286709854
Epoch 222 MSE: 0.00014144019223749638
Epoch 222 val RMSE: 0.6858225863052326
Best model saved at epoch 222 with Test RMSE: 0.6858225863052326
Epoch 223 MSE: 0.00014349125558510423
Epoch 223 val RMSE: 0.6896243220552919
Epoch 224 MSE: 0.00014820876822341233
Epoch 224 val RMSE: 0.6826529650391944
Best model saved at epoch 224 with Test RMSE: 0.6826529650391944
Epoch 225 MSE: 0.00016002924530766904
Epoch 225 val RMSE: 0.6923532197167332
Epoch 226 MSE: 0.00018149730749428272
Epoch 226 val RMSE: 0.6808940438719753
Best model saved at epoch 226 with Test RMSE: 0.6808940438719753
Epoch 227 MSE: 0.0002297378669027239
Epoch 227 val RMSE: 0.7011816295062154
Epoch 228 MSE: 0.0002724803052842617
Epoch 228 val RMSE: 0.6980447343260864
Epoch 229 MSE: 0.0003336984955240041
Epoch 229 val RMSE: 0.7192247315662974
Epoch 230 MSE: 0.00027965291519649327
Epoch 230 val RMSE: 0.7750585887666593
Epoch 231 MSE: 0.00023549393517896533
Epoch 231 val RMSE: 0.7497486249549216
Epoch 232 MSE: 0.00022990595607552677
Epoch 232 val RMSE: 0.8275969279128517
Epoch 233 MSE: 0.00027176225557923317
Epoch 233 val RMSE: 0.7276940916647968
Epoch 234 MSE: 0.00025454777642153203
Epoch 234 val RMSE: 0.7273706433234072
Epoch 235 MSE: 0.0001685349125182256
Epoch 235 val RMSE: 0.6800046597349167
Best model saved at epoch 235 with Test RMSE: 0.6800046597349167
Epoch 236 MSE: 0.00014606179320253432
Epoch 236 val RMSE: 0.6699111982112028
Best model saved at epoch 236 with Test RMSE: 0.6699111982112028
Epoch 237 MSE: 0.00018372281920164824
Epoch 237 val RMSE: 0.73235599475844
Epoch 238 MSE: 0.00017662812024354935
Epoch 238 val RMSE: 0.6892097627187422
Epoch 239 MSE: 0.00016281401622109115
Epoch 239 val RMSE: 0.6993179464036922
Epoch 240 MSE: 0.0001771519600879401
Epoch 240 val RMSE: 0.6832918863016045
Epoch 241 MSE: 0.00015794206410646439
Epoch 241 val RMSE: 0.6769181098841203
Epoch 242 MSE: 0.000134436966618523
Epoch 242 val RMSE: 0.6884840295264953
Epoch 243 MSE: 0.0001522936363471672
Epoch 243 val RMSE: 0.6841623176114328
Epoch 244 MSE: 0.00016194613999687135
Epoch 244 val RMSE: 0.6984994481070215
Epoch 245 MSE: 0.00014584515884052962
Epoch 245 val RMSE: 0.6731956499049282
Epoch 246 MSE: 0.00014090775221120566
Epoch 246 val RMSE: 0.6830275888609721
Epoch 247 MSE: 0.00014261950855143368
Epoch 247 val RMSE: 0.6830619923606045
Epoch 248 MSE: 0.00013785900955554098
Epoch 248 val RMSE: 0.6788848654097442
Epoch 249 MSE: 0.00014284982171375304
Epoch 249 val RMSE: 0.7004059244709214
Epoch 250 MSE: 0.0001461944921175018
Epoch 250 val RMSE: 0.6748034067321194
Epoch 251 MSE: 0.00013484944065567106
Epoch 251 val RMSE: 0.6755044182690089
Epoch 252 MSE: 0.00013138871872797608
Epoch 252 val RMSE: 0.6904918205652416
Epoch 253 MSE: 0.00013757988926954567
Epoch 253 val RMSE: 0.676548825097144
Epoch 254 MSE: 0.0001367787626804784
Epoch 254 val RMSE: 0.6871465728215748
Epoch 255 MSE: 0.00013515492901206017
Epoch 255 val RMSE: 0.6782953101201141
Epoch 256 MSE: 0.00013538607163354754
Epoch 256 val RMSE: 0.6739572815884417
Epoch 257 MSE: 0.0001306536141782999
Epoch 257 val RMSE: 0.6749790700563912
Epoch 258 MSE: 0.00012850106577388942
Epoch 258 val RMSE: 0.6741792068289649
Epoch 259 MSE: 0.00013256468810141087
Epoch 259 val RMSE: 0.6751840190478151
Epoch 260 MSE: 0.00013281736755743623
Epoch 260 val RMSE: 0.6695149467557592
Best model saved at epoch 260 with Test RMSE: 0.6695149467557592
Epoch 261 MSE: 0.00012998255260754377
Epoch 261 val RMSE: 0.675806717585672
Epoch 262 MSE: 0.00012991939729545265
Epoch 262 val RMSE: 0.6638946994379132
Best model saved at epoch 262 with Test RMSE: 0.6638946994379132
Epoch 263 MSE: 0.00012841424904763699
Epoch 263 val RMSE: 0.6656801827708795
Epoch 264 MSE: 0.00012591479753609747
Epoch 264 val RMSE: 0.6693102432898288
Epoch 265 MSE: 0.00012715264165308326
Epoch 265 val RMSE: 0.6599277349125844
Best model saved at epoch 265 with Test RMSE: 0.6599277349125844
Epoch 266 MSE: 0.00012850399070885032
Epoch 266 val RMSE: 0.6685569359721767
Epoch 267 MSE: 0.0001272329973289743
Epoch 267 val RMSE: 0.6593129341239053
Best model saved at epoch 267 with Test RMSE: 0.6593129341239053
Epoch 268 MSE: 0.00012671701551880687
Epoch 268 val RMSE: 0.6593899087892728
Epoch 269 MSE: 0.00012659275671467185
Epoch 269 val RMSE: 0.655939096646049
Best model saved at epoch 269 with Test RMSE: 0.655939096646049
Epoch 270 MSE: 0.00012468788190744817
Epoch 270 val RMSE: 0.6552910837904322
Best model saved at epoch 270 with Test RMSE: 0.6552910837904322
Epoch 271 MSE: 0.00012344001152087003
Epoch 271 val RMSE: 0.6509444939891857
Best model saved at epoch 271 with Test RMSE: 0.6509444939891857
Epoch 272 MSE: 0.00012377546227071434
Epoch 272 val RMSE: 0.651286358944101
Epoch 273 MSE: 0.00012350598990451545
Epoch 273 val RMSE: 0.6514323143377967
Epoch 274 MSE: 0.00012290071754250675
Epoch 274 val RMSE: 0.6458997589734554
Best model saved at epoch 274 with Test RMSE: 0.6458997589734554
Epoch 275 MSE: 0.00012330144818406552
Epoch 275 val RMSE: 0.6528654696247145
Epoch 276 MSE: 0.00012368129682727158
Epoch 276 val RMSE: 0.6436985069346479
Best model saved at epoch 276 with Test RMSE: 0.6436985069346479
Epoch 277 MSE: 0.00012326630530878901
Epoch 277 val RMSE: 0.650006475783148
Epoch 278 MSE: 0.0001231690403074026
Epoch 278 val RMSE: 0.6429655999700945
Best model saved at epoch 278 with Test RMSE: 0.6429655999700945
Epoch 279 MSE: 0.00012359058018773794
Epoch 279 val RMSE: 0.6486968475500419
Epoch 280 MSE: 0.00012381917622406036
Epoch 280 val RMSE: 0.6404779544568161
Best model saved at epoch 280 with Test RMSE: 0.6404779544568161
Epoch 281 MSE: 0.00012403796426951885
Epoch 281 val RMSE: 0.6524927802800903
Epoch 282 MSE: 0.00012541805335786194
Epoch 282 val RMSE: 0.640038687199799
Best model saved at epoch 282 with Test RMSE: 0.640038687199799
Epoch 283 MSE: 0.00012791987683158368
Epoch 283 val RMSE: 0.6617245526380258
Epoch 284 MSE: 0.00013236665108706802
Epoch 284 val RMSE: 0.6495610809266625
Epoch 285 MSE: 0.00014027132419869304
Epoch 285 val RMSE: 0.6916918622640513
Epoch 286 MSE: 0.00015710193838458508
Epoch 286 val RMSE: 0.6894292205902683
Epoch 287 MSE: 0.00018496862321626395
Epoch 287 val RMSE: 0.7901260837305497
Epoch 288 MSE: 0.00024392287014052272
Epoch 288 val RMSE: 0.8122628672887687
Epoch 289 MSE: 0.0003235367767047137
Epoch 289 val RMSE: 0.9993593726925373
Epoch 290 MSE: 0.00047065128455869853
Epoch 290 val RMSE: 0.9636806628348807
Epoch 291 MSE: 0.0005198449944145977
Epoch 291 val RMSE: 1.0328146883988965
Epoch 292 MSE: 0.0005068440223112702
Epoch 292 val RMSE: 0.7212792964783404
Epoch 293 MSE: 0.0002448630111757666
Epoch 293 val RMSE: 0.6111621326643838
Best model saved at epoch 293 with Test RMSE: 0.6111621326643838
Epoch 294 MSE: 0.00012094863632228225
Epoch 294 val RMSE: 0.7961161497070075
Epoch 295 MSE: 0.00023488332226406783
Epoch 295 val RMSE: 0.7064437532921866
Epoch 296 MSE: 0.0002597605634946376
Epoch 296 val RMSE: 0.6856363569586547
Epoch 297 MSE: 0.00014382708468474448
Epoch 297 val RMSE: 0.7053314768241554
Epoch 298 MSE: 0.00015016058750916272
Epoch 298 val RMSE: 0.6527618621572351
Epoch 299 MSE: 0.00021353518241085112
Epoch 299 val RMSE: 0.7082163115681906
Epoch 300 MSE: 0.00014785188250243664
Epoch 300 val RMSE: 0.6864974558269814
Epoch 301 MSE: 0.00013781689631287009
Epoch 301 val RMSE: 0.6349761144396011
Epoch 302 MSE: 0.0001855001028161496
Epoch 302 val RMSE: 0.6767626785609804
Epoch 303 MSE: 0.00013591229799203575
Epoch 303 val RMSE: 0.676734384458751
Epoch 304 MSE: 0.00013820921594742686
Epoch 304 val RMSE: 0.6285491308524137
Epoch 305 MSE: 0.00016516534378752112
Epoch 305 val RMSE: 0.6402304760370239
Epoch 306 MSE: 0.00012472788512241095
Epoch 306 val RMSE: 0.6739820663856559
Epoch 307 MSE: 0.00014041901158634573
Epoch 307 val RMSE: 0.622252552879372
Epoch 308 MSE: 0.00014694887795485556
Epoch 308 val RMSE: 0.6252201169547633
Epoch 309 MSE: 0.0001201355698867701
Epoch 309 val RMSE: 0.6777407950940963
Epoch 310 MSE: 0.00013937134644947946
Epoch 310 val RMSE: 0.6194849350539192
Epoch 311 MSE: 0.00013172112812753767
Epoch 311 val RMSE: 0.6233096629848653
Epoch 312 MSE: 0.00012069535296177492
Epoch 312 val RMSE: 0.6762584699146149
Epoch 313 MSE: 0.0001353135157842189
Epoch 313 val RMSE: 0.6215997470150069
Epoch 314 MSE: 0.00012201746721984819
Epoch 314 val RMSE: 0.6226274280267169
Epoch 315 MSE: 0.00012211353168822825
Epoch 315 val RMSE: 0.663367749472314
Epoch 316 MSE: 0.00012967445945832878
Epoch 316 val RMSE: 0.622931299282263
Epoch 317 MSE: 0.00011717876623151824
Epoch 317 val RMSE: 0.6208075817792412
Epoch 318 MSE: 0.00012218199844937772
Epoch 318 val RMSE: 0.6478941605840719
Epoch 319 MSE: 0.0001240629644598812
Epoch 319 val RMSE: 0.6232019787438677
Epoch 320 MSE: 0.00011537489626789466
Epoch 320 val RMSE: 0.6188453186674847
Epoch 321 MSE: 0.00012107135989936069
Epoch 321 val RMSE: 0.6382434352846449
Epoch 322 MSE: 0.00011938289389945567
Epoch 322 val RMSE: 0.6240858545264728
Epoch 323 MSE: 0.00011431645543780178
Epoch 323 val RMSE: 0.6169829693643304
Epoch 324 MSE: 0.00011924414138775319
Epoch 324 val RMSE: 0.6325603736364536
Epoch 325 MSE: 0.00011621864541666582
Epoch 325 val RMSE: 0.6232362895747475
Epoch 326 MSE: 0.00011326809908496216
Epoch 326 val RMSE: 0.6145993543142322
Epoch 327 MSE: 0.00011715753498720005
Epoch 327 val RMSE: 0.6261187316084211
Epoch 328 MSE: 0.00011431274469941854
Epoch 328 val RMSE: 0.6185736000149722
Epoch 329 MSE: 0.0001122671746998094
Epoch 329 val RMSE: 0.6113306600012337
Epoch 330 MSE: 0.0001150634852820076
Epoch 330 val RMSE: 0.619137375880239
Epoch 331 MSE: 0.00011295779404463246
Epoch 331 val RMSE: 0.6128637265392582
Epoch 332 MSE: 0.00011141542927362025
Epoch 332 val RMSE: 0.6082743461524786
Best model saved at epoch 332 with Test RMSE: 0.6082743461524786
Epoch 333 MSE: 0.00011335393355693668
Epoch 333 val RMSE: 0.6143641296465073
Epoch 334 MSE: 0.00011185669427504763
Epoch 334 val RMSE: 0.6090842066694331
Epoch 335 MSE: 0.00011049811291741207
Epoch 335 val RMSE: 0.6060160470606731
Best model saved at epoch 335 with Test RMSE: 0.6060160470606731
Epoch 336 MSE: 0.0001119225998991169
Epoch 336 val RMSE: 0.6118317744462866
Epoch 337 MSE: 0.0001110079901991412
Epoch 337 val RMSE: 0.6065663633071214
Epoch 338 MSE: 0.00010959936480503529
Epoch 338 val RMSE: 0.6037734878899557
Best model saved at epoch 338 with Test RMSE: 0.6037734878899557
Epoch 339 MSE: 0.00011055385402869433
Epoch 339 val RMSE: 0.6092449929865547
Epoch 340 MSE: 0.00011026710853911936
Epoch 340 val RMSE: 0.6034013707918244
Best model saved at epoch 340 with Test RMSE: 0.6034013707918244
Epoch 341 MSE: 0.0001089157594833523
Epoch 341 val RMSE: 0.6008180495402378
Best model saved at epoch 341 with Test RMSE: 0.6008180495402378
Epoch 342 MSE: 0.00010929637937806547
Epoch 342 val RMSE: 0.6056506468201387
Epoch 343 MSE: 0.00010942328663077205
Epoch 343 val RMSE: 0.5995870082796505
Best model saved at epoch 343 with Test RMSE: 0.5995870082796505
Epoch 344 MSE: 0.0001083377719623968
Epoch 344 val RMSE: 0.5979422838480829
Best model saved at epoch 344 with Test RMSE: 0.5979422838480829
Epoch 345 MSE: 0.00010824098717421293
Epoch 345 val RMSE: 0.6020692449679161
Epoch 346 MSE: 0.0001085564581444487
Epoch 346 val RMSE: 0.5962168245262967
Best model saved at epoch 346 with Test RMSE: 0.5962168245262967
Epoch 347 MSE: 0.00010783458856167272
Epoch 347 val RMSE: 0.5961484651464688
Best model saved at epoch 347 with Test RMSE: 0.5961484651464688
Epoch 348 MSE: 0.00010734918032540008
Epoch 348 val RMSE: 0.598710072247287
Epoch 349 MSE: 0.00010760530858533457
Epoch 349 val RMSE: 0.5935216765844037
Best model saved at epoch 349 with Test RMSE: 0.5935216765844037
Epoch 350 MSE: 0.00010733630188042298
Epoch 350 val RMSE: 0.59482767783302
Epoch 351 MSE: 0.000106729545223061
Epoch 351 val RMSE: 0.5947449278853723
Epoch 352 MSE: 0.00010669288894860074
Epoch 352 val RMSE: 0.5909131946537931
Best model saved at epoch 352 with Test RMSE: 0.5909131946537931
Epoch 353 MSE: 0.00010669332550605759
Epoch 353 val RMSE: 0.5926130099705966
Epoch 354 MSE: 0.00010623626440064982
Epoch 354 val RMSE: 0.5903728461532186
Best model saved at epoch 354 with Test RMSE: 0.5903728461532186
Epoch 355 MSE: 0.00010593857587082312
Epoch 355 val RMSE: 0.5880034328980046
Best model saved at epoch 355 with Test RMSE: 0.5880034328980046
Epoch 356 MSE: 0.00010597034997772425
Epoch 356 val RMSE: 0.5896069891489498
Epoch 357 MSE: 0.00010576958447927609
Epoch 357 val RMSE: 0.5865702201079142
Best model saved at epoch 357 with Test RMSE: 0.5865702201079142
Epoch 358 MSE: 0.00010537271009525284
Epoch 358 val RMSE: 0.5852575298510956
Best model saved at epoch 358 with Test RMSE: 0.5852575298510956
Epoch 359 MSE: 0.00010522676166146994
Epoch 359 val RMSE: 0.586827251088436
Epoch 360 MSE: 0.00010518525232328102
Epoch 360 val RMSE: 0.5833608558383618
Best model saved at epoch 360 with Test RMSE: 0.5833608558383618
Epoch 361 MSE: 0.00010492806904949248
Epoch 361 val RMSE: 0.5834616423455854
Epoch 362 MSE: 0.00010464250954100862
Epoch 362 val RMSE: 0.5839131544693582
Epoch 363 MSE: 0.0001045424651238136
Epoch 363 val RMSE: 0.5805312932900463
Best model saved at epoch 363 with Test RMSE: 0.5805312932900463
Epoch 364 MSE: 0.00010444128565723076
Epoch 364 val RMSE: 0.5821713784525248
Epoch 365 MSE: 0.00010419535828987136
Epoch 365 val RMSE: 0.5801808686892962
Best model saved at epoch 365 with Test RMSE: 0.5801808686892962
Epoch 366 MSE: 0.00010397085134172812
Epoch 366 val RMSE: 0.5784692512589581
Best model saved at epoch 366 with Test RMSE: 0.5784692512589581
Epoch 367 MSE: 0.00010386667418060824
Epoch 367 val RMSE: 0.5798734824129291
Epoch 368 MSE: 0.000103745587693993
Epoch 368 val RMSE: 0.5768453767306034
Best model saved at epoch 368 with Test RMSE: 0.5768453767306034
Epoch 369 MSE: 0.00010353529069107026
Epoch 369 val RMSE: 0.5769577615044109
Epoch 370 MSE: 0.0001033464286592789
Epoch 370 val RMSE: 0.5768705625353054
Epoch 371 MSE: 0.00010323407332180068
Epoch 371 val RMSE: 0.5746694080933872
Best model saved at epoch 371 with Test RMSE: 0.5746694080933872
Epoch 372 MSE: 0.00010311197547707707
Epoch 372 val RMSE: 0.5755002779044401
Epoch 373 MSE: 0.00010293108789483085
Epoch 373 val RMSE: 0.574318624102016
Best model saved at epoch 373 with Test RMSE: 0.574318624102016
Epoch 374 MSE: 0.00010275550448568538
Epoch 374 val RMSE: 0.5729837176071665
Best model saved at epoch 374 with Test RMSE: 0.5729837176071665
Epoch 375 MSE: 0.00010263155854772776
Epoch 375 val RMSE: 0.5741173012315071
Epoch 376 MSE: 0.0001025154342642054
Epoch 376 val RMSE: 0.5716429567934644
Best model saved at epoch 376 with Test RMSE: 0.5716429567934644
Epoch 377 MSE: 0.00010236314847134054
Epoch 377 val RMSE: 0.57215940251264
Epoch 378 MSE: 0.0001022003052639775
Epoch 378 val RMSE: 0.571422515671011
Best model saved at epoch 378 with Test RMSE: 0.571422515671011
Epoch 379 MSE: 0.00010206714068772271
Epoch 379 val RMSE: 0.5699442628328929
Best model saved at epoch 379 with Test RMSE: 0.5699442628328929
Epoch 380 MSE: 0.00010195374488830566
Epoch 380 val RMSE: 0.57064224534648
Epoch 381 MSE: 0.00010182581900153309
Epoch 381 val RMSE: 0.5689049687799382
Best model saved at epoch 381 with Test RMSE: 0.5689049687799382
Epoch 382 MSE: 0.00010168056178372353
Epoch 382 val RMSE: 0.5687337474806435
Best model saved at epoch 382 with Test RMSE: 0.5687337474806435
Epoch 383 MSE: 0.00010154297342523932
Epoch 383 val RMSE: 0.5686029914928885
Best model saved at epoch 383 with Test RMSE: 0.5686029914928885
Epoch 384 MSE: 0.00010142474638996646
Epoch 384 val RMSE: 0.5670380324470256
Best model saved at epoch 384 with Test RMSE: 0.5670380324470256
Epoch 385 MSE: 0.00010131143062608317
Epoch 385 val RMSE: 0.5677443385007804
Epoch 386 MSE: 0.00010118731734110042
Epoch 386 val RMSE: 0.5662333783705932
Best model saved at epoch 386 with Test RMSE: 0.5662333783705932
Epoch 387 MSE: 0.0001010560808936134
Epoch 387 val RMSE: 0.56609830706555
Best model saved at epoch 387 with Test RMSE: 0.56609830706555
Epoch 388 MSE: 0.00010093192395288497
Epoch 388 val RMSE: 0.565787088763838
Best model saved at epoch 388 with Test RMSE: 0.565787088763838
Epoch 389 MSE: 0.00010081939399242401
Epoch 389 val RMSE: 0.5645882995734264
Best model saved at epoch 389 with Test RMSE: 0.5645882995734264
Epoch 390 MSE: 0.00010070987627841532
Epoch 390 val RMSE: 0.5648050234275392
Epoch 391 MSE: 0.00010059522901428863
Epoch 391 val RMSE: 0.5637224213056454
Best model saved at epoch 391 with Test RMSE: 0.5637224213056454
Epoch 392 MSE: 0.00010047713294625282
Epoch 392 val RMSE: 0.5631827872852461
Best model saved at epoch 392 with Test RMSE: 0.5631827872852461
Epoch 393 MSE: 0.00010036353342002258
Epoch 393 val RMSE: 0.5633175260208928
Epoch 394 MSE: 0.00010026030213339254
Epoch 394 val RMSE: 0.5614901590852169
Best model saved at epoch 394 with Test RMSE: 0.5614901590852169
Epoch 395 MSE: 0.00010016921442002058
Epoch 395 val RMSE: 0.5629846551253969
Epoch 396 MSE: 0.00010009543620981276
Epoch 396 val RMSE: 0.5599128513559143
Best model saved at epoch 396 with Test RMSE: 0.5599128513559143
Epoch 397 MSE: 0.0001000617558020167
Epoch 397 val RMSE: 0.5628859202752863
Epoch 398 MSE: 0.00010012874554377049
Epoch 398 val RMSE: 0.5577957214909458
Best model saved at epoch 398 with Test RMSE: 0.5577957214909458
Epoch 399 MSE: 0.00010045280941994861
Epoch 399 val RMSE: 0.5643024177389963
Epoch 400 MSE: 0.00010139281948795542
Epoch 400 val RMSE: 0.5535059958342539
Best model saved at epoch 400 with Test RMSE: 0.5535059958342539
Epoch 401 MSE: 0.00010399558232165873
Epoch 401 val RMSE: 0.570978872745097
Epoch 402 MSE: 0.00011051676847273484
Epoch 402 val RMSE: 0.5449166793302092
Best model saved at epoch 402 with Test RMSE: 0.5449166793302092
Epoch 403 MSE: 0.00012878444977104664
Epoch 403 val RMSE: 0.5963103404592239
Epoch 404 MSE: 0.00017091791960410774
Epoch 404 val RMSE: 0.5393733358523267
Best model saved at epoch 404 with Test RMSE: 0.5393733358523267
Epoch 405 MSE: 0.00029368168907240033
Epoch 405 val RMSE: 0.6880496168986151
Epoch 406 MSE: 0.0004765807534568012
Epoch 406 val RMSE: 0.5985072690367753
Epoch 407 MSE: 0.0009101806208491325
Epoch 407 val RMSE: 0.8447593726693463
Epoch 408 MSE: 0.0006630414864048362
Epoch 408 val RMSE: 0.6181299522594949
Epoch 409 MSE: 0.00033311679726466537
Epoch 409 val RMSE: 0.7001024128723957
Epoch 410 MSE: 0.00020599404524546117
Epoch 410 val RMSE: 0.6026630490438507
Epoch 411 MSE: 0.0003957105509471148
Epoch 411 val RMSE: 0.5467239171187617
Epoch 412 MSE: 0.0002590659132692963
Epoch 412 val RMSE: 0.5647742601970093
Epoch 413 MSE: 0.0001391325640724972
Epoch 413 val RMSE: 0.5933737817739321
Epoch 414 MSE: 0.00034680002136155963
Epoch 414 val RMSE: 0.6204652305163143
Epoch 415 MSE: 0.00019237230299040675
Epoch 415 val RMSE: 0.5791025917597303
Epoch 416 MSE: 0.00022364752658177167
Epoch 416 val RMSE: 0.6202826331801269
Epoch 417 MSE: 0.0001950251025846228
Epoch 417 val RMSE: 0.6269145014859567
Epoch 418 MSE: 0.00013530404248740524
Epoch 418 val RMSE: 0.595292597160147
Epoch 419 MSE: 0.00023072600015439093
Epoch 419 val RMSE: 0.6234112573898983
Epoch 420 MSE: 0.0001311098167207092
Epoch 420 val RMSE: 0.6066798249676147
Epoch 421 MSE: 0.00019251271442044526
Epoch 421 val RMSE: 0.5684802526552002
Epoch 422 MSE: 0.00011896181240445003
Epoch 422 val RMSE: 0.5771590230264709
Epoch 423 MSE: 0.0001714840327622369
Epoch 423 val RMSE: 0.5877815728414585
Epoch 424 MSE: 0.00013863167259842157
Epoch 424 val RMSE: 0.6217720837952505
Epoch 425 MSE: 0.00013610083260573447
Epoch 425 val RMSE: 0.5686553499043093
Epoch 426 MSE: 0.00013399026647675782
Epoch 426 val RMSE: 0.5807302643176826
Epoch 427 MSE: 0.0001247959880856797
Epoch 427 val RMSE: 0.6334593022287294
Epoch 428 MSE: 0.00014551875938195735
Epoch 428 val RMSE: 0.5838471063146731
Epoch 429 MSE: 0.00011034493218176067
Epoch 429 val RMSE: 0.571764912457932
Epoch 430 MSE: 0.00013342694728635252
Epoch 430 val RMSE: 0.5921212493958087
Epoch 431 MSE: 0.00010888092947425321
Epoch 431 val RMSE: 0.5933483421600833
Epoch 432 MSE: 0.00013478915207087994
Epoch 432 val RMSE: 0.5878225901831283
Epoch 433 MSE: 0.00010836943692993373
Epoch 433 val RMSE: 0.5734999173155162
Epoch 434 MSE: 0.00012072799290763214
Epoch 434 val RMSE: 0.5867007815356305
Epoch 435 MSE: 0.00010948423005174845
Epoch 435 val RMSE: 0.613259479111985
Epoch 436 MSE: 0.00011791753786383197
Epoch 436 val RMSE: 0.574199079319353
Epoch 437 MSE: 0.0001122641479014419
Epoch 437 val RMSE: 0.5734105293521303
Epoch 438 MSE: 0.00010822628973983228
Epoch 438 val RMSE: 0.5953008074876233
Epoch 439 MSE: 0.00011202877067262307
Epoch 439 val RMSE: 0.5752290414658507
Epoch 440 MSE: 0.00010663574357749894
Epoch 440 val RMSE: 0.567477272561676
Epoch 441 MSE: 0.00011256533616688102
Epoch 441 val RMSE: 0.5674201572228867
Epoch 442 MSE: 0.0001023161385091953
Epoch 442 val RMSE: 0.5748104498286309
Epoch 443 MSE: 0.00010989081056322902
Epoch 443 val RMSE: 0.5710876631510227
Epoch 444 MSE: 0.00010328965436201543
Epoch 444 val RMSE: 0.556484187044591
Epoch 445 MSE: 0.00010834888962563127
Epoch 445 val RMSE: 0.5690525979149923
Epoch 446 MSE: 0.00010207721788901836
Epoch 446 val RMSE: 0.5712813156776438
Epoch 447 MSE: 0.00010449386900290847
Epoch 447 val RMSE: 0.5530850002675036
Epoch 448 MSE: 0.0001034004963003099
Epoch 448 val RMSE: 0.5590626809048986
Epoch 449 MSE: 0.00010321354056941345
Epoch 449 val RMSE: 0.5603301795770115
Epoch 450 MSE: 0.00010303733870387077
Epoch 450 val RMSE: 0.5575905173849958
Epoch 451 MSE: 0.00010049108095699921
Epoch 451 val RMSE: 0.550817691327919
Epoch 452 MSE: 0.00010296883556293324
Epoch 452 val RMSE: 0.5479563512560569
Epoch 453 MSE: 0.00010036437015514821
Epoch 453 val RMSE: 0.5611713931254076
Epoch 454 MSE: 0.00010226472659269348
Epoch 454 val RMSE: 0.5475416479861356
Epoch 455 MSE: 9.936642163665965e-05
Epoch 455 val RMSE: 0.5420632805464042
Epoch 456 MSE: 0.00010100157669512555
Epoch 456 val RMSE: 0.5544322326430589
Epoch 457 MSE: 9.985669021261856e-05
Epoch 457 val RMSE: 0.5473611033631962
Epoch 458 MSE: 0.00010021150956163183
Epoch 458 val RMSE: 0.5447128058905758
Epoch 459 MSE: 9.961434261640534e-05
Epoch 459 val RMSE: 0.5440039063814799
Epoch 460 MSE: 9.890954970614985e-05
Epoch 460 val RMSE: 0.5472280724960931
Epoch 461 MSE: 9.961101022781804e-05
Epoch 461 val RMSE: 0.5494153827932085
Epoch 462 MSE: 9.864108869805932e-05
Epoch 462 val RMSE: 0.5386405067079655
Best model saved at epoch 462 with Test RMSE: 0.5386405067079655
Epoch 463 MSE: 9.935846901498735e-05
Epoch 463 val RMSE: 0.5456060674120239
Epoch 464 MSE: 9.811299969442189e-05
Epoch 464 val RMSE: 0.5467357730750031
Epoch 465 MSE: 9.863029117695987e-05
Epoch 465 val RMSE: 0.5389447290890583
Epoch 466 MSE: 9.811201016418636e-05
Epoch 466 val RMSE: 0.5415904988019665
Epoch 467 MSE: 9.827504254644737e-05
Epoch 467 val RMSE: 0.5410110528525497
Epoch 468 MSE: 9.812841017264873e-05
Epoch 468 val RMSE: 0.5426954500959729
Epoch 469 MSE: 9.765942377271131e-05
Epoch 469 val RMSE: 0.5372821876643278
Best model saved at epoch 469 with Test RMSE: 0.5372821876643278
Epoch 470 MSE: 9.785051952349022e-05
Epoch 470 val RMSE: 0.5381873947283441
Epoch 471 MSE: 9.73593196249567e-05
Epoch 471 val RMSE: 0.5433357151345937
Epoch 472 MSE: 9.771127224666998e-05
Epoch 472 val RMSE: 0.5362149090611836
Best model saved at epoch 472 with Test RMSE: 0.5362149090611836
Epoch 473 MSE: 9.730321471579373e-05
Epoch 473 val RMSE: 0.5378919968487125
Epoch 474 MSE: 9.73498827079311e-05
Epoch 474 val RMSE: 0.538463397828497
Epoch 475 MSE: 9.712325118016452e-05
Epoch 475 val RMSE: 0.5380999499260171
Epoch 476 MSE: 9.696117194835097e-05
Epoch 476 val RMSE: 0.5358243238879197
Best model saved at epoch 476 with Test RMSE: 0.5358243238879197
Epoch 477 MSE: 9.703123214421794e-05
Epoch 477 val RMSE: 0.5345818437162574
Best model saved at epoch 477 with Test RMSE: 0.5345818437162574
Epoch 478 MSE: 9.678855712991208e-05
Epoch 478 val RMSE: 0.5386247377746892
Epoch 479 MSE: 9.69030152191408e-05
Epoch 479 val RMSE: 0.5332531748327074
Best model saved at epoch 479 with Test RMSE: 0.5332531748327074
Epoch 480 MSE: 9.663529635872692e-05
Epoch 480 val RMSE: 0.5338540488142178
Epoch 481 MSE: 9.662227967055514e-05
Epoch 481 val RMSE: 0.5345487557504917
Epoch 482 MSE: 9.647959814174101e-05
Epoch 482 val RMSE: 0.5338425208581526
Epoch 483 MSE: 9.637419134378433e-05
Epoch 483 val RMSE: 0.5326101058528343
Best model saved at epoch 483 with Test RMSE: 0.5326101058528343
Epoch 484 MSE: 9.638013580115512e-05
Epoch 484 val RMSE: 0.5316908914205194
Best model saved at epoch 484 with Test RMSE: 0.5316908914205194
Epoch 485 MSE: 9.622466313885525e-05
Epoch 485 val RMSE: 0.5347202223235323
Epoch 486 MSE: 9.62484919000417e-05
Epoch 486 val RMSE: 0.5307067168793859
Best model saved at epoch 486 with Test RMSE: 0.5307067168793859
Epoch 487 MSE: 9.609504922991619e-05
Epoch 487 val RMSE: 0.531752096649972
Epoch 488 MSE: 9.604649676475674e-05
Epoch 488 val RMSE: 0.5315827001089577
Epoch 489 MSE: 9.595522715244442e-05
Epoch 489 val RMSE: 0.531576112621108
Epoch 490 MSE: 9.584765939507633e-05
Epoch 490 val RMSE: 0.5298565091368931
Best model saved at epoch 490 with Test RMSE: 0.5298565091368931
Epoch 491 MSE: 9.582032362231985e-05
Epoch 491 val RMSE: 0.5299274306278137
Epoch 492 MSE: 9.570456313667819e-05
Epoch 492 val RMSE: 0.5312805167016365
Epoch 493 MSE: 9.568364475853741e-05
Epoch 493 val RMSE: 0.5284784330715167
Best model saved at epoch 493 with Test RMSE: 0.5284784330715167
Epoch 494 MSE: 9.55967916524969e-05
Epoch 494 val RMSE: 0.529746311714975
Epoch 495 MSE: 9.553725976729766e-05
Epoch 495 val RMSE: 0.5288965604674953
Epoch 496 MSE: 9.548341040499508e-05
Epoch 496 val RMSE: 0.5299263058566736
Epoch 497 MSE: 9.539068560115993e-05
Epoch 497 val RMSE: 0.5273962206697508
Best model saved at epoch 497 with Test RMSE: 0.5273962206697508
Epoch 498 MSE: 9.534796117804945e-05
Epoch 498 val RMSE: 0.5295400870118501
Epoch 499 MSE: 9.525658242637292e-05
Epoch 499 val RMSE: 0.5281759688933603
Epoch 500 MSE: 9.519900777377188e-05
Epoch 500 val RMSE: 0.5283619693262037
Epoch 501 MSE: 9.513030090602115e-05
Epoch 501 val RMSE: 0.5273030865850745
Best model saved at epoch 501 with Test RMSE: 0.5273030865850745
Epoch 502 MSE: 9.505406342213973e-05
Epoch 502 val RMSE: 0.5287191468564326
Epoch 503 MSE: 9.500216401647776e-05
Epoch 503 val RMSE: 0.5270757488665005
Best model saved at epoch 503 with Test RMSE: 0.5270757488665005
Epoch 504 MSE: 9.492270328337327e-05
Epoch 504 val RMSE: 0.5274103758367413
Epoch 505 MSE: 9.48688539210707e-05
Epoch 505 val RMSE: 0.5271195676911296
Epoch 506 MSE: 9.480219887336716e-05
Epoch 506 val RMSE: 0.5276706106430512
Epoch 507 MSE: 9.47371227084659e-05
Epoch 507 val RMSE: 0.5261632917195443
Best model saved at epoch 507 with Test RMSE: 0.5261632917195443
Epoch 508 MSE: 9.468305506743491e-05
Epoch 508 val RMSE: 0.527393112697989
Epoch 509 MSE: 9.461473382543772e-05
Epoch 509 val RMSE: 0.5264351540814054
Epoch 510 MSE: 9.456373663851991e-05
Epoch 510 val RMSE: 0.5272209307026473
Epoch 511 MSE: 9.450541256228462e-05
Epoch 511 val RMSE: 0.5254305572650039
Best model saved at epoch 511 with Test RMSE: 0.5254305572650039
Epoch 512 MSE: 9.445533942198381e-05
Epoch 512 val RMSE: 0.5280605954056755
Epoch 513 MSE: 9.441962174605578e-05
Epoch 513 val RMSE: 0.5246707849072326
Best model saved at epoch 513 with Test RMSE: 0.5246707849072326
Epoch 514 MSE: 9.439364657737315e-05
Epoch 514 val RMSE: 0.5284990723943735
Epoch 515 MSE: 9.441436850465834e-05
Epoch 515 val RMSE: 0.5233252105973425
Best model saved at epoch 515 with Test RMSE: 0.5233252105973425
Epoch 516 MSE: 9.450230572838336e-05
Epoch 516 val RMSE: 0.5314852810613223
Epoch 517 MSE: 9.475075057707727e-05
Epoch 517 val RMSE: 0.5207189020970378
Best model saved at epoch 517 with Test RMSE: 0.5207189020970378
Epoch 518 MSE: 9.532736294204369e-05
Epoch 518 val RMSE: 0.5385922025166395
Epoch 519 MSE: 9.664249955676496e-05
Epoch 519 val RMSE: 0.5191241799211902
Best model saved at epoch 519 with Test RMSE: 0.5191241799211902
Epoch 520 MSE: 9.951056563295424e-05
Epoch 520 val RMSE: 0.5611409617920032
Epoch 521 MSE: 0.00010621898400131613
Epoch 521 val RMSE: 0.5300373936003521
Epoch 522 MSE: 0.00012066532508470118
Epoch 522 val RMSE: 0.6423968491335659
Epoch 523 MSE: 0.00015647987311240286
Epoch 523 val RMSE: 0.6245271324420913
Epoch 524 MSE: 0.00022854241251479834
Epoch 524 val RMSE: 0.9123612246086876
Epoch 525 MSE: 0.0004153081972617656
Epoch 525 val RMSE: 0.9644084983441751
Epoch 526 MSE: 0.000670161098241806
Epoch 526 val RMSE: 1.4389568907249681
Epoch 527 MSE: 0.0012358530657365918
Epoch 527 val RMSE: 1.1610883571112964
Epoch 528 MSE: 0.0009780219988897443
Epoch 528 val RMSE: 0.9932303767537809
Epoch 529 MSE: 0.0005421642563305795
Epoch 529 val RMSE: 0.5279243381467734
Epoch 530 MSE: 0.00011634332622634247
Epoch 530 val RMSE: 0.8156206284329125
Epoch 531 MSE: 0.000507504038978368
Epoch 531 val RMSE: 1.0117813149920616
Epoch 532 MSE: 0.0005623589968308806
Epoch 532 val RMSE: 0.5954363366231067
Epoch 533 MSE: 0.00013654513168148696
Epoch 533 val RMSE: 0.7227435909793298
Epoch 534 MSE: 0.0004954636679030955
Epoch 534 val RMSE: 0.8892650929870778
Epoch 535 MSE: 0.00044031639117747545
Epoch 535 val RMSE: 0.7778383914474354
Epoch 536 MSE: 0.000176064990228042
Epoch 536 val RMSE: 0.6210185311312192
Epoch 537 MSE: 0.0004896149039268494
Epoch 537 val RMSE: 0.685367484680972
Epoch 538 MSE: 0.00033297541085630655
Epoch 538 val RMSE: 0.7897699036681831
Epoch 539 MSE: 0.00019642933330032974
Epoch 539 val RMSE: 0.5524924190139227
Epoch 540 MSE: 0.0004603690467774868
Epoch 540 val RMSE: 0.5628050665653107
Epoch 541 MSE: 0.00020939751993864775
Epoch 541 val RMSE: 0.6601888434134512
Epoch 542 MSE: 0.00024210983247030526
Epoch 542 val RMSE: 0.5461159206359479
Epoch 543 MSE: 0.00033678888576105237
Epoch 543 val RMSE: 0.5541543681947907
Epoch 544 MSE: 0.00011430713493609801
Epoch 544 val RMSE: 0.5952302901006048
Epoch 545 MSE: 0.00027265213429927826
Epoch 545 val RMSE: 0.5319086367665233
Epoch 546 MSE: 0.0001562528923386708
Epoch 546 val RMSE: 0.561058820818022
Epoch 547 MSE: 0.0001695400569587946
Epoch 547 val RMSE: 0.6345454846635769
Epoch 548 MSE: 0.00021337160433176905
Epoch 548 val RMSE: 0.5257285353831455
Epoch 549 MSE: 0.0001228216424351558
Epoch 549 val RMSE: 0.536982961863868
Epoch 550 MSE: 0.00020274592679925263
Epoch 550 val RMSE: 0.6685358060978347
Epoch 551 MSE: 0.00014747193199582398
Epoch 551 val RMSE: 0.5723091343298222
Epoch 552 MSE: 0.00014108828327152878
Epoch 552 val RMSE: 0.532617967505001
Epoch 553 MSE: 0.00017568122711963952
Epoch 553 val RMSE: 0.5866429469161313
Epoch 554 MSE: 0.0001122731773648411
Epoch 554 val RMSE: 0.6496287743842482
Epoch 555 MSE: 0.00015644647646695375
Epoch 555 val RMSE: 0.5193079418313344
Epoch 556 MSE: 0.00012513980618678033
Epoch 556 val RMSE: 0.5214373392330957
Epoch 557 MSE: 0.00012160142068751156
Epoch 557 val RMSE: 0.6351569744636186
Epoch 558 MSE: 0.00014282813936006278
Epoch 558 val RMSE: 0.5490215408688697
Epoch 559 MSE: 0.00010385920904809609
Epoch 559 val RMSE: 0.5269393500584143
Epoch 560 MSE: 0.00013929382839705795
Epoch 560 val RMSE: 0.5584855675143096
Epoch 561 MSE: 0.00011101033305749297
Epoch 561 val RMSE: 0.5914382351448774
Epoch 562 MSE: 0.00011654056288534775
Epoch 562 val RMSE: 0.526416783305285
Epoch 563 MSE: 0.00012287376739550382
Epoch 563 val RMSE: 0.5254823115445182
Epoch 564 MSE: 0.0001027685939334333
Epoch 564 val RMSE: 0.5758239212683867
Epoch 565 MSE: 0.00011947093298658729
Epoch 565 val RMSE: 0.5358375333746979
Epoch 566 MSE: 0.00010611213656375185
Epoch 566 val RMSE: 0.5256825029849762
Epoch 567 MSE: 0.0001067364719347097
Epoch 567 val RMSE: 0.5465093752832529
Epoch 568 MSE: 0.00011313953291391954
Epoch 568 val RMSE: 0.5357739858059782
Epoch 569 MSE: 9.918859723256901e-05
Epoch 569 val RMSE: 0.5272538567678261
Epoch 570 MSE: 0.00011153875675518066
Epoch 570 val RMSE: 0.5349744223336227
Epoch 571 MSE: 0.00010210852633463219
Epoch 571 val RMSE: 0.5309066504395493
Epoch 572 MSE: 0.00010283285519108176
Epoch 572 val RMSE: 0.5243226154518897
Epoch 573 MSE: 0.00010646657756296918
Epoch 573 val RMSE: 0.532013260681479
Epoch 574 MSE: 9.832160867517814e-05
Epoch 574 val RMSE: 0.5349942539922585
Epoch 575 MSE: 0.00010428409586893395
Epoch 575 val RMSE: 0.5207290322454373
Epoch 576 MSE: 0.00010031546844402328
Epoch 576 val RMSE: 0.5268663293887541
Epoch 577 MSE: 9.929259977070615e-05
Epoch 577 val RMSE: 0.5424895058333251
Epoch 578 MSE: 0.00010218918032478541
Epoch 578 val RMSE: 0.5210272110259853
Epoch 579 MSE: 9.769781900104135e-05
Epoch 579 val RMSE: 0.5214010736461716
Epoch 580 MSE: 0.00010011337144533172
Epoch 580 val RMSE: 0.5390074328616014
Epoch 581 MSE: 9.950631647370756e-05
Epoch 581 val RMSE: 0.5267285184313701
Epoch 582 MSE: 9.705187403596938e-05
Epoch 582 val RMSE: 0.5186701644223415
Best model saved at epoch 582 with Test RMSE: 0.5186701644223415
Epoch 583 MSE: 0.0001000725242192857
Epoch 583 val RMSE: 0.526950802808527
Epoch 584 MSE: 9.685257100500166e-05
Epoch 584 val RMSE: 0.53145334615527
Epoch 585 MSE: 9.793452045414597e-05
Epoch 585 val RMSE: 0.5181874557143581
Best model saved at epoch 585 with Test RMSE: 0.5181874557143581
Epoch 586 MSE: 9.813877113629133e-05
Epoch 586 val RMSE: 0.5192712692621124
Epoch 587 MSE: 9.62375634117052e-05
Epoch 587 val RMSE: 0.5300719438612734
Epoch 588 MSE: 9.783875430002809e-05
Epoch 588 val RMSE: 0.520571391676068
Epoch 589 MSE: 9.653583401814103e-05
Epoch 589 val RMSE: 0.5181188098459468
Best model saved at epoch 589 with Test RMSE: 0.5181188098459468
Epoch 590 MSE: 9.634374146116897e-05
Epoch 590 val RMSE: 0.5259299930845942
Epoch 591 MSE: 9.702263196231797e-05
Epoch 591 val RMSE: 0.523128304328646
Epoch 592 MSE: 9.574778960086405e-05
Epoch 592 val RMSE: 0.5195415180310206
Epoch 593 MSE: 9.629964915802702e-05
Epoch 593 val RMSE: 0.5232192481218063
Epoch 594 MSE: 9.616636816645041e-05
Epoch 594 val RMSE: 0.5230536120709461
Epoch 595 MSE: 9.53578928601928e-05
Epoch 595 val RMSE: 0.520394031906945
Epoch 596 MSE: 9.611199493519962e-05
Epoch 596 val RMSE: 0.5224546913415326
Epoch 597 MSE: 9.532276453683153e-05
Epoch 597 val RMSE: 0.5220026591057848
Epoch 598 MSE: 9.533537377137691e-05
Epoch 598 val RMSE: 0.5197386076863522
Epoch 599 MSE: 9.554859570926055e-05
Epoch 599 val RMSE: 0.5223830690913139
Epoch 600 MSE: 9.489498188486323e-05
Epoch 600 val RMSE: 0.522426511396825
Epoch 601 MSE: 9.519774175714701e-05
Epoch 601 val RMSE: 0.5190006787933291
Epoch 602 MSE: 9.498819417785853e-05
Epoch 602 val RMSE: 0.5219383406889847
Epoch 603 MSE: 9.469588985666633e-05
Epoch 603 val RMSE: 0.5242205783226547
Epoch 604 MSE: 9.490141383139417e-05
Epoch 604 val RMSE: 0.5194922697889138
Epoch 605 MSE: 9.459901048103347e-05
Epoch 605 val RMSE: 0.5209869984598843
Epoch 606 MSE: 9.450677316635847e-05
Epoch 606 val RMSE: 0.5254205461228268
Epoch 607 MSE: 9.460811997996643e-05
Epoch 607 val RMSE: 0.5210953593765411
Epoch 608 MSE: 9.42838960327208e-05
Epoch 608 val RMSE: 0.5201142847121254
Epoch 609 MSE: 9.435361425857991e-05
Epoch 609 val RMSE: 0.5248873260478862
Epoch 610 MSE: 9.428651537746191e-05
Epoch 610 val RMSE: 0.5228395890299528
Epoch 611 MSE: 9.406964090885594e-05
Epoch 611 val RMSE: 0.5200100177020025
Epoch 612 MSE: 9.416468674317002e-05
Epoch 612 val RMSE: 0.5235338264765802
Epoch 613 MSE: 9.399401460541412e-05
Epoch 613 val RMSE: 0.5239957991970369
Epoch 614 MSE: 9.391216735821217e-05
Epoch 614 val RMSE: 0.5209043041194963
Epoch 615 MSE: 9.393009531777352e-05
Epoch 615 val RMSE: 0.5227771978322153
Epoch 616 MSE: 9.377289097756147e-05
Epoch 616 val RMSE: 0.5244998115888317
Epoch 617 MSE: 9.373947250423953e-05
Epoch 617 val RMSE: 0.5222971721927576
Epoch 618 MSE: 9.370976476930082e-05
Epoch 618 val RMSE: 0.5229966883837155
Epoch 619 MSE: 9.357828093925491e-05
Epoch 619 val RMSE: 0.524632868237193
Epoch 620 MSE: 9.356414375361055e-05
Epoch 620 val RMSE: 0.523356616475178
Epoch 621 MSE: 9.350344043923542e-05
Epoch 621 val RMSE: 0.5236619212032483
Epoch 622 MSE: 9.339823736809194e-05
Epoch 622 val RMSE: 0.5247165368811413
Epoch 623 MSE: 9.339151438325644e-05
Epoch 623 val RMSE: 0.5237830715162565
Epoch 624 MSE: 9.330351167591289e-05
Epoch 624 val RMSE: 0.5242151490498557
Epoch 625 MSE: 9.323527046944946e-05
Epoch 625 val RMSE: 0.5250425923191001
Epoch 626 MSE: 9.321053948951885e-05
Epoch 626 val RMSE: 0.5240129183276103
Epoch 627 MSE: 9.312215843237936e-05
Epoch 627 val RMSE: 0.5245758318598269
Epoch 628 MSE: 9.307413711212575e-05
Epoch 628 val RMSE: 0.5256953437083034
Epoch 629 MSE: 9.30309688556008e-05
Epoch 629 val RMSE: 0.5245629637320841
Epoch 630 MSE: 9.295424388255924e-05
Epoch 630 val RMSE: 0.5249260759533282
Epoch 631 MSE: 9.29091838770546e-05
Epoch 631 val RMSE: 0.5264690916257628
Epoch 632 MSE: 9.286012937081978e-05
Epoch 632 val RMSE: 0.5254906768262159
Epoch 633 MSE: 9.278967627324164e-05
Epoch 633 val RMSE: 0.5253696366553017
Epoch 634 MSE: 9.274693002225831e-05
Epoch 634 val RMSE: 0.5270621218829821
Epoch 635 MSE: 9.269343718187883e-05
Epoch 635 val RMSE: 0.5265031401910992
Epoch 636 MSE: 9.262855019187555e-05
Epoch 636 val RMSE: 0.5259321463862642
Epoch 637 MSE: 9.258734644390643e-05
Epoch 637 val RMSE: 0.5274309156928787
Epoch 638 MSE: 9.252943709725514e-05
Epoch 638 val RMSE: 0.5273844385344535
Epoch 639 MSE: 9.247184061678126e-05
Epoch 639 val RMSE: 0.5266625985559853
Epoch 640 MSE: 9.242773376172408e-05
Epoch 640 val RMSE: 0.5277977013870727
Epoch 641 MSE: 9.2370028141886e-05
Epoch 641 val RMSE: 0.5281476710041283
Epoch 642 MSE: 9.231681178789586e-05
Epoch 642 val RMSE: 0.5275778921751856
Epoch 643 MSE: 9.226988186128438e-05
Epoch 643 val RMSE: 0.5283776497179946
Epoch 644 MSE: 9.221411892212927e-05
Epoch 644 val RMSE: 0.5288750914012565
Epoch 645 MSE: 9.216227772412822e-05
Epoch 645 val RMSE: 0.528574996737363
Epoch 646 MSE: 9.211454016622156e-05
Epoch 646 val RMSE: 0.5291659485318976
Epoch 647 MSE: 9.205995593219995e-05
Epoch 647 val RMSE: 0.5296018221719373
Epoch 648 MSE: 9.200899512507021e-05
Epoch 648 val RMSE: 0.5295137756291948
Epoch 649 MSE: 9.196104656439275e-05
Epoch 649 val RMSE: 0.530053249329236
Epoch 650 MSE: 9.190717537421733e-05
Epoch 650 val RMSE: 0.5303560196166004
Epoch 651 MSE: 9.185745875583962e-05
Epoch 651 val RMSE: 0.530370966757301
Epoch 652 MSE: 9.180849883705378e-05
Epoch 652 val RMSE: 0.5309694334668645
Epoch 653 MSE: 9.175586455967277e-05
Epoch 653 val RMSE: 0.5312032959547828
Epoch 654 MSE: 9.170651173917577e-05
Epoch 654 val RMSE: 0.5312343202408757
Epoch 655 MSE: 9.165731898974627e-05
Epoch 655 val RMSE: 0.5319232321273298
Epoch 656 MSE: 9.1605877969414e-05
Epoch 656 val RMSE: 0.5321797481561414
Epoch 657 MSE: 9.155645238934085e-05
Epoch 657 val RMSE: 0.5321836121753691
Epoch 658 MSE: 9.150718688033521e-05
Epoch 658 val RMSE: 0.5329122343716639
Epoch 659 MSE: 9.145637886831537e-05
Epoch 659 val RMSE: 0.5332398733813005
Epoch 660 MSE: 9.140695328824222e-05
Epoch 660 val RMSE: 0.5332192498867453
Epoch 661 MSE: 9.135806612903252e-05
Epoch 661 val RMSE: 0.5339093125556632
Epoch 662 MSE: 9.130740363616496e-05
Epoch 662 val RMSE: 0.5343134013583454
Epoch 663 MSE: 9.125835640588775e-05
Epoch 663 val RMSE: 0.5343036682080808
Epoch 664 MSE: 9.12092873477377e-05
Epoch 664 val RMSE: 0.5349202157628994
Epoch 665 MSE: 9.115927969105542e-05
Epoch 665 val RMSE: 0.5353787927059025
Epoch 666 MSE: 9.111019608099014e-05
Epoch 666 val RMSE: 0.5354382683766377
Epoch 667 MSE: 9.10612361622043e-05
Epoch 667 val RMSE: 0.535994214763308
Epoch 668 MSE: 9.101165778702125e-05
Epoch 668 val RMSE: 0.5364728172593821
Epoch 669 MSE: 9.096240682993084e-05
Epoch 669 val RMSE: 0.5366360885288425
Epoch 670 MSE: 9.091354149859399e-05
Epoch 670 val RMSE: 0.5371577015723502
Epoch 671 MSE: 9.086423233384266e-05
Epoch 671 val RMSE: 0.5376259279223135
Epoch 672 MSE: 9.081526513909921e-05
Epoch 672 val RMSE: 0.5378914150877714
Epoch 673 MSE: 9.07663197722286e-05
Epoch 673 val RMSE: 0.5384023743262517
Epoch 674 MSE: 9.071730164578184e-05
Epoch 674 val RMSE: 0.5388339567152327
Epoch 675 MSE: 9.066819620784372e-05
Epoch 675 val RMSE: 0.5391716224682421
Epoch 676 MSE: 9.061938908416778e-05
Epoch 676 val RMSE: 0.5396954510781747
Epoch 677 MSE: 9.057022543856874e-05
Epoch 677 val RMSE: 0.5400873476485608
Epoch 678 MSE: 9.052130189957097e-05
Epoch 678 val RMSE: 0.5404799525877405
Epoch 679 MSE: 9.047267667483538e-05
Epoch 679 val RMSE: 0.5410314619590191
Epoch 680 MSE: 9.04236949281767e-05
Epoch 680 val RMSE: 0.5414082448683148
Epoch 681 MSE: 9.037486597662792e-05
Epoch 681 val RMSE: 0.5418425482302044
Epoch 682 MSE: 9.032610250869766e-05
Epoch 682 val RMSE: 0.5424258035470549
Epoch 683 MSE: 9.027720079757273e-05
Epoch 683 val RMSE: 0.5428059011265779
Epoch 684 MSE: 9.022827725857496e-05
Epoch 684 val RMSE: 0.5432702469280651
Epoch 685 MSE: 9.017955017043278e-05
Epoch 685 val RMSE: 0.5438743832706785
Epoch 686 MSE: 9.013077215058729e-05
Epoch 686 val RMSE: 0.5442723330487726
Epoch 687 MSE: 9.008195775095373e-05
Epoch 687 val RMSE: 0.5447588987932251
Epoch 688 MSE: 9.003316517919302e-05
Epoch 688 val RMSE: 0.545373135012914
Epoch 689 MSE: 8.998438715934753e-05
Epoch 689 val RMSE: 0.5457951374618744
Epoch 690 MSE: 8.993549272418022e-05
Epoch 690 val RMSE: 0.5463054961377573
Epoch 691 MSE: 8.988678018795326e-05
Epoch 691 val RMSE: 0.5469160609497935
Epoch 692 MSE: 8.98381185834296e-05
Epoch 692 val RMSE: 0.5473716932564054
Epoch 693 MSE: 8.978914411272854e-05
Epoch 693 val RMSE: 0.5479146883630273
Epoch 694 MSE: 8.974035154096782e-05
Epoch 694 val RMSE: 0.5485201748864499
Epoch 695 MSE: 8.969154441729188e-05
Epoch 695 val RMSE: 0.5490158140236073
Epoch 696 MSE: 8.96428755368106e-05
Epoch 696 val RMSE: 0.5495893419162391
Epoch 697 MSE: 8.959402475738898e-05
Epoch 697 val RMSE: 0.5501889771139729
Epoch 698 MSE: 8.954502845881507e-05
Epoch 698 val RMSE: 0.5507254876661525
Epoch 699 MSE: 8.94964105100371e-05
Epoch 699 val RMSE: 0.5513298873365079
Epoch 700 MSE: 8.944755245465785e-05
Epoch 700 val RMSE: 0.5519250936875193
Epoch 701 MSE: 8.939856343204156e-05
Epoch 701 val RMSE: 0.5524972197950329
Epoch 702 MSE: 8.934976358432323e-05
Epoch 702 val RMSE: 0.5531281595085985
Epoch 703 MSE: 8.930083276936784e-05
Epoch 703 val RMSE: 0.5537238817535302
Epoch 704 MSE: 8.925198198994622e-05
Epoch 704 val RMSE: 0.5543302809559932
Epoch 705 MSE: 8.920300024328753e-05
Epoch 705 val RMSE: 0.5549865507523917
Epoch 706 MSE: 8.915390208130702e-05
Epoch 706 val RMSE: 0.5555907135673468
Epoch 707 MSE: 8.910503674997017e-05
Epoch 707 val RMSE: 0.5562335215495852
Epoch 708 MSE: 8.905591676011682e-05
Epoch 708 val RMSE: 0.5569108273747394
Epoch 709 MSE: 8.90068185981363e-05
Epoch 709 val RMSE: 0.5575303045084884
Epoch 710 MSE: 8.89577204361558e-05
Epoch 710 val RMSE: 0.5582118562905773
Epoch 711 MSE: 8.890884782886133e-05
Epoch 711 val RMSE: 0.5589020418515791
Epoch 712 MSE: 8.885956049198285e-05
Epoch 712 val RMSE: 0.5595467181332692
Epoch 713 MSE: 8.881046233000234e-05
Epoch 713 val RMSE: 0.5602543030794442
Epoch 714 MSE: 8.876111678546295e-05
Epoch 714 val RMSE: 0.5609618720920293
Epoch 715 MSE: 8.871201862348244e-05
Epoch 715 val RMSE: 0.5616354125785629
Epoch 716 MSE: 8.866276766639203e-05
Epoch 716 val RMSE: 0.5623693579386294
Epoch 717 MSE: 8.861339301802218e-05
Epoch 717 val RMSE: 0.5630931905384524
Epoch 718 MSE: 8.856414206093177e-05
Epoch 718 val RMSE: 0.5638001304633756
Epoch 719 MSE: 8.851461461745203e-05
Epoch 719 val RMSE: 0.5645579996325549
Epoch 720 MSE: 8.846529817674309e-05
Epoch 720 val RMSE: 0.5652998279355332
Epoch 721 MSE: 8.841575618134812e-05
Epoch 721 val RMSE: 0.5660453172560614
Epoch 722 MSE: 8.836622146191075e-05
Epoch 722 val RMSE: 0.5668242917833862
Epoch 723 MSE: 8.831681770971045e-05
Epoch 723 val RMSE: 0.5675873642108413
Epoch 724 MSE: 8.826699922792614e-05
Epoch 724 val RMSE: 0.5683688657826843
Epoch 725 MSE: 8.821747178444639e-05
Epoch 725 val RMSE: 0.5691680660714651
Epoch 726 MSE: 8.816771151032299e-05
Epoch 726 val RMSE: 0.5699605770448511
Epoch 727 MSE: 8.811801671981812e-05
Epoch 727 val RMSE: 0.5707751187575569
Epoch 728 MSE: 8.806822734186426e-05
Epoch 728 val RMSE: 0.5715921755303894
Epoch 729 MSE: 8.801832882454619e-05
Epoch 729 val RMSE: 0.572414313779623
Epoch 730 MSE: 8.796840120339766e-05
Epoch 730 val RMSE: 0.5732621509513591
Epoch 731 MSE: 8.791836444288492e-05
Epoch 731 val RMSE: 0.5740991844205341
Epoch 732 MSE: 8.786834951024503e-05
Epoch 732 val RMSE: 0.57495829907837
Epoch 733 MSE: 8.781824726611376e-05
Epoch 733 val RMSE: 0.5758330302460789
Epoch 734 MSE: 8.776807953836396e-05
Epoch 734 val RMSE: 0.5766992773728518
Epoch 735 MSE: 8.771772991167381e-05
Epoch 735 val RMSE: 0.5775912630539173
Epoch 736 MSE: 8.766749670030549e-05
Epoch 736 val RMSE: 0.5784907859193746
Epoch 737 MSE: 8.761732169659808e-05
Epoch 737 val RMSE: 0.5793889379625179
Epoch 738 MSE: 8.756681199884042e-05
Epoch 738 val RMSE: 0.5803146650677599
Epoch 739 MSE: 8.751635323278606e-05
Epoch 739 val RMSE: 0.5812392510681547
Epoch 740 MSE: 8.746568346396089e-05
Epoch 740 val RMSE: 0.582172658242752
Epoch 741 MSE: 8.741497003939003e-05
Epoch 741 val RMSE: 0.5831286945614398
Epoch 742 MSE: 8.73642711667344e-05
Epoch 742 val RMSE: 0.5840808699378973
Epoch 743 MSE: 8.731355046620592e-05
Epoch 743 val RMSE: 0.5850521010240921
Epoch 744 MSE: 8.726268424652517e-05
Epoch 744 val RMSE: 0.5860374873998065
Epoch 745 MSE: 8.721175254322588e-05
Epoch 745 val RMSE: 0.5870225904413401
Epoch 746 MSE: 8.716058073332533e-05
Epoch 746 val RMSE: 0.5880317391892596
Epoch 747 MSE: 8.710960537428036e-05
Epoch 747 val RMSE: 0.5890470770883569
Epoch 748 MSE: 8.705825166543946e-05
Epoch 748 val RMSE: 0.5900687994687881
Epoch 749 MSE: 8.700706530362368e-05
Epoch 749 val RMSE: 0.5911098810990203
Epoch 750 MSE: 8.695566793903708e-05
Epoch 750 val RMSE: 0.5921565810211736
Epoch 751 MSE: 8.690422691870481e-05
Epoch 751 val RMSE: 0.5932155261482399
Epoch 752 MSE: 8.685271313879639e-05
Epoch 752 val RMSE: 0.5942884563493152
Epoch 753 MSE: 8.680091559654102e-05
Epoch 753 val RMSE: 0.5953700150467928
Epoch 754 MSE: 8.67491980898194e-05
Epoch 754 val RMSE: 0.5964701982473491
Epoch 755 MSE: 8.669732051203027e-05
Epoch 755 val RMSE: 0.5975766097717984
Epoch 756 MSE: 8.664539927849546e-05
Epoch 756 val RMSE: 0.5986965574890966
Epoch 757 MSE: 8.659341983729973e-05
Epoch 757 val RMSE: 0.5998305617937335
Epoch 758 MSE: 8.654121484141797e-05
Epoch 758 val RMSE: 0.6009740800282479
Epoch 759 MSE: 8.648899529362097e-05
Epoch 759 val RMSE: 0.6021338882693061
Epoch 760 MSE: 8.643662295071408e-05
Epoch 760 val RMSE: 0.6033052244365181
Epoch 761 MSE: 8.638414146844298e-05
Epoch 761 val RMSE: 0.6044865178102701
Epoch 762 MSE: 8.633155084680766e-05
Epoch 762 val RMSE: 0.6056904786717371
Epoch 763 MSE: 8.627885108580813e-05
Epoch 763 val RMSE: 0.6068962251387101
Epoch 764 MSE: 8.622612222097814e-05
Epoch 764 val RMSE: 0.6081201397504585
Epoch 765 MSE: 8.617317507741973e-05
Epoch 765 val RMSE: 0.6093593742127827
Epoch 766 MSE: 8.612014062236995e-05
Epoch 766 val RMSE: 0.6106076611152886
Epoch 767 MSE: 8.60669169924222e-05
Epoch 767 val RMSE: 0.6118751978654707
Epoch 768 MSE: 8.601368608651683e-05
Epoch 768 val RMSE: 0.6131513178520906
Epoch 769 MSE: 8.596025145379826e-05
Epoch 769 val RMSE: 0.6144444071544746
Epoch 770 MSE: 8.590672950958833e-05
Epoch 770 val RMSE: 0.615752301875097
Epoch 771 MSE: 8.58530038385652e-05
Epoch 771 val RMSE: 0.6170722274330381
Epoch 772 MSE: 8.579924906371161e-05
Epoch 772 val RMSE: 0.6184089019084706
Epoch 773 MSE: 8.574536332162097e-05
Epoch 773 val RMSE: 0.6197607262419107
Epoch 774 MSE: 8.569133933633566e-05
Epoch 774 val RMSE: 0.621123163258552
Epoch 775 MSE: 8.563696610508487e-05
Epoch 775 val RMSE: 0.6225046411211049
Epoch 776 MSE: 8.558277477277443e-05
Epoch 776 val RMSE: 0.6239004715428111
Epoch 777 MSE: 8.55283287819475e-05
Epoch 777 val RMSE: 0.625311892889015
Epoch 778 MSE: 8.547361358068883e-05
Epoch 778 val RMSE: 0.6267374208342116
Epoch 779 MSE: 8.541892748326063e-05
Epoch 779 val RMSE: 0.6281795686770104
Epoch 780 MSE: 8.536398672731593e-05
Epoch 780 val RMSE: 0.6296390268680537
Epoch 781 MSE: 8.530884224455804e-05
Epoch 781 val RMSE: 0.6311093239729089
Epoch 782 MSE: 8.52537268656306e-05
Epoch 782 val RMSE: 0.6326002070994344
Epoch 783 MSE: 8.51983786560595e-05
Epoch 783 val RMSE: 0.6341052332090201
Epoch 784 MSE: 8.514294313499704e-05
Epoch 784 val RMSE: 0.6356278183311014
Epoch 785 MSE: 8.508744213031605e-05
Epoch 785 val RMSE: 0.6371696139636747
Epoch 786 MSE: 8.503153367200866e-05
Epoch 786 val RMSE: 0.6387244619949024
Epoch 787 MSE: 8.497553790220991e-05
Epoch 787 val RMSE: 0.6402979225148819
Epoch 788 MSE: 8.491941844113171e-05
Epoch 788 val RMSE: 0.6418898354350883
Epoch 789 MSE: 8.486314618494362e-05
Epoch 789 val RMSE: 0.6434941588954023
Epoch 790 MSE: 8.480661199428141e-05
Epoch 790 val RMSE: 0.6451217027552945
Epoch 791 MSE: 8.474999776808545e-05
Epoch 791 val RMSE: 0.6467626381926928
Epoch 792 MSE: 8.46932380227372e-05
Epoch 792 val RMSE: 0.6484249987029117
Epoch 793 MSE: 8.46362963784486e-05
Epoch 793 val RMSE: 0.6501017894272528
Epoch 794 MSE: 8.457928925054148e-05
Epoch 794 val RMSE: 0.651801906485343
Epoch 795 MSE: 8.452188194496557e-05
Epoch 795 val RMSE: 0.6535141319536025
Epoch 796 MSE: 8.446443098364398e-05
Epoch 796 val RMSE: 0.6552486045441219
Epoch 797 MSE: 8.440679812338203e-05
Epoch 797 val RMSE: 0.6570029707366807
Epoch 798 MSE: 8.434895426034927e-05
Epoch 798 val RMSE: 0.6587742894017883
Epoch 799 MSE: 8.429088484263048e-05
Epoch 799 val RMSE: 0.660564476965253
Epoch 800 MSE: 8.423265535384417e-05
Epoch 800 val RMSE: 0.6623757875707421
Epoch 801 MSE: 8.417422213824466e-05
Epoch 801 val RMSE: 0.6642054684391754
Epoch 802 MSE: 8.41157088871114e-05
Epoch 802 val RMSE: 0.666056500296441
Epoch 803 MSE: 8.405705739278346e-05
Epoch 803 val RMSE: 0.6679235967354723
Epoch 804 MSE: 8.399803482461721e-05
Epoch 804 val RMSE: 0.669814788000042
Epoch 805 MSE: 8.393874304601923e-05
Epoch 805 val RMSE: 0.6717244356584271
Epoch 806 MSE: 8.387946581933647e-05
Epoch 806 val RMSE: 0.673656519171016
Epoch 807 MSE: 8.381995576201007e-05
Epoch 807 val RMSE: 0.6756055305774054
Epoch 808 MSE: 8.376024197787046e-05
Epoch 808 val RMSE: 0.6775802085173241
Epoch 809 MSE: 8.370025898329914e-05
Epoch 809 val RMSE: 0.6795709663550669
Epoch 810 MSE: 8.364005043404177e-05
Epoch 810 val RMSE: 0.6815868454843571
Epoch 811 MSE: 8.357971819350496e-05
Epoch 811 val RMSE: 0.6836223487321309
Epoch 812 MSE: 8.351927681360394e-05
Epoch 812 val RMSE: 0.6856793441377819
Epoch 813 MSE: 8.3458362496458e-05
Epoch 813 val RMSE: 0.6877597621542433
Epoch 814 MSE: 8.339750638697296e-05
Epoch 814 val RMSE: 0.6898600860424074
Epoch 815 MSE: 8.3336271927692e-05
Epoch 815 val RMSE: 0.6919837091945624
Epoch 816 MSE: 8.327488467330113e-05
Epoch 816 val RMSE: 0.6941281207519591
Epoch 817 MSE: 8.321333734784275e-05
Epoch 817 val RMSE: 0.6962955041188817
Epoch 818 MSE: 8.315146988024935e-05
Epoch 818 val RMSE: 0.6984850267800159
Epoch 819 MSE: 8.308955148095265e-05
Epoch 819 val RMSE: 0.7006985227476444
Epoch 820 MSE: 8.302733476739377e-05
Epoch 820 val RMSE: 0.7029345360387581
Epoch 821 MSE: 8.2964870671276e-05
Epoch 821 val RMSE: 0.7051923453257424
Epoch 822 MSE: 8.290237019537017e-05
Epoch 822 val RMSE: 0.7074722263694434
Epoch 823 MSE: 8.283930947072804e-05
Epoch 823 val RMSE: 0.7097789001063167
Epoch 824 MSE: 8.277635788545012e-05
Epoch 824 val RMSE: 0.7121057239298674
Epoch 825 MSE: 8.271295519080013e-05
Epoch 825 val RMSE: 0.7144578402756254
Epoch 826 MSE: 8.264950156444684e-05
Epoch 826 val RMSE: 0.7168341686723151
Epoch 827 MSE: 8.258582965936512e-05
Epoch 827 val RMSE: 0.7192314857218856
Epoch 828 MSE: 8.252175757661462e-05
Epoch 828 val RMSE: 0.7216549922036998
Epoch 829 MSE: 8.245756907854229e-05
Epoch 829 val RMSE: 0.7240975106656837
Epoch 830 MSE: 8.239319868152961e-05
Epoch 830 val RMSE: 0.7265688988188491
Epoch 831 MSE: 8.232864638557658e-05
Epoch 831 val RMSE: 0.7290624453221255
Epoch 832 MSE: 8.226385398302227e-05
Epoch 832 val RMSE: 0.7315817936076733
Epoch 833 MSE: 8.219866140279919e-05
Epoch 833 val RMSE: 0.7341211164187623
Epoch 834 MSE: 8.213338151108474e-05
Epoch 834 val RMSE: 0.7366863967733196
Epoch 835 MSE: 8.206796337617561e-05
Epoch 835 val RMSE: 0.7392743813032397
Epoch 836 MSE: 8.200227603083476e-05
Epoch 836 val RMSE: 0.7418897332622182
Epoch 837 MSE: 8.193637040676549e-05
Epoch 837 val RMSE: 0.7445249591253402
Epoch 838 MSE: 8.187023195205256e-05
Epoch 838 val RMSE: 0.7471877859666278
Epoch 839 MSE: 8.18038170109503e-05
Epoch 839 val RMSE: 0.7498680634480613
Epoch 840 MSE: 8.173734386218712e-05
Epoch 840 val RMSE: 0.7525792673253368
Epoch 841 MSE: 8.167060150299221e-05
Epoch 841 val RMSE: 0.755308320014571
Epoch 842 MSE: 8.160350262187421e-05
Epoch 842 val RMSE: 0.7580671767333421
Epoch 843 MSE: 8.153642556862906e-05
Epoch 843 val RMSE: 0.7608385135255626
Epoch 844 MSE: 8.146884647430852e-05
Epoch 844 val RMSE: 0.7636483425407379
Epoch 845 MSE: 8.140120917232707e-05
Epoch 845 val RMSE: 0.7664620242108167
Epoch 846 MSE: 8.133341907523572e-05
Epoch 846 val RMSE: 0.7693236017606125
Epoch 847 MSE: 8.126539614750072e-05
Epoch 847 val RMSE: 0.7721768132778254
Epoch 848 MSE: 8.119699486996979e-05
Epoch 848 val RMSE: 0.7750888496658972
Epoch 849 MSE: 8.112860814435408e-05
Epoch 849 val RMSE: 0.7779819418299547
Epoch 850 MSE: 8.105984306894243e-05
Epoch 850 val RMSE: 0.7809465200354353
Epoch 851 MSE: 8.099086699075997e-05
Epoch 851 val RMSE: 0.7838652896197538
Epoch 852 MSE: 8.092186908470467e-05
Epoch 852 val RMSE: 0.7868996238946107
Epoch 853 MSE: 8.08525801403448e-05
Epoch 853 val RMSE: 0.7898253350983534
Epoch 854 MSE: 8.078342216322199e-05
Epoch 854 val RMSE: 0.7929568360283986
Epoch 855 MSE: 8.071405318332836e-05
Epoch 855 val RMSE: 0.7958444027022685
Epoch 856 MSE: 8.06450261734426e-05
Epoch 856 val RMSE: 0.7991291775295142
Epoch 857 MSE: 8.057701779762283e-05
Epoch 857 val RMSE: 0.8018941449729018
Epoch 858 MSE: 8.05118033895269e-05
Epoch 858 val RMSE: 0.8054618442953468
Epoch 859 MSE: 8.04532173788175e-05
Epoch 859 val RMSE: 0.8079157396232187
Epoch 860 MSE: 8.041135151870549e-05
Epoch 860 val RMSE: 0.8120656319599445
Epoch 861 MSE: 8.041215915000066e-05
Epoch 861 val RMSE: 0.8137803260437909
Epoch 862 MSE: 8.052140037762001e-05
Epoch 862 val RMSE: 0.8192716989352986
Epoch 863 MSE: 8.092138159554452e-05
Epoch 863 val RMSE: 0.8193249161789461
Epoch 864 MSE: 8.20762652438134e-05
Epoch 864 val RMSE: 0.8282808121264656
Epoch 865 MSE: 8.538672409486026e-05
Epoch 865 val RMSE: 0.8251601713925644
Epoch 866 MSE: 9.426521137356758e-05
Epoch 866 val RMSE: 0.8450533725315286
Epoch 867 MSE: 0.00012059941946063191
Epoch 867 val RMSE: 0.8402211605435697
Epoch 868 MSE: 0.00018721897504292428
Epoch 868 val RMSE: 0.9071698289096917
Epoch 869 MSE: 0.00039802800165489316
Epoch 869 val RMSE: 0.9236492927486198
Epoch 870 MSE: 0.000764202733989805
Epoch 870 val RMSE: 1.1960379699019101
Epoch 871 MSE: 0.0018206208478659391
Epoch 871 val RMSE: 1.1006041341663417
Epoch 872 MSE: 0.0014104966539889574
Epoch 872 val RMSE: 1.5851654278079168
Epoch 873 MSE: 0.0013398799346759915
Epoch 873 val RMSE: 0.9055881714424105
Epoch 874 MSE: 0.0005392825114540756
Epoch 874 val RMSE: 0.8067642375823367
Epoch 875 MSE: 0.00045854118070565164
Epoch 875 val RMSE: 1.0228661259883114
Epoch 876 MSE: 0.0005702748312614858
Epoch 876 val RMSE: 0.8100795271768721
Epoch 877 MSE: 0.0004706706095021218
Epoch 877 val RMSE: 0.8786181846720111
Epoch 878 MSE: 0.00036676734453067183
Epoch 878 val RMSE: 0.8703772159533415
Epoch 879 MSE: 0.00024718427448533475
Epoch 879 val RMSE: 0.6953485243819704
Epoch 880 MSE: 0.0004133374313823879
Epoch 880 val RMSE: 0.8170701389391892
Epoch 881 MSE: 0.0001917524787131697
Epoch 881 val RMSE: 0.8951527131713735
Epoch 882 MSE: 0.00020155303354840726
Epoch 882 val RMSE: 0.6125815220512286
Epoch 883 MSE: 0.000310564530082047
Epoch 883 val RMSE: 0.6332853928625062
Epoch 884 MSE: 0.00010293005470884964
Epoch 884 val RMSE: 0.8667025885717939
Epoch 885 MSE: 0.00024752054014243186
Epoch 885 val RMSE: 0.5439181911754366
Epoch 886 MSE: 0.0001478374470025301
Epoch 886 val RMSE: 0.521577148186089
Epoch 887 MSE: 0.00016829054220579565
Epoch 887 val RMSE: 0.7245567282087567
Epoch 888 MSE: 0.00015453800733666867
Epoch 888 val RMSE: 0.5747084313750733
Epoch 889 MSE: 0.00014438452490139753
Epoch 889 val RMSE: 0.5127239400954714
Best model saved at epoch 889 with Test RMSE: 0.5127239400954714
Epoch 890 MSE: 0.0001592080225236714
Epoch 890 val RMSE: 0.5757398893285998
Epoch 891 MSE: 0.00011342270590830594
Epoch 891 val RMSE: 0.6202989447047069
Epoch 892 MSE: 0.00017245546041522175
Epoch 892 val RMSE: 0.571930901343542
Epoch 893 MSE: 9.613861766410992e-05
Epoch 893 val RMSE: 0.5297125560044375
Epoch 894 MSE: 0.00014798218035139143
Epoch 894 val RMSE: 0.5664111433146656
Epoch 895 MSE: 0.00010751266381703317
Epoch 895 val RMSE: 0.6526977811882303
Epoch 896 MSE: 0.00012463143502827734
Epoch 896 val RMSE: 0.5591222490396076
Epoch 897 MSE: 0.00011177503620274365
Epoch 897 val RMSE: 0.5206994138844391
Epoch 898 MSE: 0.00011679107410600409
Epoch 898 val RMSE: 0.6103593749500006
Epoch 899 MSE: 0.00010875956650124863
Epoch 899 val RMSE: 0.625065108722636
Epoch 900 MSE: 0.00010571992606855929
Epoch 900 val RMSE: 0.5198658604186535
Epoch 901 MSE: 0.00011319376790197566
Epoch 901 val RMSE: 0.5386585989153568
Epoch 902 MSE: 9.431983926333487e-05
Epoch 902 val RMSE: 0.6358817514263984
Epoch 903 MSE: 0.00011231276585021988
Epoch 903 val RMSE: 0.5519249316963699
Epoch 904 MSE: 9.287453576689586e-05
Epoch 904 val RMSE: 0.5281899621048701
Epoch 905 MSE: 0.00010505520913284272
Epoch 905 val RMSE: 0.5862037562369368
Epoch 906 MSE: 9.357254748465493e-05
Epoch 906 val RMSE: 0.5910120881372529
Epoch 907 MSE: 0.0001020135750877671
Epoch 907 val RMSE: 0.551423287046039
Epoch 908 MSE: 9.09034934011288e-05
Epoch 908 val RMSE: 0.5534722353580122
Epoch 909 MSE: 9.905533806886524e-05
Epoch 909 val RMSE: 0.5753242853253642
Epoch 910 MSE: 9.149836841970682e-05
Epoch 910 val RMSE: 0.5823930473536192
Epoch 911 MSE: 9.352267807116732e-05
Epoch 911 val RMSE: 0.5597744714073843
Epoch 912 MSE: 9.332651097793132e-05
Epoch 912 val RMSE: 0.5506652547559965
Epoch 913 MSE: 9.074568515643477e-05
Epoch 913 val RMSE: 0.5812520437307216
Epoch 914 MSE: 9.221932123182341e-05
Epoch 914 val RMSE: 0.5876785605551027
Epoch 915 MSE: 8.970421913545579e-05
Epoch 915 val RMSE: 0.5528913888229305
Epoch 916 MSE: 9.173377475235611e-05
Epoch 916 val RMSE: 0.566404119027174
Epoch 917 MSE: 8.75815239851363e-05
Epoch 917 val RMSE: 0.6040264054520104
Epoch 918 MSE: 9.163626964436844e-05
Epoch 918 val RMSE: 0.5748779768629277
Epoch 919 MSE: 8.704572974238545e-05
Epoch 919 val RMSE: 0.5656923201316314
Epoch 920 MSE: 8.984391752164811e-05
Epoch 920 val RMSE: 0.5951438905329451
Epoch 921 MSE: 8.75819314387627e-05
Epoch 921 val RMSE: 0.5951870292942918
Epoch 922 MSE: 8.869593148119748e-05
Epoch 922 val RMSE: 0.5785505172232005
Epoch 923 MSE: 8.712790440768003e-05
Epoch 923 val RMSE: 0.584390250430287
Epoch 924 MSE: 8.800685463938862e-05
Epoch 924 val RMSE: 0.5952438585252134
Epoch 925 MSE: 8.720929326955229e-05
Epoch 925 val RMSE: 0.5951348017009789
Epoch 926 MSE: 8.669099042890593e-05
Epoch 926 val RMSE: 0.5881382873607071
Epoch 927 MSE: 8.746645471546799e-05
Epoch 927 val RMSE: 0.5892658560573404
Epoch 928 MSE: 8.61383814481087e-05
Epoch 928 val RMSE: 0.603864106241305
Epoch 929 MSE: 8.694374992046505e-05
Epoch 929 val RMSE: 0.6031413476339336
Epoch 930 MSE: 8.59557039802894e-05
Epoch 930 val RMSE: 0.5920862428359674
Epoch 931 MSE: 8.664351480547339e-05
Epoch 931 val RMSE: 0.6043605383767084
Epoch 932 MSE: 8.554106898372993e-05
Epoch 932 val RMSE: 0.6163951761583012
Epoch 933 MSE: 8.627375063952059e-05
Epoch 933 val RMSE: 0.603088845271245
Epoch 934 MSE: 8.55784019222483e-05
Epoch 934 val RMSE: 0.6049559359621753
Epoch 935 MSE: 8.561013237340376e-05
Epoch 935 val RMSE: 0.6193637385725527
Epoch 936 MSE: 8.555148815503344e-05
Epoch 936 val RMSE: 0.6153017764031286
Epoch 937 MSE: 8.528499165549874e-05
Epoch 937 val RMSE: 0.6111406520244372
Epoch 938 MSE: 8.530849299859256e-05
Epoch 938 val RMSE: 0.6183512857646627
Epoch 939 MSE: 8.496110967826098e-05
Epoch 939 val RMSE: 0.6231245990931714
Epoch 940 MSE: 8.520333358319476e-05
Epoch 940 val RMSE: 0.6225365010249709
Epoch 941 MSE: 8.465805149171501e-05
Epoch 941 val RMSE: 0.6220292537439659
Epoch 942 MSE: 8.490727486787364e-05
Epoch 942 val RMSE: 0.6272530239529506
Epoch 943 MSE: 8.457003423245624e-05
Epoch 943 val RMSE: 0.634207071900254
Epoch 944 MSE: 8.457178046228364e-05
Epoch 944 val RMSE: 0.6313671985265826
Epoch 945 MSE: 8.44012392917648e-05
Epoch 945 val RMSE: 0.6314588125846484
Epoch 946 MSE: 8.433843322563916e-05
Epoch 946 val RMSE: 0.6414551589662615
Epoch 947 MSE: 8.424786938121542e-05
Epoch 947 val RMSE: 0.6420719042690575
Epoch 948 MSE: 8.404824620811269e-05
Epoch 948 val RMSE: 0.6382231929900657
Epoch 949 MSE: 8.41056535136886e-05
Epoch 949 val RMSE: 0.6454736928535865
Epoch 950 MSE: 8.384841930819675e-05
Epoch 950 val RMSE: 0.6503928473723879
Epoch 951 MSE: 8.386642730329186e-05
Epoch 951 val RMSE: 0.6477763010631252
Epoch 952 MSE: 8.369433635380119e-05
Epoch 952 val RMSE: 0.6508454116021277
Epoch 953 MSE: 8.366067777387798e-05
Epoch 953 val RMSE: 0.6565539473603436
Epoch 954 MSE: 8.351560245500877e-05
Epoch 954 val RMSE: 0.6584048089528508
Epoch 955 MSE: 8.344515663338825e-05
Epoch 955 val RMSE: 0.6596090091359571
Epoch 956 MSE: 8.337550389114767e-05
Epoch 956 val RMSE: 0.6627377929023764
Epoch 957 MSE: 8.3229060692247e-05
Epoch 957 val RMSE: 0.667817639664475
Epoch 958 MSE: 8.320081542478874e-05
Epoch 958 val RMSE: 0.6701806238802316
Epoch 959 MSE: 8.306340168928728e-05
Epoch 959 val RMSE: 0.670305192458506
Epoch 960 MSE: 8.301179332192987e-05
Epoch 960 val RMSE: 0.6754244264756601
Epoch 961 MSE: 8.288977551274002e-05
Epoch 961 val RMSE: 0.6800992748777711
Epoch 962 MSE: 8.28323099995032e-05
Epoch 962 val RMSE: 0.6794520441638622
Epoch 963 MSE: 8.273173443740234e-05
Epoch 963 val RMSE: 0.6827983697611986
Epoch 964 MSE: 8.263796917162836e-05
Epoch 964 val RMSE: 0.6886113244591063
Epoch 965 MSE: 8.257436275016516e-05
Epoch 965 val RMSE: 0.6895528618533062
Epoch 966 MSE: 8.246488869190216e-05
Epoch 966 val RMSE: 0.6915119111958444
Epoch 967 MSE: 8.23984737507999e-05
Epoch 967 val RMSE: 0.6965033587972435
Epoch 968 MSE: 8.229636296164244e-05
Epoch 968 val RMSE: 0.6995015558071436
Epoch 969 MSE: 8.22277506813407e-05
Epoch 969 val RMSE: 0.7015042805462922
Epoch 970 MSE: 8.212921966332942e-05
Epoch 970 val RMSE: 0.704646816051958
Epoch 971 MSE: 8.204820187529549e-05
Epoch 971 val RMSE: 0.7085175461679437
Epoch 972 MSE: 8.19684864836745e-05
Epoch 972 val RMSE: 0.7116536316880221
Epoch 973 MSE: 8.187258936231956e-05
Epoch 973 val RMSE: 0.7134362627871693
Epoch 974 MSE: 8.179667929653078e-05
Epoch 974 val RMSE: 0.7169067963763154
Epoch 975 MSE: 8.170281944330782e-05
Epoch 975 val RMSE: 0.7212169851882084
Epoch 976 MSE: 8.1624835729599e-05
Epoch 976 val RMSE: 0.7229034413457243
Epoch 977 MSE: 8.153133967425674e-05
Epoch 977 val RMSE: 0.7255628538502988
Epoch 978 MSE: 8.144901221385226e-05
Epoch 978 val RMSE: 0.7302397098593298
Epoch 979 MSE: 8.136376709444448e-05
Epoch 979 val RMSE: 0.7326958309260625
Epoch 980 MSE: 8.127266482915729e-05
Epoch 980 val RMSE: 0.7349124727228605
Epoch 981 MSE: 8.119078847812489e-05
Epoch 981 val RMSE: 0.7390312946336827
Epoch 982 MSE: 8.109972259262577e-05
Epoch 982 val RMSE: 0.7422360856064789
Epoch 983 MSE: 8.101603452814743e-05
Epoch 983 val RMSE: 0.7446457157426456
Epoch 984 MSE: 8.092540520010516e-05
Epoch 984 val RMSE: 0.7478341778786622
Epoch 985 MSE: 8.083984721451998e-05
Epoch 985 val RMSE: 0.7512746945859142
Epoch 986 MSE: 8.075251389527693e-05
Epoch 986 val RMSE: 0.7543127120502328
Epoch 987 MSE: 8.06624157121405e-05
Epoch 987 val RMSE: 0.7568797634110315
Epoch 988 MSE: 8.057702507358044e-05
Epoch 988 val RMSE: 0.7601131634787285
Epoch 989 MSE: 8.048670861171558e-05
Epoch 989 val RMSE: 0.7637698605791189
Epoch 990 MSE: 8.03997099865228e-05
Epoch 990 val RMSE: 0.7662822471417081
Epoch 991 MSE: 8.030966273508966e-05
Epoch 991 val RMSE: 0.7691762269839052
Epoch 992 MSE: 8.022168185561895e-05
Epoch 992 val RMSE: 0.7730678484183708
Epoch 993 MSE: 8.013301703613251e-05
Epoch 993 val RMSE: 0.7758785605504854
Epoch 994 MSE: 8.004240226000547e-05
Epoch 994 val RMSE: 0.778574405485739
Epoch 995 MSE: 7.995454507181421e-05
Epoch 995 val RMSE: 0.7822650037980382
Epoch 996 MSE: 7.98638429841958e-05
Epoch 996 val RMSE: 0.7854127227792115
Epoch 997 MSE: 7.977477798704058e-05
Epoch 997 val RMSE: 0.7881875427623589
Epoch 998 MSE: 7.968433783389628e-05
Epoch 998 val RMSE: 0.7914886190737236
Epoch 999 MSE: 7.959439244586974e-05
Epoch 999 val RMSE: 0.7948222554837951
Training time: 38.60096573829651
(400530.275, 3043926.857, 670) 训练完成

./images/(400530.275, 3043926.857, 670)LSTM训练集可视化结果.png保存成功
Train Score: 0.51 RMSE
Train Score: 0.51 RMSE
Test Score: 1.05 RMSE
./images/(400530.275, 3043926.857, 670)真实值vs预测值.png保存成功
