训练开始: 2025-07-16 23:22:47
Group: (400277.273, 3044902.064, 430)
模型标准化格式保存路径：lstmscaler/(400277.273, 3044902.064, 430)best_scaler.pkl
最优模型参数保存路径：lstmmodel/(400277.273, 3044902.064, 430)best_model.pth
Epoch 0 MSE: 0.4788079857826233
Epoch 0 val RMSE: 7.604679734849385
Best model saved at epoch 0 with Test RMSE: 7.604679734849385
Epoch 1 MSE: 0.30549558997154236
Epoch 1 val RMSE: 12.03971838232049
Epoch 2 MSE: 0.6955227851867676
Epoch 2 val RMSE: 8.11514623711163
Epoch 3 MSE: 0.2713029384613037
Epoch 3 val RMSE: 7.352140268127153
Best model saved at epoch 3 with Test RMSE: 7.352140268127153
Epoch 4 MSE: 0.3245106041431427
Epoch 4 val RMSE: 7.105439759080494
Best model saved at epoch 4 with Test RMSE: 7.105439759080494
Epoch 5 MSE: 0.34947559237480164
Epoch 5 val RMSE: 7.007491598787691
Best model saved at epoch 5 with Test RMSE: 7.007491598787691
Epoch 6 MSE: 0.3546101152896881
Epoch 6 val RMSE: 6.9545902379951885
Best model saved at epoch 6 with Test RMSE: 6.9545902379951885
Epoch 7 MSE: 0.348122239112854
Epoch 7 val RMSE: 6.8708383622236875
Best model saved at epoch 7 with Test RMSE: 6.8708383622236875
Epoch 8 MSE: 0.332348108291626
Epoch 8 val RMSE: 6.578239240583126
Best model saved at epoch 8 with Test RMSE: 6.578239240583126
Epoch 9 MSE: 0.30359143018722534
Epoch 9 val RMSE: 5.665735205595287
Best model saved at epoch 9 with Test RMSE: 5.665735205595287
Epoch 10 MSE: 0.2480943650007248
Epoch 10 val RMSE: 5.637991758158527
Best model saved at epoch 10 with Test RMSE: 5.637991758158527
Epoch 11 MSE: 0.16894903779029846
Epoch 11 val RMSE: 6.396219281243413
Epoch 12 MSE: 0.14108699560165405
Epoch 12 val RMSE: 6.728797674150147
Epoch 13 MSE: 0.09907105565071106
Epoch 13 val RMSE: 6.477902337096851
Epoch 14 MSE: 0.12937961518764496
Epoch 14 val RMSE: 6.175199979563225
Epoch 15 MSE: 0.093805693089962
Epoch 15 val RMSE: 6.005506531810059
Epoch 16 MSE: 0.03682803735136986
Epoch 16 val RMSE: 6.18120833055975
Epoch 17 MSE: 0.028780370950698853
Epoch 17 val RMSE: 6.30255612788313
Epoch 18 MSE: 0.05603298917412758
Epoch 18 val RMSE: 5.661870871787772
Epoch 19 MSE: 0.0411858931183815
Epoch 19 val RMSE: 4.901805249308508
Best model saved at epoch 19 with Test RMSE: 4.901805249308508
Epoch 20 MSE: 0.03372130170464516
Epoch 20 val RMSE: 4.286368102201251
Best model saved at epoch 20 with Test RMSE: 4.286368102201251
Epoch 21 MSE: 0.03031024895608425
Epoch 21 val RMSE: 3.9069829634604267
Best model saved at epoch 21 with Test RMSE: 3.9069829634604267
Epoch 22 MSE: 0.028303151950240135
Epoch 22 val RMSE: 3.7830832584989276
Best model saved at epoch 22 with Test RMSE: 3.7830832584989276
Epoch 23 MSE: 0.027065644040703773
Epoch 23 val RMSE: 3.899667671911926
Epoch 24 MSE: 0.02613704837858677
Epoch 24 val RMSE: 4.156593939525557
Epoch 25 MSE: 0.02403229847550392
Epoch 25 val RMSE: 4.3572454686109285
Epoch 26 MSE: 0.01873745582997799
Epoch 26 val RMSE: 4.366903387938066
Epoch 27 MSE: 0.010949663817882538
Epoch 27 val RMSE: 4.215400326724708
Epoch 28 MSE: 0.0055214171297848225
Epoch 28 val RMSE: 3.9969158203331103
Epoch 29 MSE: 0.006130692549049854
Epoch 29 val RMSE: 3.766215297920193
Best model saved at epoch 29 with Test RMSE: 3.766215297920193
Epoch 30 MSE: 0.009988750331103802
Epoch 30 val RMSE: 3.5538753042762665
Best model saved at epoch 30 with Test RMSE: 3.5538753042762665
Epoch 31 MSE: 0.012160023674368858
Epoch 31 val RMSE: 3.3799659081720446
Best model saved at epoch 31 with Test RMSE: 3.3799659081720446
Epoch 32 MSE: 0.011544656939804554
Epoch 32 val RMSE: 3.24141527654127
Best model saved at epoch 32 with Test RMSE: 3.24141527654127
Epoch 33 MSE: 0.009851358830928802
Epoch 33 val RMSE: 3.1305786692335738
Best model saved at epoch 33 with Test RMSE: 3.1305786692335738
Epoch 34 MSE: 0.008492962457239628
Epoch 34 val RMSE: 3.067902762313172
Best model saved at epoch 34 with Test RMSE: 3.067902762313172
Epoch 35 MSE: 0.007429014425724745
Epoch 35 val RMSE: 3.1114032207078295
Epoch 36 MSE: 0.006102940067648888
Epoch 36 val RMSE: 3.305108803301361
Epoch 37 MSE: 0.004897779785096645
Epoch 37 val RMSE: 3.5683378606271927
Epoch 38 MSE: 0.004687588196247816
Epoch 38 val RMSE: 3.6829177058086415
Epoch 39 MSE: 0.00502511253580451
Epoch 39 val RMSE: 3.507081361286421
Epoch 40 MSE: 0.004899701569229364
Epoch 40 val RMSE: 3.1543280160034
Epoch 41 MSE: 0.004817585926502943
Epoch 41 val RMSE: 2.84822920279861
Best model saved at epoch 41 with Test RMSE: 2.84822920279861
Epoch 42 MSE: 0.005378196481615305
Epoch 42 val RMSE: 2.690588130543249
Best model saved at epoch 42 with Test RMSE: 2.690588130543249
Epoch 43 MSE: 0.005833657458424568
Epoch 43 val RMSE: 2.6638737496997864
Best model saved at epoch 43 with Test RMSE: 2.6638737496997864
Epoch 44 MSE: 0.0053781806491315365
Epoch 44 val RMSE: 2.7492707759512363
Epoch 45 MSE: 0.004310387186706066
Epoch 45 val RMSE: 2.9288589323123335
Epoch 46 MSE: 0.00358789530582726
Epoch 46 val RMSE: 3.122653385301335
Epoch 47 MSE: 0.003628181992098689
Epoch 47 val RMSE: 3.2165586548955236
Epoch 48 MSE: 0.0038670904468744993
Epoch 48 val RMSE: 3.1624216605272877
Epoch 49 MSE: 0.0036820380482822657
Epoch 49 val RMSE: 3.0112883857760235
Training time: 4.458883285522461
(400277.273, 3044902.064, 430) 训练完成

./images/(400277.273, 3044902.064, 430)LSTM训练集可视化结果.png保存成功
Train Score: 0.64 RMSE
Train Score: 2.66 RMSE
Test Score: 1.10 RMSE
./images/(400277.273, 3044902.064, 430)真实值vs预测值.png保存成功
