训练开始: 2025-07-16 23:22:23
Group: (400093.254, 3044617.466, 340)
模型标准化格式保存路径：lstmscaler/(400093.254, 3044617.466, 340)best_scaler.pkl
最优模型参数保存路径：lstmmodel/(400093.254, 3044617.466, 340)best_model.pth
Epoch 0 MSE: 0.2853716313838959
Epoch 0 val RMSE: 9.911961013360125
Best model saved at epoch 0 with Test RMSE: 9.911961013360125
Epoch 1 MSE: 0.2840660512447357
Epoch 1 val RMSE: 6.0263645763697555
Best model saved at epoch 1 with Test RMSE: 6.0263645763697555
Epoch 2 MSE: 0.25632986426353455
Epoch 2 val RMSE: 9.09500711148211
Epoch 3 MSE: 0.2342645674943924
Epoch 3 val RMSE: 9.194203117817208
Epoch 4 MSE: 0.13815392553806305
Epoch 4 val RMSE: 20.09252736122857
Epoch 5 MSE: 0.057055823504924774
Epoch 5 val RMSE: 17.01217574371827
Epoch 6 MSE: 0.038582686334848404
Epoch 6 val RMSE: 15.819747289286102
Epoch 7 MSE: 0.036073893308639526
Epoch 7 val RMSE: 15.178651092063793
Epoch 8 MSE: 0.03950467333197594
Epoch 8 val RMSE: 9.783992882439808
Epoch 9 MSE: 0.02568902261555195
Epoch 9 val RMSE: 7.840604234883075
Epoch 10 MSE: 0.02965320274233818
Epoch 10 val RMSE: 8.64085942479804
Epoch 11 MSE: 0.02408517338335514
Epoch 11 val RMSE: 11.765360430292287
Epoch 12 MSE: 0.018328987061977386
Epoch 12 val RMSE: 9.96872780537302
Epoch 13 MSE: 0.017583807930350304
Epoch 13 val RMSE: 6.103734058591332
Epoch 14 MSE: 0.01753445342183113
Epoch 14 val RMSE: 5.654845173922982
Best model saved at epoch 14 with Test RMSE: 5.654845173922982
Epoch 15 MSE: 0.017111362889409065
Epoch 15 val RMSE: 6.043866022489474
Epoch 16 MSE: 0.01202540472149849
Epoch 16 val RMSE: 6.115832884017873
Epoch 17 MSE: 0.015423326753079891
Epoch 17 val RMSE: 5.869038255658819
Epoch 18 MSE: 0.01179869007319212
Epoch 18 val RMSE: 5.1860825773785795
Best model saved at epoch 18 with Test RMSE: 5.1860825773785795
Epoch 19 MSE: 0.009328617714345455
Epoch 19 val RMSE: 5.269621376754283
Epoch 20 MSE: 0.009042518213391304
Epoch 20 val RMSE: 7.674009317582802
Epoch 21 MSE: 0.008952317759394646
Epoch 21 val RMSE: 9.307171212249246
Epoch 22 MSE: 0.00836753100156784
Epoch 22 val RMSE: 8.089774904644289
Epoch 23 MSE: 0.007497105747461319
Epoch 23 val RMSE: 6.11259699395421
Epoch 24 MSE: 0.008430792950093746
Epoch 24 val RMSE: 5.759354652704155
Epoch 25 MSE: 0.006369485519826412
Epoch 25 val RMSE: 6.499444497653332
Epoch 26 MSE: 0.006280570290982723
Epoch 26 val RMSE: 6.826547121749673
Epoch 27 MSE: 0.006039720494300127
Epoch 27 val RMSE: 5.568022997118057
Epoch 28 MSE: 0.004531952552497387
Epoch 28 val RMSE: 3.9054064030486804
Best model saved at epoch 28 with Test RMSE: 3.9054064030486804
Epoch 29 MSE: 0.004605823662132025
Epoch 29 val RMSE: 3.76062097108919
Best model saved at epoch 29 with Test RMSE: 3.76062097108919
Epoch 30 MSE: 0.00507042882964015
Epoch 30 val RMSE: 3.4497403088562133
Best model saved at epoch 30 with Test RMSE: 3.4497403088562133
Epoch 31 MSE: 0.00384927773848176
Epoch 31 val RMSE: 3.760146211459759
Epoch 32 MSE: 0.004109368193894625
Epoch 32 val RMSE: 3.785605956015976
Epoch 33 MSE: 0.004285710398107767
Epoch 33 val RMSE: 3.155627954201724
Best model saved at epoch 33 with Test RMSE: 3.155627954201724
Epoch 34 MSE: 0.0033260262571275234
Epoch 34 val RMSE: 3.050712946128379
Best model saved at epoch 34 with Test RMSE: 3.050712946128379
Epoch 35 MSE: 0.0030355725903064013
Epoch 35 val RMSE: 3.0444559520154346
Best model saved at epoch 35 with Test RMSE: 3.0444559520154346
Epoch 36 MSE: 0.003190172603353858
Epoch 36 val RMSE: 3.2661214204773192
Epoch 37 MSE: 0.0024184377398341894
Epoch 37 val RMSE: 3.7685393772768165
Epoch 38 MSE: 0.002526582684367895
Epoch 38 val RMSE: 4.134561496717832
Epoch 39 MSE: 0.0027355907950550318
Epoch 39 val RMSE: 4.006027210724051
Epoch 40 MSE: 0.002236864995211363
Epoch 40 val RMSE: 3.3239522215236006
Epoch 41 MSE: 0.002514344872906804
Epoch 41 val RMSE: 2.9154695688176306
Best model saved at epoch 41 with Test RMSE: 2.9154695688176306
Epoch 42 MSE: 0.002310635522007942
Epoch 42 val RMSE: 3.2571508527002697
Epoch 43 MSE: 0.0019535161554813385
Epoch 43 val RMSE: 3.6001315304781802
Epoch 44 MSE: 0.0021363217383623123
Epoch 44 val RMSE: 2.7748818518428875
Best model saved at epoch 44 with Test RMSE: 2.7748818518428875
Epoch 45 MSE: 0.0017969124019145966
Epoch 45 val RMSE: 2.3103374989334937
Best model saved at epoch 45 with Test RMSE: 2.3103374989334937
Epoch 46 MSE: 0.0018406473100185394
Epoch 46 val RMSE: 2.3487538138008928
Epoch 47 MSE: 0.0019519294146448374
Epoch 47 val RMSE: 2.25541332508429
Best model saved at epoch 47 with Test RMSE: 2.25541332508429
Epoch 48 MSE: 0.0017275282880291343
Epoch 48 val RMSE: 2.2460077683950512
Best model saved at epoch 48 with Test RMSE: 2.2460077683950512
Epoch 49 MSE: 0.0018068125937134027
Epoch 49 val RMSE: 2.4007956378082334
Training time: 4.25710391998291
(400093.254, 3044617.466, 340) 训练完成

./images/(400093.254, 3044617.466, 340)LSTM训练集可视化结果.png保存成功
Train Score: 2.93 RMSE
Train Score: 2.25 RMSE
Test Score: 2.25 RMSE
./images/(400093.254, 3044617.466, 340)真实值vs预测值.png保存成功
