训练开始: 2025-06-26 13:53:06
Group: (401223.552, 3044155.756, 610)
模型标准化格式保存路径：lstmscaler/(401223.552, 3044155.756, 610)best_scaler.pkl
最优模型参数保存路径：lstmmodel/(401223.552, 3044155.756, 610)best_model.pth
Epoch 0 MSE: 0.22677847743034363
Epoch 0 val RMSE: 7.48933109571412
Best model saved at epoch 0 with Test RMSE: 7.48933109571412
Epoch 1 MSE: 0.20479780435562134
Epoch 1 val RMSE: 8.193359607792011
Epoch 2 MSE: 0.19102245569229126
Epoch 2 val RMSE: 8.079445706985654
Epoch 3 MSE: 0.16915461421012878
Epoch 3 val RMSE: 5.689629795253049
Best model saved at epoch 3 with Test RMSE: 5.689629795253049
Epoch 4 MSE: 0.09265262633562088
Epoch 4 val RMSE: 9.587807271676283
Epoch 5 MSE: 0.224262073636055
Epoch 5 val RMSE: 27.11837251624233
Epoch 6 MSE: 0.209482342004776
Epoch 6 val RMSE: 12.004607905380086
Epoch 7 MSE: 0.06697714328765869
Epoch 7 val RMSE: 7.829763640713147
Epoch 8 MSE: 0.08400596678256989
Epoch 8 val RMSE: 7.1826856328528415
Epoch 9 MSE: 0.09923335164785385
Epoch 9 val RMSE: 6.902801895696448
Epoch 10 MSE: 0.1022825688123703
Epoch 10 val RMSE: 6.5709331278297265
Epoch 11 MSE: 0.09461546689271927
Epoch 11 val RMSE: 6.127579749096944
Epoch 12 MSE: 0.07654353976249695
Epoch 12 val RMSE: 5.532336284630151
Best model saved at epoch 12 with Test RMSE: 5.532336284630151
Epoch 13 MSE: 0.05117880180478096
Epoch 13 val RMSE: 4.602699126453654
Best model saved at epoch 13 with Test RMSE: 4.602699126453654
Epoch 14 MSE: 0.03422251716256142
Epoch 14 val RMSE: 3.694383306802114
Best model saved at epoch 14 with Test RMSE: 3.694383306802114
Epoch 15 MSE: 0.045419320464134216
Epoch 15 val RMSE: 4.99469017373857
Epoch 16 MSE: 0.05492165684700012
Epoch 16 val RMSE: 5.274889303917107
Epoch 17 MSE: 0.04840068146586418
Epoch 17 val RMSE: 4.8945489808512646
Epoch 18 MSE: 0.03926345705986023
Epoch 18 val RMSE: 4.712183343179806
Epoch 19 MSE: 0.034215640276670456
Epoch 19 val RMSE: 4.902807108953749
Epoch 20 MSE: 0.03320799022912979
Epoch 20 val RMSE: 5.299544210448761
Epoch 21 MSE: 0.03411658853292465
Epoch 21 val RMSE: 5.704277361103888
Epoch 22 MSE: 0.034523025155067444
Epoch 22 val RMSE: 6.045516618056658
Epoch 23 MSE: 0.03308432176709175
Epoch 23 val RMSE: 6.336791483081074
Epoch 24 MSE: 0.029878828674554825
Epoch 24 val RMSE: 6.6118148016035
Epoch 25 MSE: 0.0257728174328804
Epoch 25 val RMSE: 6.889826098989467
Epoch 26 MSE: 0.021829431876540184
Epoch 26 val RMSE: 7.157572661526343
Epoch 27 MSE: 0.018904346972703934
Epoch 27 val RMSE: 7.3690487400678855
Epoch 28 MSE: 0.017361033707857132
Epoch 28 val RMSE: 7.467589475736129
Epoch 29 MSE: 0.016915513202548027
Epoch 29 val RMSE: 7.419441161382493
Epoch 30 MSE: 0.016630185768008232
Epoch 30 val RMSE: 7.2315889930231565
Epoch 31 MSE: 0.015401560813188553
Epoch 31 val RMSE: 6.937145327188075
Epoch 32 MSE: 0.013498525135219097
Epoch 32 val RMSE: 6.5539532910644915
Epoch 33 MSE: 0.012435561046004295
Epoch 33 val RMSE: 6.049034028926062
Epoch 34 MSE: 0.012269294820725918
Epoch 34 val RMSE: 5.393524540049051
Epoch 35 MSE: 0.011886421591043472
Epoch 35 val RMSE: 4.6403481757317095
Epoch 36 MSE: 0.011290189810097218
Epoch 36 val RMSE: 3.93803050993516
Epoch 37 MSE: 0.011126947589218616
Epoch 37 val RMSE: 3.472933471736665
Best model saved at epoch 37 with Test RMSE: 3.472933471736665
Epoch 38 MSE: 0.010840787552297115
Epoch 38 val RMSE: 3.3382703142190118
Best model saved at epoch 38 with Test RMSE: 3.3382703142190118
Epoch 39 MSE: 0.009498882107436657
Epoch 39 val RMSE: 3.460294022167572
Epoch 40 MSE: 0.00783049501478672
Epoch 40 val RMSE: 3.6566251904602285
Epoch 41 MSE: 0.006930836476385593
Epoch 41 val RMSE: 3.7534842516933464
Epoch 42 MSE: 0.0069166505709290504
Epoch 42 val RMSE: 3.6527287407803968
Epoch 43 MSE: 0.007229904644191265
Epoch 43 val RMSE: 3.345954809837924
Epoch 44 MSE: 0.007138451561331749
Epoch 44 val RMSE: 2.9232145288641913
Best model saved at epoch 44 with Test RMSE: 2.9232145288641913
Epoch 45 MSE: 0.0064600431360304356
Epoch 45 val RMSE: 2.544140336364514
Best model saved at epoch 45 with Test RMSE: 2.544140336364514
Epoch 46 MSE: 0.0058017694391310215
Epoch 46 val RMSE: 2.3413087464969973
Best model saved at epoch 46 with Test RMSE: 2.3413087464969973
Epoch 47 MSE: 0.005673084408044815
Epoch 47 val RMSE: 2.3248942443422
Best model saved at epoch 47 with Test RMSE: 2.3248942443422
Epoch 48 MSE: 0.005886010359972715
Epoch 48 val RMSE: 2.4018272278814674
Epoch 49 MSE: 0.005871838890016079
Epoch 49 val RMSE: 2.47549020555778
Training time: 2.8246450424194336
(401223.552, 3044155.756, 610) 训练完成

./images/(401223.552, 3044155.756, 610)LSTM训练集可视化结果.png保存成功
Train Score: 1.84 RMSE
Train Score: 2.32 RMSE
Test Score: 6.89 RMSE
./images/(401223.552, 3044155.756, 610)真实值vs预测值.png保存成功
