训练开始: 2025-07-16 23:23:05
Group: (401142.234, 3043998.544, 760)
模型标准化格式保存路径：lstmscaler/(401142.234, 3043998.544, 760)best_scaler.pkl
最优模型参数保存路径：lstmmodel/(401142.234, 3043998.544, 760)best_model.pth
Epoch 0 MSE: 0.34402814507484436
Epoch 0 val RMSE: 1.5573196748832407
Best model saved at epoch 0 with Test RMSE: 1.5573196748832407
Epoch 1 MSE: 0.10045766085386276
Epoch 1 val RMSE: 7.646452945337706
Epoch 2 MSE: 1.1594444513320923
Epoch 2 val RMSE: 2.5604832784638942
Epoch 3 MSE: 0.07350804656744003
Epoch 3 val RMSE: 1.1937296241499245
Best model saved at epoch 3 with Test RMSE: 1.1937296241499245
Epoch 4 MSE: 0.12660004198551178
Epoch 4 val RMSE: 0.8017483709525154
Best model saved at epoch 4 with Test RMSE: 0.8017483709525154
Epoch 5 MSE: 0.16895507276058197
Epoch 5 val RMSE: 0.701392476436727
Best model saved at epoch 5 with Test RMSE: 0.701392476436727
Epoch 6 MSE: 0.18189328908920288
Epoch 6 val RMSE: 0.7247624402697374
Epoch 7 MSE: 0.1788976639509201
Epoch 7 val RMSE: 0.8229716479770268
Epoch 8 MSE: 0.16659413278102875
Epoch 8 val RMSE: 0.988107839455848
Epoch 9 MSE: 0.1476612538099289
Epoch 9 val RMSE: 1.2357387493839975
Epoch 10 MSE: 0.12327251583337784
Epoch 10 val RMSE: 1.6071770482740542
Epoch 11 MSE: 0.0955059677362442
Epoch 11 val RMSE: 2.1790155721863407
Epoch 12 MSE: 0.07354550808668137
Epoch 12 val RMSE: 2.9796423009955952
Epoch 13 MSE: 0.0865016058087349
Epoch 13 val RMSE: 3.1231839816096967
Epoch 14 MSE: 0.09459289908409119
Epoch 14 val RMSE: 2.8616762333574686
Epoch 15 MSE: 0.08094486594200134
Epoch 15 val RMSE: 2.5422686713353917
Epoch 16 MSE: 0.07129450887441635
Epoch 16 val RMSE: 2.288846367016139
Epoch 17 MSE: 0.06932144612073898
Epoch 17 val RMSE: 2.1153824772857317
Epoch 18 MSE: 0.07081533968448639
Epoch 18 val RMSE: 2.007929104636318
Epoch 19 MSE: 0.07275144755840302
Epoch 19 val RMSE: 1.9516032890412516
Epoch 20 MSE: 0.07382325083017349
Epoch 20 val RMSE: 1.9353397385577416
Epoch 21 MSE: 0.07365070283412933
Epoch 21 val RMSE: 1.9512856329059831
Epoch 22 MSE: 0.07228663563728333
Epoch 22 val RMSE: 1.9935252167556592
Epoch 23 MSE: 0.0699896365404129
Epoch 23 val RMSE: 2.056989649240788
Epoch 24 MSE: 0.06711828708648682
Epoch 24 val RMSE: 2.1364560706766595
Epoch 25 MSE: 0.0640726312994957
Epoch 25 val RMSE: 2.22513606909116
Epoch 26 MSE: 0.06126958876848221
Epoch 26 val RMSE: 2.3112958917760444
Epoch 27 MSE: 0.059193264693021774
Epoch 27 val RMSE: 2.36875194056288
Epoch 28 MSE: 0.05859829857945442
Epoch 28 val RMSE: 2.3365380781366
Epoch 29 MSE: 0.05805053934454918
Epoch 29 val RMSE: 2.188008167642137
Epoch 30 MSE: 0.05066772550344467
Epoch 30 val RMSE: 1.9933321189026125
Epoch 31 MSE: 0.043575309216976166
Epoch 31 val RMSE: 1.8038480052904085
Epoch 32 MSE: 0.040817741304636
Epoch 32 val RMSE: 1.63782975174469
Epoch 33 MSE: 0.033899448812007904
Epoch 33 val RMSE: 1.48065442050803
Epoch 34 MSE: 0.040854185819625854
Epoch 34 val RMSE: 1.3256763998999104
Epoch 35 MSE: 0.03184952214360237
Epoch 35 val RMSE: 1.1974938130069572
Epoch 36 MSE: 0.03445097804069519
Epoch 36 val RMSE: 1.1233613477849163
Epoch 37 MSE: 0.024972006678581238
Epoch 37 val RMSE: 1.0698154715489903
Epoch 38 MSE: 0.019597617909312248
Epoch 38 val RMSE: 1.0041524384837341
Epoch 39 MSE: 0.020239152014255524
Epoch 39 val RMSE: 0.9015350350835983
Epoch 40 MSE: 0.016119159758090973
Epoch 40 val RMSE: 0.7501898763628989
Epoch 41 MSE: 0.012955971993505955
Epoch 41 val RMSE: 0.5500218993942263
Best model saved at epoch 41 with Test RMSE: 0.5500218993942263
Epoch 42 MSE: 0.011738857254385948
Epoch 42 val RMSE: 0.31749588346065455
Best model saved at epoch 42 with Test RMSE: 0.31749588346065455
Epoch 43 MSE: 0.009647036902606487
Epoch 43 val RMSE: 0.1720458936738649
Best model saved at epoch 43 with Test RMSE: 0.1720458936738649
Epoch 44 MSE: 0.006909837480634451
Epoch 44 val RMSE: 0.27814794188613523
Epoch 45 MSE: 0.006826107390224934
Epoch 45 val RMSE: 0.37486620344021654
Epoch 46 MSE: 0.008332736790180206
Epoch 46 val RMSE: 0.3973487864485272
Epoch 47 MSE: 0.007344141136854887
Epoch 47 val RMSE: 0.35911747786268494
Epoch 48 MSE: 0.007266524247825146
Epoch 48 val RMSE: 0.2909638147510183
Epoch 49 MSE: 0.006338347215205431
Epoch 49 val RMSE: 0.22867656811119902
Training time: 4.526678562164307
(401142.234, 3043998.544, 760) 训练完成

./images/(401142.234, 3043998.544, 760)LSTM训练集可视化结果.png保存成功
Train Score: 0.43 RMSE
Train Score: 0.17 RMSE
Test Score: 3.74 RMSE
./images/(401142.234, 3043998.544, 760)真实值vs预测值.png保存成功
