训练开始: 2025-07-16 23:23:10
Group: (401223.552, 3044155.756, 490)
模型标准化格式保存路径：lstmscaler/(401223.552, 3044155.756, 490)best_scaler.pkl
最优模型参数保存路径：lstmmodel/(401223.552, 3044155.756, 490)best_model.pth
Epoch 0 MSE: 0.13093751668930054
Epoch 0 val RMSE: 45.85533947320775
Best model saved at epoch 0 with Test RMSE: 45.85533947320775
Epoch 1 MSE: 0.05582576245069504
Epoch 1 val RMSE: 47.046986569944096
Epoch 2 MSE: 0.05669314041733742
Epoch 2 val RMSE: 41.29252069836619
Best model saved at epoch 2 with Test RMSE: 41.29252069836619
Epoch 3 MSE: 0.061114534735679626
Epoch 3 val RMSE: 42.35852774881199
Epoch 4 MSE: 0.05492487549781799
Epoch 4 val RMSE: 44.37449245968553
Epoch 5 MSE: 0.04978034272789955
Epoch 5 val RMSE: 44.555275865175325
Epoch 6 MSE: 0.048831693828105927
Epoch 6 val RMSE: 40.22925028042407
Best model saved at epoch 6 with Test RMSE: 40.22925028042407
Epoch 7 MSE: 0.03628815710544586
Epoch 7 val RMSE: 33.64030749095402
Best model saved at epoch 7 with Test RMSE: 33.64030749095402
Epoch 8 MSE: 0.027512503787875175
Epoch 8 val RMSE: 27.059585942993472
Best model saved at epoch 8 with Test RMSE: 27.059585942993472
Epoch 9 MSE: 0.15734310448169708
Epoch 9 val RMSE: 26.134432171407035
Best model saved at epoch 9 with Test RMSE: 26.134432171407035
Epoch 10 MSE: 0.04344084486365318
Epoch 10 val RMSE: 27.5639315901602
Epoch 11 MSE: 0.06976233422756195
Epoch 11 val RMSE: 30.76668139533465
Epoch 12 MSE: 0.06967653334140778
Epoch 12 val RMSE: 33.69818432724714
Epoch 13 MSE: 0.06561573594808578
Epoch 13 val RMSE: 35.94131773199892
Epoch 14 MSE: 0.061199989169836044
Epoch 14 val RMSE: 37.679284967008066
Epoch 15 MSE: 0.05676260590553284
Epoch 15 val RMSE: 39.079632180551386
Epoch 16 MSE: 0.05251200124621391
Epoch 16 val RMSE: 40.16608585766106
Epoch 17 MSE: 0.04880420118570328
Epoch 17 val RMSE: 40.71289020336111
Epoch 18 MSE: 0.04595872014760971
Epoch 18 val RMSE: 39.939965018312954
Epoch 19 MSE: 0.04332282021641731
Epoch 19 val RMSE: 35.84230087796489
Epoch 20 MSE: 0.03687172010540962
Epoch 20 val RMSE: 24.104084653283483
Best model saved at epoch 20 with Test RMSE: 24.104084653283483
Epoch 21 MSE: 0.02079582028090954
Epoch 21 val RMSE: 8.480291968303673
Best model saved at epoch 21 with Test RMSE: 8.480291968303673
Epoch 22 MSE: 0.024447210133075714
Epoch 22 val RMSE: 13.454631158429242
Epoch 23 MSE: 0.013465075753629208
Epoch 23 val RMSE: 21.029103049080057
Epoch 24 MSE: 0.013393223285675049
Epoch 24 val RMSE: 24.736155327194517
Epoch 25 MSE: 0.011891374364495277
Epoch 25 val RMSE: 26.13583105698119
Epoch 26 MSE: 0.011839887127280235
Epoch 26 val RMSE: 26.38583946767778
Epoch 27 MSE: 0.013051540590822697
Epoch 27 val RMSE: 25.986060293739097
Epoch 28 MSE: 0.010500947944819927
Epoch 28 val RMSE: 25.021210484728627
Epoch 29 MSE: 0.008815286681056023
Epoch 29 val RMSE: 23.542720840842584
Epoch 30 MSE: 0.009412012994289398
Epoch 30 val RMSE: 21.894641015001394
Epoch 31 MSE: 0.007013389375060797
Epoch 31 val RMSE: 20.571288668444396
Epoch 32 MSE: 0.008031489327549934
Epoch 32 val RMSE: 19.99534171214753
Epoch 33 MSE: 0.00641205720603466
Epoch 33 val RMSE: 19.99030984734776
Epoch 34 MSE: 0.005154711659997702
Epoch 34 val RMSE: 20.121142663379686
Epoch 35 MSE: 0.005565502680838108
Epoch 35 val RMSE: 20.047877416724585
Epoch 36 MSE: 0.0046367100439965725
Epoch 36 val RMSE: 19.657174529877047
Epoch 37 MSE: 0.004314300138503313
Epoch 37 val RMSE: 19.042574114500646
Epoch 38 MSE: 0.00467250170186162
Epoch 38 val RMSE: 18.375295623684874
Epoch 39 MSE: 0.0042698378674685955
Epoch 39 val RMSE: 17.78339779290074
Epoch 40 MSE: 0.0034951595589518547
Epoch 40 val RMSE: 17.343293385036567
Epoch 41 MSE: 0.0035161932464689016
Epoch 41 val RMSE: 17.144150766881925
Epoch 42 MSE: 0.003479770617559552
Epoch 42 val RMSE: 17.291983556333264
Epoch 43 MSE: 0.0027517518028616905
Epoch 43 val RMSE: 17.832906177194154
Epoch 44 MSE: 0.002580065745860338
Epoch 44 val RMSE: 18.687196250666858
Epoch 45 MSE: 0.0024487553164362907
Epoch 45 val RMSE: 19.64618681194903
Epoch 46 MSE: 0.0019192734034731984
Epoch 46 val RMSE: 20.469883824751623
Epoch 47 MSE: 0.0019655742216855288
Epoch 47 val RMSE: 21.026649640805534
Epoch 48 MSE: 0.0019742350559681654
Epoch 48 val RMSE: 21.335150800216265
Epoch 49 MSE: 0.0016538501949980855
Epoch 49 val RMSE: 21.49218820996909
Training time: 1.6826846599578857
(401223.552, 3044155.756, 490) 训练完成

./images/(401223.552, 3044155.756, 490)LSTM训练集可视化结果.png保存成功
Train Score: 7.82 RMSE
Train Score: 8.48 RMSE
Test Score: 2.20 RMSE
./images/(401223.552, 3044155.756, 490)真实值vs预测值.png保存成功
