训练开始: 2025-06-17 22:05:19
Group: (401142.234, 3043998.544, 490)
模型标准化格式保存路径：lstmscaler/(401142.234, 3043998.544, 490)best_scaler.pkl
最优模型参数保存路径：lstmmodel/(401142.234, 3043998.544, 490)best_model.pth
Epoch 0 MSE: 0.23732542991638184
Epoch 0 val RMSE: 23.411218337433205
Best model saved at epoch 0 with Test RMSE: 23.411218337433205
Epoch 1 MSE: 0.04820096865296364
Epoch 1 val RMSE: 54.62846367022186
Epoch 2 MSE: 1.5612038373947144
Epoch 2 val RMSE: 26.57292189847884
Epoch 3 MSE: 0.0352032370865345
Epoch 3 val RMSE: 20.476279328450243
Best model saved at epoch 3 with Test RMSE: 20.476279328450243
Epoch 4 MSE: 0.09422417730093002
Epoch 4 val RMSE: 18.896998640450487
Best model saved at epoch 4 with Test RMSE: 18.896998640450487
Epoch 5 MSE: 0.13154393434524536
Epoch 5 val RMSE: 18.540796609531522
Best model saved at epoch 5 with Test RMSE: 18.540796609531522
Epoch 6 MSE: 0.14031296968460083
Epoch 6 val RMSE: 18.670237245119903
Epoch 7 MSE: 0.13555274903774261
Epoch 7 val RMSE: 19.074896711917276
Epoch 8 MSE: 0.1233309879899025
Epoch 8 val RMSE: 19.728769987872408
Epoch 9 MSE: 0.10522925853729248
Epoch 9 val RMSE: 20.733107711365747
Epoch 10 MSE: 0.08071114867925644
Epoch 10 val RMSE: 22.394347622110402
Epoch 11 MSE: 0.04999347776174545
Epoch 11 val RMSE: 25.584829413028142
Epoch 12 MSE: 0.03303907811641693
Epoch 12 val RMSE: 28.554814679949335
Epoch 13 MSE: 0.06443344056606293
Epoch 13 val RMSE: 27.048473784707912
Epoch 14 MSE: 0.04160596802830696
Epoch 14 val RMSE: 25.518425960010983
Epoch 15 MSE: 0.03279303014278412
Epoch 15 val RMSE: 24.56468536517095
Epoch 16 MSE: 0.034508220851421356
Epoch 16 val RMSE: 24.04182477223612
Epoch 17 MSE: 0.03773002326488495
Epoch 17 val RMSE: 23.817340028541313
Epoch 18 MSE: 0.039731841534376144
Epoch 18 val RMSE: 23.809962340176536
Epoch 19 MSE: 0.040102820843458176
Epoch 19 val RMSE: 23.96899063805214
Epoch 20 MSE: 0.0391622856259346
Epoch 20 val RMSE: 24.258290554870747
Epoch 21 MSE: 0.03747223690152168
Epoch 21 val RMSE: 24.645966100348577
Epoch 22 MSE: 0.035656411200761795
Epoch 22 val RMSE: 25.09721211912478
Epoch 23 MSE: 0.03427844122052193
Epoch 23 val RMSE: 25.56928966981191
Epoch 24 MSE: 0.033708591014146805
Epoch 24 val RMSE: 26.009638246970702
Epoch 25 MSE: 0.03398953005671501
Epoch 25 val RMSE: 26.360161100830144
Epoch 26 MSE: 0.03478363901376724
Epoch 26 val RMSE: 26.570646728638824
Epoch 27 MSE: 0.03552013263106346
Epoch 27 val RMSE: 26.617030424030215
Epoch 28 MSE: 0.03573693707585335
Epoch 28 val RMSE: 26.51030487656522
Epoch 29 MSE: 0.035355258733034134
Epoch 29 val RMSE: 26.28899981418975
Epoch 30 MSE: 0.034642454236745834
Epoch 30 val RMSE: 26.00277460405668
Epoch 31 MSE: 0.033957093954086304
Epoch 31 val RMSE: 25.697979870674537
Epoch 32 MSE: 0.033531852066516876
Epoch 32 val RMSE: 25.410171562735584
Epoch 33 MSE: 0.03341298550367355
Epoch 33 val RMSE: 25.16274906344073
Epoch 34 MSE: 0.03351261094212532
Epoch 34 val RMSE: 24.968732888761345
Epoch 35 MSE: 0.033690955489873886
Epoch 35 val RMSE: 24.83334343758533
Epoch 36 MSE: 0.03382037952542305
Epoch 36 val RMSE: 24.756212475908825
Epoch 37 MSE: 0.0338197685778141
Epoch 37 val RMSE: 24.732872170864276
Epoch 38 MSE: 0.03366449475288391
Epoch 38 val RMSE: 24.75558377866812
Epoch 39 MSE: 0.03338024392724037
Epoch 39 val RMSE: 24.813707759491276
Epoch 40 MSE: 0.03302658349275589
Epoch 40 val RMSE: 24.89389593228629
Epoch 41 MSE: 0.03267451748251915
Epoch 41 val RMSE: 24.980327953571162
Epoch 42 MSE: 0.0323818176984787
Epoch 42 val RMSE: 25.055375682394736
Epoch 43 MSE: 0.03217143565416336
Epoch 43 val RMSE: 25.100850052136558
Epoch 44 MSE: 0.03202018514275551
Epoch 44 val RMSE: 25.099968582680784
Epoch 45 MSE: 0.03186400979757309
Epoch 45 val RMSE: 25.03972186144322
Epoch 46 MSE: 0.03162059187889099
Epoch 46 val RMSE: 24.912930653970264
Epoch 47 MSE: 0.03121933341026306
Epoch 47 val RMSE: 24.719166054099727
Epoch 48 MSE: 0.030619850382208824
Epoch 48 val RMSE: 24.463937805056805
Epoch 49 MSE: 0.029798641800880432
Epoch 49 val RMSE: 24.15628537351873
Epoch 50 MSE: 0.028682874515652657
Epoch 50 val RMSE: 23.80556308900033
Epoch 51 MSE: 0.02696824073791504
Epoch 51 val RMSE: 23.41727252144771
Epoch 52 MSE: 0.02370406500995159
Epoch 52 val RMSE: 22.979939876308425
Epoch 53 MSE: 0.019699860364198685
Epoch 53 val RMSE: 22.422431667741375
Epoch 54 MSE: 0.01530525740236044
Epoch 54 val RMSE: 21.852143471897815
Epoch 55 MSE: 0.015980597585439682
Epoch 55 val RMSE: 21.50905542630897
Epoch 56 MSE: 0.01674068160355091
Epoch 56 val RMSE: 21.371980152632823
Epoch 57 MSE: 0.015554957091808319
Epoch 57 val RMSE: 21.269761893262785
Epoch 58 MSE: 0.016199203208088875
Epoch 58 val RMSE: 21.30836782361898
Epoch 59 MSE: 0.014967367053031921
Epoch 59 val RMSE: 21.455313441045686
Epoch 60 MSE: 0.012868683785200119
Epoch 60 val RMSE: 21.695640948855154
Epoch 61 MSE: 0.011863719671964645
Epoch 61 val RMSE: 21.868971686099506
Epoch 62 MSE: 0.014582226984202862
Epoch 62 val RMSE: 21.85161487189827
Epoch 63 MSE: 0.010778789408504963
Epoch 63 val RMSE: 21.725420513407215
Epoch 64 MSE: 0.016444247215986252
Epoch 64 val RMSE: 21.629451932907795
Epoch 65 MSE: 0.014971255324780941
Epoch 65 val RMSE: 21.531736149718483
Epoch 66 MSE: 0.01066103857010603
Epoch 66 val RMSE: 21.309920974362946
Epoch 67 MSE: 0.013487407937645912
Epoch 67 val RMSE: 20.924371321154357
Epoch 68 MSE: 0.009594178758561611
Epoch 68 val RMSE: 20.485002195299035
Epoch 69 MSE: 0.008994707837700844
Epoch 69 val RMSE: 20.09475994983285
Epoch 70 MSE: 0.009348522871732712
Epoch 70 val RMSE: 19.769693720311448
Epoch 71 MSE: 0.007018471136689186
Epoch 71 val RMSE: 19.4737842106863
Epoch 72 MSE: 0.007523826323449612
Epoch 72 val RMSE: 19.170821206776395
Epoch 73 MSE: 0.008108421228826046
Epoch 73 val RMSE: 18.863844650806623
Epoch 74 MSE: 0.006781617179512978
Epoch 74 val RMSE: 18.607994970083173
Epoch 75 MSE: 0.007312119007110596
Epoch 75 val RMSE: 18.420944798663033
Best model saved at epoch 75 with Test RMSE: 18.420944798663033
Epoch 76 MSE: 0.006324584595859051
Epoch 76 val RMSE: 18.277791640029385
Best model saved at epoch 76 with Test RMSE: 18.277791640029385
Epoch 77 MSE: 0.00545747485011816
Epoch 77 val RMSE: 18.135906437091087
Best model saved at epoch 77 with Test RMSE: 18.135906437091087
Epoch 78 MSE: 0.005870741326361895
Epoch 78 val RMSE: 17.978610575693047
Best model saved at epoch 78 with Test RMSE: 17.978610575693047
Epoch 79 MSE: 0.005114179570227861
Epoch 79 val RMSE: 17.81596046430349
Best model saved at epoch 79 with Test RMSE: 17.81596046430349
Epoch 80 MSE: 0.005522513762116432
Epoch 80 val RMSE: 17.658400035022282
Best model saved at epoch 80 with Test RMSE: 17.658400035022282
Epoch 81 MSE: 0.005532721057534218
Epoch 81 val RMSE: 17.5027943151341
Best model saved at epoch 81 with Test RMSE: 17.5027943151341
Epoch 82 MSE: 0.0050078569911420345
Epoch 82 val RMSE: 17.33793451910209
Best model saved at epoch 82 with Test RMSE: 17.33793451910209
Epoch 83 MSE: 0.0050834184512495995
Epoch 83 val RMSE: 17.1599530668884
Best model saved at epoch 83 with Test RMSE: 17.1599530668884
Epoch 84 MSE: 0.004736281465739012
Epoch 84 val RMSE: 16.98143337854151
Best model saved at epoch 84 with Test RMSE: 16.98143337854151
Epoch 85 MSE: 0.004281729459762573
Epoch 85 val RMSE: 16.824235528636862
Best model saved at epoch 85 with Test RMSE: 16.824235528636862
Epoch 86 MSE: 0.004443417303264141
Epoch 86 val RMSE: 16.703454780713123
Best model saved at epoch 86 with Test RMSE: 16.703454780713123
Epoch 87 MSE: 0.004139809403568506
Epoch 87 val RMSE: 16.615664966098258
Best model saved at epoch 87 with Test RMSE: 16.615664966098258
Epoch 88 MSE: 0.004037621431052685
Epoch 88 val RMSE: 16.54671546635795
Best model saved at epoch 88 with Test RMSE: 16.54671546635795
Epoch 89 MSE: 0.004015673883259296
Epoch 89 val RMSE: 16.48903407204031
Best model saved at epoch 89 with Test RMSE: 16.48903407204031
Epoch 90 MSE: 0.003566993633285165
Epoch 90 val RMSE: 16.445324562050207
Best model saved at epoch 90 with Test RMSE: 16.445324562050207
Epoch 91 MSE: 0.003557466436177492
Epoch 91 val RMSE: 16.41509248315308
Best model saved at epoch 91 with Test RMSE: 16.41509248315308
Epoch 92 MSE: 0.0033456350211054087
Epoch 92 val RMSE: 16.385934222131837
Best model saved at epoch 92 with Test RMSE: 16.385934222131837
Epoch 93 MSE: 0.0032082763500511646
Epoch 93 val RMSE: 16.34069305481621
Best model saved at epoch 93 with Test RMSE: 16.34069305481621
Epoch 94 MSE: 0.0032816038001328707
Epoch 94 val RMSE: 16.27038422508919
Best model saved at epoch 94 with Test RMSE: 16.27038422508919
Epoch 95 MSE: 0.0030883392319083214
Epoch 95 val RMSE: 16.178476536044542
Best model saved at epoch 95 with Test RMSE: 16.178476536044542
Epoch 96 MSE: 0.003062877804040909
Epoch 96 val RMSE: 16.072856963123613
Best model saved at epoch 96 with Test RMSE: 16.072856963123613
Epoch 97 MSE: 0.002982882084324956
Epoch 97 val RMSE: 15.956893072382151
Best model saved at epoch 97 with Test RMSE: 15.956893072382151
Epoch 98 MSE: 0.0028171814046800137
Epoch 98 val RMSE: 15.829133343374922
Best model saved at epoch 98 with Test RMSE: 15.829133343374922
Epoch 99 MSE: 0.002850840101018548
Epoch 99 val RMSE: 15.690561672098852
Best model saved at epoch 99 with Test RMSE: 15.690561672098852
Epoch 100 MSE: 0.00272623123601079
Epoch 100 val RMSE: 15.548642036044146
Best model saved at epoch 100 with Test RMSE: 15.548642036044146
Epoch 101 MSE: 0.0027165894862264395
Epoch 101 val RMSE: 15.41094490615
Best model saved at epoch 101 with Test RMSE: 15.41094490615
Epoch 102 MSE: 0.002653653733432293
Epoch 102 val RMSE: 15.276456802750076
Best model saved at epoch 102 with Test RMSE: 15.276456802750076
Epoch 103 MSE: 0.00253377016633749
Epoch 103 val RMSE: 15.136879031409462
Best model saved at epoch 103 with Test RMSE: 15.136879031409462
Epoch 104 MSE: 0.0025106139946728945
Epoch 104 val RMSE: 14.98614676047724
Best model saved at epoch 104 with Test RMSE: 14.98614676047724
Epoch 105 MSE: 0.0023876316845417023
Epoch 105 val RMSE: 14.825151279957746
Best model saved at epoch 105 with Test RMSE: 14.825151279957746
Epoch 106 MSE: 0.0023670995142310858
Epoch 106 val RMSE: 14.656595644911457
Best model saved at epoch 106 with Test RMSE: 14.656595644911457
Epoch 107 MSE: 0.002300802618265152
Epoch 107 val RMSE: 14.47933381713696
Best model saved at epoch 107 with Test RMSE: 14.47933381713696
Epoch 108 MSE: 0.002229760866612196
Epoch 108 val RMSE: 14.290496036790993
Best model saved at epoch 108 with Test RMSE: 14.290496036790993
Epoch 109 MSE: 0.0021898450795561075
Epoch 109 val RMSE: 14.092190878284327
Best model saved at epoch 109 with Test RMSE: 14.092190878284327
Epoch 110 MSE: 0.002096366137266159
Epoch 110 val RMSE: 13.892822915608372
Best model saved at epoch 110 with Test RMSE: 13.892822915608372
Epoch 111 MSE: 0.002066901186481118
Epoch 111 val RMSE: 13.699914884650914
Best model saved at epoch 111 with Test RMSE: 13.699914884650914
Epoch 112 MSE: 0.0020045628771185875
Epoch 112 val RMSE: 13.513262980020315
Best model saved at epoch 112 with Test RMSE: 13.513262980020315
Epoch 113 MSE: 0.0019568107090890408
Epoch 113 val RMSE: 13.327720859567357
Best model saved at epoch 113 with Test RMSE: 13.327720859567357
Epoch 114 MSE: 0.001911529223434627
Epoch 114 val RMSE: 13.141141720295487
Best model saved at epoch 114 with Test RMSE: 13.141141720295487
Epoch 115 MSE: 0.0018368252785876393
Epoch 115 val RMSE: 12.955357118820457
Best model saved at epoch 115 with Test RMSE: 12.955357118820457
Epoch 116 MSE: 0.0017952568596228957
Epoch 116 val RMSE: 12.769727815671253
Best model saved at epoch 116 with Test RMSE: 12.769727815671253
Epoch 117 MSE: 0.0017278501763939857
Epoch 117 val RMSE: 12.578655729292167
Best model saved at epoch 117 with Test RMSE: 12.578655729292167
Epoch 118 MSE: 0.0016876646550372243
Epoch 118 val RMSE: 12.377113238914244
Best model saved at epoch 118 with Test RMSE: 12.377113238914244
Epoch 119 MSE: 0.0016327988123521209
Epoch 119 val RMSE: 12.165972197757217
Best model saved at epoch 119 with Test RMSE: 12.165972197757217
Epoch 120 MSE: 0.001575945527292788
Epoch 120 val RMSE: 11.949912124374531
Best model saved at epoch 120 with Test RMSE: 11.949912124374531
Epoch 121 MSE: 0.0015268429415300488
Epoch 121 val RMSE: 11.731417632493047
Best model saved at epoch 121 with Test RMSE: 11.731417632493047
Epoch 122 MSE: 0.001466411049477756
Epoch 122 val RMSE: 11.50929282845531
Best model saved at epoch 122 with Test RMSE: 11.50929282845531
Epoch 123 MSE: 0.0014280285686254501
Epoch 123 val RMSE: 11.283123843466054
Best model saved at epoch 123 with Test RMSE: 11.283123843466054
Epoch 124 MSE: 0.0013747671619057655
Epoch 124 val RMSE: 11.055793410340522
Best model saved at epoch 124 with Test RMSE: 11.055793410340522
Epoch 125 MSE: 0.0013346010819077492
Epoch 125 val RMSE: 10.829475263597184
Best model saved at epoch 125 with Test RMSE: 10.829475263597184
Epoch 126 MSE: 0.0012837034882977605
Epoch 126 val RMSE: 10.602305150848977
Best model saved at epoch 126 with Test RMSE: 10.602305150848977
Epoch 127 MSE: 0.0012426244793459773
Epoch 127 val RMSE: 10.371966918280556
Best model saved at epoch 127 with Test RMSE: 10.371966918280556
Epoch 128 MSE: 0.00120267563033849
Epoch 128 val RMSE: 10.139936567781517
Best model saved at epoch 128 with Test RMSE: 10.139936567781517
Epoch 129 MSE: 0.0011653110850602388
Epoch 129 val RMSE: 9.90990065446901
Best model saved at epoch 129 with Test RMSE: 9.90990065446901
Epoch 130 MSE: 0.0011309172259643674
Epoch 130 val RMSE: 9.684346922605716
Best model saved at epoch 130 with Test RMSE: 9.684346922605716
Epoch 131 MSE: 0.00109337258618325
Epoch 131 val RMSE: 9.465019070162255
Best model saved at epoch 131 with Test RMSE: 9.465019070162255
Epoch 132 MSE: 0.0010644923895597458
Epoch 132 val RMSE: 9.25469604058993
Best model saved at epoch 132 with Test RMSE: 9.25469604058993
Epoch 133 MSE: 0.0010340631706640124
Epoch 133 val RMSE: 9.055855255264236
Best model saved at epoch 133 with Test RMSE: 9.055855255264236
Epoch 134 MSE: 0.001012042281217873
Epoch 134 val RMSE: 8.86921481849335
Best model saved at epoch 134 with Test RMSE: 8.86921481849335
Epoch 135 MSE: 0.0009855887619778514
Epoch 135 val RMSE: 8.695562998272946
Best model saved at epoch 135 with Test RMSE: 8.695562998272946
Epoch 136 MSE: 0.0009664628305472434
Epoch 136 val RMSE: 8.536689114355532
Best model saved at epoch 136 with Test RMSE: 8.536689114355532
Epoch 137 MSE: 0.0009457574924454093
Epoch 137 val RMSE: 8.393571900887672
Best model saved at epoch 137 with Test RMSE: 8.393571900887672
Epoch 138 MSE: 0.0009323981357738376
Epoch 138 val RMSE: 8.266480601688118
Best model saved at epoch 138 with Test RMSE: 8.266480601688118
Epoch 139 MSE: 0.000916203367523849
Epoch 139 val RMSE: 8.156785033936089
Best model saved at epoch 139 with Test RMSE: 8.156785033936089
Epoch 140 MSE: 0.0009043773170560598
Epoch 140 val RMSE: 8.065485438514331
Best model saved at epoch 140 with Test RMSE: 8.065485438514331
Epoch 141 MSE: 0.0008903895504772663
Epoch 141 val RMSE: 7.990762145320429
Best model saved at epoch 141 with Test RMSE: 7.990762145320429
Epoch 142 MSE: 0.0008810344152152538
Epoch 142 val RMSE: 7.930268605554922
Best model saved at epoch 142 with Test RMSE: 7.930268605554922
Epoch 143 MSE: 0.0008693943964317441
Epoch 143 val RMSE: 7.88425446734562
Best model saved at epoch 143 with Test RMSE: 7.88425446734562
Epoch 144 MSE: 0.0008599203429184854
Epoch 144 val RMSE: 7.853076025995696
Best model saved at epoch 144 with Test RMSE: 7.853076025995696
Epoch 145 MSE: 0.000848123396281153
Epoch 145 val RMSE: 7.834923386676966
Best model saved at epoch 145 with Test RMSE: 7.834923386676966
Epoch 146 MSE: 0.0008386938134208322
Epoch 146 val RMSE: 7.828710720664774
Best model saved at epoch 146 with Test RMSE: 7.828710720664774
Epoch 147 MSE: 0.0008277723682112992
Epoch 147 val RMSE: 7.835210642852628
Epoch 148 MSE: 0.0008176883566193283
Epoch 148 val RMSE: 7.8537230294672336
Epoch 149 MSE: 0.0008061567205004394
Epoch 149 val RMSE: 7.881534590033624
Epoch 150 MSE: 0.000795377476606518
Epoch 150 val RMSE: 7.9172005188953305
Epoch 151 MSE: 0.000784378033131361
Epoch 151 val RMSE: 7.96073863910729
Epoch 152 MSE: 0.0007732707890681922
Epoch 152 val RMSE: 8.010955937905445
Epoch 153 MSE: 0.0007621964323334396
Epoch 153 val RMSE: 8.066053450214593
Epoch 154 MSE: 0.0007508155540563166
Epoch 154 val RMSE: 8.125471835007732
Epoch 155 MSE: 0.000740448827855289
Epoch 155 val RMSE: 8.188640951782356
Epoch 156 MSE: 0.0007296413532458246
Epoch 156 val RMSE: 8.253888687570052
Epoch 157 MSE: 0.0007197191007435322
Epoch 157 val RMSE: 8.319883810112346
Epoch 158 MSE: 0.0007094861939549446
Epoch 158 val RMSE: 8.386255700130349
Epoch 159 MSE: 0.000700329605024308
Epoch 159 val RMSE: 8.45248461428858
Epoch 160 MSE: 0.0006912558455951512
Epoch 160 val RMSE: 8.517803620395636
Epoch 161 MSE: 0.0006826195167377591
Epoch 161 val RMSE: 8.58176410243624
Epoch 162 MSE: 0.0006742738769389689
Epoch 162 val RMSE: 8.643840612238588
Epoch 163 MSE: 0.0006661335937678814
Epoch 163 val RMSE: 8.703209594096279
Epoch 164 MSE: 0.0006585712544620037
Epoch 164 val RMSE: 8.759254139540346
Epoch 165 MSE: 0.0006508231745101511
Epoch 165 val RMSE: 8.81162338766667
Epoch 166 MSE: 0.0006434760289266706
Epoch 166 val RMSE: 8.860147862976588
Epoch 167 MSE: 0.0006361096748150885
Epoch 167 val RMSE: 8.904988517432544
Epoch 168 MSE: 0.0006289830198511481
Epoch 168 val RMSE: 8.946282186798062
Epoch 169 MSE: 0.0006219559581950307
Epoch 169 val RMSE: 8.98383787456914
Epoch 170 MSE: 0.0006148479878902435
Epoch 170 val RMSE: 9.01749457638088
Epoch 171 MSE: 0.0006080076564103365
Epoch 171 val RMSE: 9.047090886888723
Epoch 172 MSE: 0.0006011044606566429
Epoch 172 val RMSE: 9.072257005176207
Epoch 173 MSE: 0.0005943304277025163
Epoch 173 val RMSE: 9.093023421897245
Epoch 174 MSE: 0.000587606627959758
Epoch 174 val RMSE: 9.109959997430568
Epoch 175 MSE: 0.0005808466812595725
Epoch 175 val RMSE: 9.123484864579913
Epoch 176 MSE: 0.0005742787034250796
Epoch 176 val RMSE: 9.134013283843723
Epoch 177 MSE: 0.0005677057197317481
Epoch 177 val RMSE: 9.142171510464996
Epoch 178 MSE: 0.0005611724336631596
Epoch 178 val RMSE: 9.148088482747836
Epoch 179 MSE: 0.0005547754117287695
Epoch 179 val RMSE: 9.151632661503287
Epoch 180 MSE: 0.0005484189023263752
Epoch 180 val RMSE: 9.15314772197056
Epoch 181 MSE: 0.0005421806708909571
Epoch 181 val RMSE: 9.152936003698102
Epoch 182 MSE: 0.000536043313331902
Epoch 182 val RMSE: 9.151262506821121
Epoch 183 MSE: 0.0005299690528772771
Epoch 183 val RMSE: 9.148931605598863
Epoch 184 MSE: 0.0005240356549620628
Epoch 184 val RMSE: 9.146447464491507
Epoch 185 MSE: 0.0005182024906389415
Epoch 185 val RMSE: 9.14381788519315
Epoch 186 MSE: 0.0005124228773638606
Epoch 186 val RMSE: 9.141288120310788
Epoch 187 MSE: 0.000506753392983228
Epoch 187 val RMSE: 9.138726348616768
Epoch 188 MSE: 0.0005011906614527106
Epoch 188 val RMSE: 9.135831492164392
Epoch 189 MSE: 0.0004956834600307047
Epoch 189 val RMSE: 9.13294824869707
Epoch 190 MSE: 0.0004902448854409158
Epoch 190 val RMSE: 9.130193199294597
Epoch 191 MSE: 0.00048490616609342396
Epoch 191 val RMSE: 9.127634164685608
Epoch 192 MSE: 0.00047963394899852574
Epoch 192 val RMSE: 9.125634158320391
Epoch 193 MSE: 0.0004744009056594223
Epoch 193 val RMSE: 9.123826879053839
Epoch 194 MSE: 0.000469241407699883
Epoch 194 val RMSE: 9.121943131623986
Epoch 195 MSE: 0.00046415714314207435
Epoch 195 val RMSE: 9.119918453454298
Epoch 196 MSE: 0.0004591149336192757
Epoch 196 val RMSE: 9.117337288561746
Epoch 197 MSE: 0.00045411966857500374
Epoch 197 val RMSE: 9.114506370582804
Epoch 198 MSE: 0.0004491824365686625
Epoch 198 val RMSE: 9.111528040746222
Epoch 199 MSE: 0.00044430504203774035
Epoch 199 val RMSE: 9.108321323602082
Epoch 200 MSE: 0.0004394759889692068
Epoch 200 val RMSE: 9.105102584068247
Epoch 201 MSE: 0.00043468570220284164
Epoch 201 val RMSE: 9.101337007668073
Epoch 202 MSE: 0.0004299485881347209
Epoch 202 val RMSE: 9.097058720045563
Epoch 203 MSE: 0.00042526324978098273
Epoch 203 val RMSE: 9.09213190004374
Epoch 204 MSE: 0.0004206293961033225
Epoch 204 val RMSE: 9.086544997290938
Epoch 205 MSE: 0.00041604790021665394
Epoch 205 val RMSE: 9.080711429638065
Epoch 206 MSE: 0.00041150973993353546
Epoch 206 val RMSE: 9.074325948435897
Epoch 207 MSE: 0.000407014595111832
Epoch 207 val RMSE: 9.0677020697195
Epoch 208 MSE: 0.0004025564994663
Epoch 208 val RMSE: 9.06020941890172
Epoch 209 MSE: 0.0003981419140473008
Epoch 209 val RMSE: 9.052060342692922
Epoch 210 MSE: 0.00039376274798996747
Epoch 210 val RMSE: 9.042836712723961
Epoch 211 MSE: 0.0003894211258739233
Epoch 211 val RMSE: 9.032957133474913
Epoch 212 MSE: 0.0003851129731629044
Epoch 212 val RMSE: 9.022169570685703
Epoch 213 MSE: 0.00038083887193351984
Epoch 213 val RMSE: 9.01084924148298
Epoch 214 MSE: 0.00037659387453459203
Epoch 214 val RMSE: 8.998383270858039
Epoch 215 MSE: 0.0003723851405084133
Epoch 215 val RMSE: 8.985292497309535
Epoch 216 MSE: 0.0003682149981614202
Epoch 216 val RMSE: 8.970476256860744
Epoch 217 MSE: 0.0003641187504399568
Epoch 217 val RMSE: 8.955721120931493
Epoch 218 MSE: 0.0003601782373152673
Epoch 218 val RMSE: 8.93825245070638
Epoch 219 MSE: 0.0003567475650925189
Epoch 219 val RMSE: 8.923526110081411
Epoch 220 MSE: 0.00035503407707437873
Epoch 220 val RMSE: 8.901611405128296
Epoch 221 MSE: 0.00035998414386995137
Epoch 221 val RMSE: 8.892197830175427
Epoch 222 MSE: 0.00039129273500293493
Epoch 222 val RMSE: 8.857487553160576
Epoch 223 MSE: 0.0005273385904729366
Epoch 223 val RMSE: 8.879151568734843
Epoch 224 MSE: 0.0010086180409416556
Epoch 224 val RMSE: 8.82374104713497
Epoch 225 MSE: 0.0022660214453935623
Epoch 225 val RMSE: 8.939315931531365
Epoch 226 MSE: 0.0025702021084725857
Epoch 226 val RMSE: 8.93657375417823
Epoch 227 MSE: 0.0012255458859726787
Epoch 227 val RMSE: 8.892865748354785
Epoch 228 MSE: 0.00102543318644166
Epoch 228 val RMSE: 8.806376609135768
Epoch 229 MSE: 0.0016816555289551616
Epoch 229 val RMSE: 8.66532207720291
Epoch 230 MSE: 0.0005142294685356319
Epoch 230 val RMSE: 8.577027408719287
Epoch 231 MSE: 0.0008445737767033279
Epoch 231 val RMSE: 8.576881082253681
Epoch 232 MSE: 0.0014366682153195143
Epoch 232 val RMSE: 8.584133024523492
Epoch 233 MSE: 0.0005208662478253245
Epoch 233 val RMSE: 8.623649602024429
Epoch 234 MSE: 0.0006928249495103955
Epoch 234 val RMSE: 8.674789241462243
Epoch 235 MSE: 0.000736233894713223
Epoch 235 val RMSE: 8.68346767016545
Epoch 236 MSE: 0.0005056591471657157
Epoch 236 val RMSE: 8.649651281130138
Epoch 237 MSE: 0.0007290035719051957
Epoch 237 val RMSE: 8.604753254129553
Epoch 238 MSE: 0.0003728825831785798
Epoch 238 val RMSE: 8.550467620019159
Epoch 239 MSE: 0.0006949342205189168
Epoch 239 val RMSE: 8.496425101297199
Epoch 240 MSE: 0.0003766624431591481
Epoch 240 val RMSE: 8.465849995712324
Epoch 241 MSE: 0.0005843174294568598
Epoch 241 val RMSE: 8.468004031952054
Epoch 242 MSE: 0.0004401502083055675
Epoch 242 val RMSE: 8.47421257389491
Epoch 243 MSE: 0.00041546329157426953
Epoch 243 val RMSE: 8.470986159022317
Epoch 244 MSE: 0.00046731761540286243
Epoch 244 val RMSE: 8.456581523117299
Epoch 245 MSE: 0.0003843841259367764
Epoch 245 val RMSE: 8.421778067913884
Epoch 246 MSE: 0.00047064374666661024
Epoch 246 val RMSE: 8.364840594207633
Epoch 247 MSE: 0.00034247117582708597
Epoch 247 val RMSE: 8.296496596390899
Epoch 248 MSE: 0.00043541810009628534
Epoch 248 val RMSE: 8.233746325473362
Epoch 249 MSE: 0.00031950476113706827
Epoch 249 val RMSE: 8.179980370234508
Epoch 250 MSE: 0.0004248001496307552
Epoch 250 val RMSE: 8.138607895491864
Epoch 251 MSE: 0.00032984011340886354
Epoch 251 val RMSE: 8.11420415956281
Epoch 252 MSE: 0.00037672469625249505
Epoch 252 val RMSE: 8.104338211819798
Epoch 253 MSE: 0.0003296885988675058
Epoch 253 val RMSE: 8.095621371345352
Epoch 254 MSE: 0.00033976513077504933
Epoch 254 val RMSE: 8.080879494418928
Epoch 255 MSE: 0.0003401843423489481
Epoch 255 val RMSE: 8.060262680127506
Epoch 256 MSE: 0.00032180704874917865
Epoch 256 val RMSE: 8.033725223506021
Epoch 257 MSE: 0.000334953103447333
Epoch 257 val RMSE: 8.00289006482336
Epoch 258 MSE: 0.00029734711279161274
Epoch 258 val RMSE: 7.975420385300428
Epoch 259 MSE: 0.0003281588724348694
Epoch 259 val RMSE: 7.960797579118761
Epoch 260 MSE: 0.0002900303225032985
Epoch 260 val RMSE: 7.95824646694316
Epoch 261 MSE: 0.0003192687581758946
Epoch 261 val RMSE: 7.964445739350516
Epoch 262 MSE: 0.0002863260160665959
Epoch 262 val RMSE: 7.978546224696523
Epoch 263 MSE: 0.0002975018578581512
Epoch 263 val RMSE: 7.996350648123439
Epoch 264 MSE: 0.00028632255271077156
Epoch 264 val RMSE: 8.008188348649238
Epoch 265 MSE: 0.0002834410697687417
Epoch 265 val RMSE: 8.010736413600412
Epoch 266 MSE: 0.00028680794639512897
Epoch 266 val RMSE: 8.007818216461374
Epoch 267 MSE: 0.0002704244398046285
Epoch 267 val RMSE: 8.000613665885993
Epoch 268 MSE: 0.0002803959941957146
Epoch 268 val RMSE: 7.990274478174843
Epoch 269 MSE: 0.0002625859633553773
Epoch 269 val RMSE: 7.983499915735017
Epoch 270 MSE: 0.0002726550737861544
Epoch 270 val RMSE: 7.9849060240335
Epoch 271 MSE: 0.0002612349344417453
Epoch 271 val RMSE: 7.989714209037132
Epoch 272 MSE: 0.0002601310843601823
Epoch 272 val RMSE: 7.994810089852212
Epoch 273 MSE: 0.0002588425122667104
Epoch 273 val RMSE: 8.000714270176621
Epoch 274 MSE: 0.0002503669820725918
Epoch 274 val RMSE: 8.002541138466679
Epoch 275 MSE: 0.0002554463571868837
Epoch 275 val RMSE: 7.995588755349898
Epoch 276 MSE: 0.0002453432243783027
Epoch 276 val RMSE: 7.983453088975782
Epoch 277 MSE: 0.00024752787430770695
Epoch 277 val RMSE: 7.9704262559883485
Epoch 278 MSE: 0.00024200275947805494
Epoch 278 val RMSE: 7.955816326922988
Epoch 279 MSE: 0.00023899346706457436
Epoch 279 val RMSE: 7.942857751326817
Epoch 280 MSE: 0.00023990131739992648
Epoch 280 val RMSE: 7.9366803083926065
Epoch 281 MSE: 0.00023304614296648651
Epoch 281 val RMSE: 7.934065188248516
Epoch 282 MSE: 0.0002341561921639368
Epoch 282 val RMSE: 7.930793872940976
Epoch 283 MSE: 0.0002295468730153516
Epoch 283 val RMSE: 7.9278592412099185
Epoch 284 MSE: 0.00022727464966010302
Epoch 284 val RMSE: 7.92286353931441
Epoch 285 MSE: 0.00022697712120134383
Epoch 285 val RMSE: 7.911474620073207
Epoch 286 MSE: 0.0002220445458078757
Epoch 286 val RMSE: 7.896617223097194
Epoch 287 MSE: 0.0002219023444922641
Epoch 287 val RMSE: 7.881959534423843
Epoch 288 MSE: 0.0002187077479902655
Epoch 288 val RMSE: 7.866103217857262
Epoch 289 MSE: 0.0002161666634492576
Epoch 289 val RMSE: 7.851276813832377
Epoch 290 MSE: 0.00021572576952166855
Epoch 290 val RMSE: 7.84096888141176
Epoch 291 MSE: 0.00021199716138653457
Epoch 291 val RMSE: 7.831531750359234
Epoch 292 MSE: 0.00021069968352094293
Epoch 292 val RMSE: 7.820484933085866
Best model saved at epoch 292 with Test RMSE: 7.820484933085866
Epoch 293 MSE: 0.00020902056712657213
Epoch 293 val RMSE: 7.809335540757278
Best model saved at epoch 293 with Test RMSE: 7.809335540757278
Epoch 294 MSE: 0.00020608807972166687
Epoch 294 val RMSE: 7.795185892312198
Best model saved at epoch 294 with Test RMSE: 7.795185892312198
Epoch 295 MSE: 0.00020526415028143674
Epoch 295 val RMSE: 7.776190035597546
Best model saved at epoch 295 with Test RMSE: 7.776190035597546
Epoch 296 MSE: 0.0002028926828643307
Epoch 296 val RMSE: 7.756379977727156
Best model saved at epoch 296 with Test RMSE: 7.756379977727156
Epoch 297 MSE: 0.0002005946298595518
Epoch 297 val RMSE: 7.7365342334006435
Best model saved at epoch 297 with Test RMSE: 7.7365342334006435
Epoch 298 MSE: 0.00019957304175477475
Epoch 298 val RMSE: 7.71589663503655
Best model saved at epoch 298 with Test RMSE: 7.71589663503655
Epoch 299 MSE: 0.00019721343414857984
Epoch 299 val RMSE: 7.698099659838312
Best model saved at epoch 299 with Test RMSE: 7.698099659838312
Epoch 300 MSE: 0.0001954154868144542
Epoch 300 val RMSE: 7.68294383928437
Best model saved at epoch 300 with Test RMSE: 7.68294383928437
Epoch 301 MSE: 0.00019413385598454624
Epoch 301 val RMSE: 7.667132930122189
Best model saved at epoch 301 with Test RMSE: 7.667132930122189
Epoch 302 MSE: 0.0001918614434543997
Epoch 302 val RMSE: 7.651833268450383
Best model saved at epoch 302 with Test RMSE: 7.651833268450383
Epoch 303 MSE: 0.00019026979862246662
Epoch 303 val RMSE: 7.636138534943791
Best model saved at epoch 303 with Test RMSE: 7.636138534943791
Epoch 304 MSE: 0.00018894679669756442
Epoch 304 val RMSE: 7.617230067990031
Best model saved at epoch 304 with Test RMSE: 7.617230067990031
Epoch 305 MSE: 0.00018688541604205966
Epoch 305 val RMSE: 7.59757290282047
Best model saved at epoch 305 with Test RMSE: 7.59757290282047
Epoch 306 MSE: 0.000185321900062263
Epoch 306 val RMSE: 7.578260157058257
Best model saved at epoch 306 with Test RMSE: 7.578260157058257
Epoch 307 MSE: 0.00018395668303128332
Epoch 307 val RMSE: 7.558084002514295
Best model saved at epoch 307 with Test RMSE: 7.558084002514295
Epoch 308 MSE: 0.00018210102280136198
Epoch 308 val RMSE: 7.539838144199294
Best model saved at epoch 308 with Test RMSE: 7.539838144199294
Epoch 309 MSE: 0.00018057758279610425
Epoch 309 val RMSE: 7.52364969399942
Best model saved at epoch 309 with Test RMSE: 7.52364969399942
Epoch 310 MSE: 0.00017924611165653914
Epoch 310 val RMSE: 7.507034054986987
Best model saved at epoch 310 with Test RMSE: 7.507034054986987
Epoch 311 MSE: 0.00017753493739292026
Epoch 311 val RMSE: 7.491209091566224
Best model saved at epoch 311 with Test RMSE: 7.491209091566224
Epoch 312 MSE: 0.0001759916340233758
Epoch 312 val RMSE: 7.474922725826675
Best model saved at epoch 312 with Test RMSE: 7.474922725826675
Epoch 313 MSE: 0.0001747180795064196
Epoch 313 val RMSE: 7.456147738552469
Best model saved at epoch 313 with Test RMSE: 7.456147738552469
Epoch 314 MSE: 0.000173198597622104
Epoch 314 val RMSE: 7.437047864490365
Best model saved at epoch 314 with Test RMSE: 7.437047864490365
Epoch 315 MSE: 0.00017165204917546362
Epoch 315 val RMSE: 7.417260335528865
Best model saved at epoch 315 with Test RMSE: 7.417260335528865
Epoch 316 MSE: 0.0001703649031696841
Epoch 316 val RMSE: 7.396587007473843
Best model saved at epoch 316 with Test RMSE: 7.396587007473843
Epoch 317 MSE: 0.00016901976778171957
Epoch 317 val RMSE: 7.377607240327266
Best model saved at epoch 317 with Test RMSE: 7.377607240327266
Epoch 318 MSE: 0.00016754870011936873
Epoch 318 val RMSE: 7.359106751430847
Best model saved at epoch 318 with Test RMSE: 7.359106751430847
Epoch 319 MSE: 0.00016622833209112287
Epoch 319 val RMSE: 7.340757109134094
Best model saved at epoch 319 with Test RMSE: 7.340757109134094
Epoch 320 MSE: 0.00016499156481586397
Epoch 320 val RMSE: 7.323546583739943
Best model saved at epoch 320 with Test RMSE: 7.323546583739943
Epoch 321 MSE: 0.00016364747716579586
Epoch 321 val RMSE: 7.305163493431991
Best model saved at epoch 321 with Test RMSE: 7.305163493431991
Epoch 322 MSE: 0.00016231767949648201
Epoch 322 val RMSE: 7.286080653064374
Best model saved at epoch 322 with Test RMSE: 7.286080653064374
Epoch 323 MSE: 0.00016111490549519658
Epoch 323 val RMSE: 7.266948489169184
Best model saved at epoch 323 with Test RMSE: 7.266948489169184
Epoch 324 MSE: 0.0001599134411662817
Epoch 324 val RMSE: 7.246572539353707
Best model saved at epoch 324 with Test RMSE: 7.246572539353707
Epoch 325 MSE: 0.00015864889428485185
Epoch 325 val RMSE: 7.226934639911363
Best model saved at epoch 325 with Test RMSE: 7.226934639911363
Epoch 326 MSE: 0.00015742746472824365
Epoch 326 val RMSE: 7.207948207673384
Best model saved at epoch 326 with Test RMSE: 7.207948207673384
Epoch 327 MSE: 0.00015629279369022697
Epoch 327 val RMSE: 7.189072677382901
Best model saved at epoch 327 with Test RMSE: 7.189072677382901
Epoch 328 MSE: 0.00015515826817136258
Epoch 328 val RMSE: 7.171578195451581
Best model saved at epoch 328 with Test RMSE: 7.171578195451581
Epoch 329 MSE: 0.00015398554387502372
Epoch 329 val RMSE: 7.1537148595330455
Best model saved at epoch 329 with Test RMSE: 7.1537148595330455
Epoch 330 MSE: 0.00015284215623978525
Epoch 330 val RMSE: 7.135635201850408
Best model saved at epoch 330 with Test RMSE: 7.135635201850408
Epoch 331 MSE: 0.00015176294255070388
Epoch 331 val RMSE: 7.117508279080763
Best model saved at epoch 331 with Test RMSE: 7.117508279080763
Epoch 332 MSE: 0.0001507023407611996
Epoch 332 val RMSE: 7.098140215080247
Best model saved at epoch 332 with Test RMSE: 7.098140215080247
Epoch 333 MSE: 0.00014962450950406492
Epoch 333 val RMSE: 7.0790885623113144
Best model saved at epoch 333 with Test RMSE: 7.0790885623113144
Epoch 334 MSE: 0.00014855079643893987
Epoch 334 val RMSE: 7.05979800229808
Best model saved at epoch 334 with Test RMSE: 7.05979800229808
Epoch 335 MSE: 0.00014751742128282785
Epoch 335 val RMSE: 7.040648287054393
Best model saved at epoch 335 with Test RMSE: 7.040648287054393
Epoch 336 MSE: 0.00014652030949946493
Epoch 336 val RMSE: 7.022415239495485
Best model saved at epoch 336 with Test RMSE: 7.022415239495485
Epoch 337 MSE: 0.0001455300662200898
Epoch 337 val RMSE: 7.003843069988322
Best model saved at epoch 337 with Test RMSE: 7.003843069988322
Epoch 338 MSE: 0.0001445371744921431
Epoch 338 val RMSE: 6.985865081978289
Best model saved at epoch 338 with Test RMSE: 6.985865081978289
Epoch 339 MSE: 0.00014355432358570397
Epoch 339 val RMSE: 6.96741257222939
Best model saved at epoch 339 with Test RMSE: 6.96741257222939
Epoch 340 MSE: 0.00014259763702284545
Epoch 340 val RMSE: 6.948582226065442
Best model saved at epoch 340 with Test RMSE: 6.948582226065442
Epoch 341 MSE: 0.00014166724577080458
Epoch 341 val RMSE: 6.92983007445636
Best model saved at epoch 341 with Test RMSE: 6.92983007445636
Epoch 342 MSE: 0.0001407521340297535
Epoch 342 val RMSE: 6.910500715693586
Best model saved at epoch 342 with Test RMSE: 6.910500715693586
Epoch 343 MSE: 0.00013984461838845164
Epoch 343 val RMSE: 6.89194245837916
Best model saved at epoch 343 with Test RMSE: 6.89194245837916
Epoch 344 MSE: 0.0001389431272400543
Epoch 344 val RMSE: 6.8733121707465905
Best model saved at epoch 344 with Test RMSE: 6.8733121707465905
Epoch 345 MSE: 0.0001380530302412808
Epoch 345 val RMSE: 6.855449552590642
Best model saved at epoch 345 with Test RMSE: 6.855449552590642
Epoch 346 MSE: 0.00013717864931095392
Epoch 346 val RMSE: 6.837861615369769
Best model saved at epoch 346 with Test RMSE: 6.837861615369769
Epoch 347 MSE: 0.00013632270565722138
Epoch 347 val RMSE: 6.82034214358535
Best model saved at epoch 347 with Test RMSE: 6.82034214358535
Epoch 348 MSE: 0.00013548354036174715
Epoch 348 val RMSE: 6.80314595995063
Best model saved at epoch 348 with Test RMSE: 6.80314595995063
Epoch 349 MSE: 0.00013465745723806322
Epoch 349 val RMSE: 6.785466865101662
Best model saved at epoch 349 with Test RMSE: 6.785466865101662
Epoch 350 MSE: 0.0001338422007393092
Epoch 350 val RMSE: 6.768302123520633
Best model saved at epoch 350 with Test RMSE: 6.768302123520633
Epoch 351 MSE: 0.00013303608284331858
Epoch 351 val RMSE: 6.750720232932934
Best model saved at epoch 351 with Test RMSE: 6.750720232932934
Epoch 352 MSE: 0.00013224055874161422
Epoch 352 val RMSE: 6.733988385708534
Best model saved at epoch 352 with Test RMSE: 6.733988385708534
Epoch 353 MSE: 0.00013145517732482404
Epoch 353 val RMSE: 6.717070329650908
Best model saved at epoch 353 with Test RMSE: 6.717070329650908
Epoch 354 MSE: 0.0001306810008827597
Epoch 354 val RMSE: 6.701061437992637
Best model saved at epoch 354 with Test RMSE: 6.701061437992637
Epoch 355 MSE: 0.00012991770927328616
Epoch 355 val RMSE: 6.684753139049287
Best model saved at epoch 355 with Test RMSE: 6.684753139049287
Epoch 356 MSE: 0.00012916649575345218
Epoch 356 val RMSE: 6.669137147285745
Best model saved at epoch 356 with Test RMSE: 6.669137147285745
Epoch 357 MSE: 0.00012842736032325774
Epoch 357 val RMSE: 6.652911714689085
Best model saved at epoch 357 with Test RMSE: 6.652911714689085
Epoch 358 MSE: 0.00012770177272614092
Epoch 358 val RMSE: 6.637416504300638
Best model saved at epoch 358 with Test RMSE: 6.637416504300638
Epoch 359 MSE: 0.00012699134822469205
Epoch 359 val RMSE: 6.621096342643297
Best model saved at epoch 359 with Test RMSE: 6.621096342643297
Epoch 360 MSE: 0.00012630275159608573
Epoch 360 val RMSE: 6.606112637711297
Best model saved at epoch 360 with Test RMSE: 6.606112637711297
Epoch 361 MSE: 0.0001256471296073869
Epoch 361 val RMSE: 6.589850696499006
Best model saved at epoch 361 with Test RMSE: 6.589850696499006
Epoch 362 MSE: 0.00012505501217674464
Epoch 362 val RMSE: 6.576112416663934
Best model saved at epoch 362 with Test RMSE: 6.576112416663934
Epoch 363 MSE: 0.00012459224672056735
Epoch 363 val RMSE: 6.559494347506575
Best model saved at epoch 363 with Test RMSE: 6.559494347506575
Epoch 364 MSE: 0.00012443306331988424
Epoch 364 val RMSE: 6.547880618993136
Best model saved at epoch 364 with Test RMSE: 6.547880618993136
Epoch 365 MSE: 0.0001249995839316398
Epoch 365 val RMSE: 6.529173890649256
Best model saved at epoch 365 with Test RMSE: 6.529173890649256
Epoch 366 MSE: 0.00012745914864353836
Epoch 366 val RMSE: 6.522167260311895
Best model saved at epoch 366 with Test RMSE: 6.522167260311895
Epoch 367 MSE: 0.00013483621296472847
Epoch 367 val RMSE: 6.497386700477883
Best model saved at epoch 367 with Test RMSE: 6.497386700477883
Epoch 368 MSE: 0.00015612524293828756
Epoch 368 val RMSE: 6.503780439380016
Epoch 369 MSE: 0.00021463847951963544
Epoch 369 val RMSE: 6.4643790547678055
Best model saved at epoch 369 with Test RMSE: 6.4643790547678055
Epoch 370 MSE: 0.0003837064141407609
Epoch 370 val RMSE: 6.514866773365902
Epoch 371 MSE: 0.0008012939360924065
Epoch 371 val RMSE: 6.457402841130226
Best model saved at epoch 371 with Test RMSE: 6.457402841130226
Epoch 372 MSE: 0.0018096279818564653
Epoch 372 val RMSE: 6.626275857393899
Epoch 373 MSE: 0.0025724780280143023
Epoch 373 val RMSE: 6.612594217303436
Epoch 374 MSE: 0.002259737579151988
Epoch 374 val RMSE: 6.68131148021877
Epoch 375 MSE: 0.00039623878546990454
Epoch 375 val RMSE: 6.5965625134162265
Epoch 376 MSE: 0.0015483144670724869
Epoch 376 val RMSE: 6.401902226043163
Best model saved at epoch 376 with Test RMSE: 6.401902226043163
Epoch 377 MSE: 0.0014580400893464684
Epoch 377 val RMSE: 6.280138515232591
Best model saved at epoch 377 with Test RMSE: 6.280138515232591
Epoch 378 MSE: 0.00022263839491643012
Epoch 378 val RMSE: 6.175082915826636
Best model saved at epoch 378 with Test RMSE: 6.175082915826636
Epoch 379 MSE: 0.0016527582192793489
Epoch 379 val RMSE: 6.134754121387655
Best model saved at epoch 379 with Test RMSE: 6.134754121387655
Epoch 380 MSE: 0.0010734876850619912
Epoch 380 val RMSE: 6.188866974848712
Epoch 381 MSE: 0.00032787781674414873
Epoch 381 val RMSE: 6.29127181205705
Epoch 382 MSE: 0.001314816763624549
Epoch 382 val RMSE: 6.4108319527893025
Epoch 383 MSE: 0.0002901361440308392
Epoch 383 val RMSE: 6.49909467994855
Epoch 384 MSE: 0.0008356055477634072
Epoch 384 val RMSE: 6.555253742116712
Epoch 385 MSE: 0.00041686356416903436
Epoch 385 val RMSE: 6.569344284803118
Epoch 386 MSE: 0.0005263014463707805
Epoch 386 val RMSE: 6.55793588961681
Epoch 387 MSE: 0.0005217479192651808
Epoch 387 val RMSE: 6.5381421680040885
Epoch 388 MSE: 0.00030984284239821136
Epoch 388 val RMSE: 6.521453957888035
Epoch 389 MSE: 0.0006267389398999512
Epoch 389 val RMSE: 6.526255765195242
Epoch 390 MSE: 0.0001762971660355106
Epoch 390 val RMSE: 6.542937849740467
Epoch 391 MSE: 0.000532647711224854
Epoch 391 val RMSE: 6.566722274519005
Epoch 392 MSE: 0.00017261516768485308
Epoch 392 val RMSE: 6.584905830932292
Epoch 393 MSE: 0.0004372605762910098
Epoch 393 val RMSE: 6.593140198772058
Epoch 394 MSE: 0.00021887269394937903
Epoch 394 val RMSE: 6.575976385570738
Epoch 395 MSE: 0.00035940585075877607
Epoch 395 val RMSE: 6.535562506051626
Epoch 396 MSE: 0.00022004959464538842
Epoch 396 val RMSE: 6.486003772283981
Epoch 397 MSE: 0.0002913375210482627
Epoch 397 val RMSE: 6.443394008981638
Epoch 398 MSE: 0.00023378584592137486
Epoch 398 val RMSE: 6.410523417462871
Epoch 399 MSE: 0.00024396847584284842
Epoch 399 val RMSE: 6.3925488847482805
Epoch 400 MSE: 0.0002500898845028132
Epoch 400 val RMSE: 6.3967211311145995
Epoch 401 MSE: 0.00019888710812665522
Epoch 401 val RMSE: 6.4173969332150165
Epoch 402 MSE: 0.0002467519952915609
Epoch 402 val RMSE: 6.44379243438986
Epoch 403 MSE: 0.0001750464434735477
Epoch 403 val RMSE: 6.469854435646681
Epoch 404 MSE: 0.0002390114968875423
Epoch 404 val RMSE: 6.494124471314496
Epoch 405 MSE: 0.00016500381752848625
Epoch 405 val RMSE: 6.50983125623231
Epoch 406 MSE: 0.00022510903363581747
Epoch 406 val RMSE: 6.516036864511874
Epoch 407 MSE: 0.00015528305084444582
Epoch 407 val RMSE: 6.518048391503731
Epoch 408 MSE: 0.00021066589397378266
Epoch 408 val RMSE: 6.523984235135226
Epoch 409 MSE: 0.00015024177264422178
Epoch 409 val RMSE: 6.534918671899432
Epoch 410 MSE: 0.00019730976782739162
Epoch 410 val RMSE: 6.552050017821533
Epoch 411 MSE: 0.0001505778927821666
Epoch 411 val RMSE: 6.5748239239806
Epoch 412 MSE: 0.00018130878743249923
Epoch 412 val RMSE: 6.6000868011315355
Epoch 413 MSE: 0.00015117425937205553
Epoch 413 val RMSE: 6.621040168477885
Epoch 414 MSE: 0.00016634784697089344
Epoch 414 val RMSE: 6.6337208479720005
Epoch 415 MSE: 0.0001529237924842164
Epoch 415 val RMSE: 6.636585110760883
Epoch 416 MSE: 0.0001552697067381814
Epoch 416 val RMSE: 6.629992349427471
Epoch 417 MSE: 0.0001527520507806912
Epoch 417 val RMSE: 6.616118613862309
Epoch 418 MSE: 0.00014470807218458503
Epoch 418 val RMSE: 6.599055320872048
Epoch 419 MSE: 0.00015118144801817834
Epoch 419 val RMSE: 6.583367585040777
Epoch 420 MSE: 0.0001374377025058493
Epoch 420 val RMSE: 6.571637576789657
Epoch 421 MSE: 0.00014913568156771362
Epoch 421 val RMSE: 6.564870351773575
Epoch 422 MSE: 0.00013293475785758346
Epoch 422 val RMSE: 6.561712889924755
Epoch 423 MSE: 0.00014419681974686682
Epoch 423 val RMSE: 6.5598799061831095
Epoch 424 MSE: 0.0001305053592659533
Epoch 424 val RMSE: 6.556546080734052
Epoch 425 MSE: 0.000138618444907479
Epoch 425 val RMSE: 6.550092612041326
Epoch 426 MSE: 0.00013009589747525752
Epoch 426 val RMSE: 6.539637678183254
Epoch 427 MSE: 0.00013299410056788474
Epoch 427 val RMSE: 6.526142952740126
Epoch 428 MSE: 0.0001294530084123835
Epoch 428 val RMSE: 6.5119475088229954
Epoch 429 MSE: 0.00012751198664773256
Epoch 429 val RMSE: 6.499289547167438
Epoch 430 MSE: 0.00012871908256784081
Epoch 430 val RMSE: 6.489494343530688
Epoch 431 MSE: 0.00012363435234874487
Epoch 431 val RMSE: 6.483318638069869
Epoch 432 MSE: 0.00012710338342003524
Epoch 432 val RMSE: 6.480700377773579
Epoch 433 MSE: 0.00012104023335268721
Epoch 433 val RMSE: 6.479482399790083
Epoch 434 MSE: 0.00012416842218954116
Epoch 434 val RMSE: 6.477214784986646
Epoch 435 MSE: 0.00011985164746874943
Epoch 435 val RMSE: 6.472622361954891
Epoch 436 MSE: 0.00012099562445655465
Epoch 436 val RMSE: 6.465035814273111
Epoch 437 MSE: 0.00011925401486223564
Epoch 437 val RMSE: 6.453888411544013
Epoch 438 MSE: 0.00011784520756918937
Epoch 438 val RMSE: 6.4403609057405635
Epoch 439 MSE: 0.00011825950059574097
Epoch 439 val RMSE: 6.4267675321163775
Epoch 440 MSE: 0.00011547841131687164
Epoch 440 val RMSE: 6.414150520863762
Epoch 441 MSE: 0.00011680987518047914
Epoch 441 val RMSE: 6.402872525734879
Epoch 442 MSE: 0.00011412455205572769
Epoch 442 val RMSE: 6.393633071561095
Epoch 443 MSE: 0.00011466613796073943
Epoch 443 val RMSE: 6.386119644109929
Epoch 444 MSE: 0.00011322096543153748
Epoch 444 val RMSE: 6.378481643476908
Epoch 445 MSE: 0.00011246167559875175
Epoch 445 val RMSE: 6.369726655326288
Epoch 446 MSE: 0.00011240474850637838
Epoch 446 val RMSE: 6.360004815633618
Epoch 447 MSE: 0.00011078551324317232
Epoch 447 val RMSE: 6.348927156425537
Epoch 448 MSE: 0.00011115590314147994
Epoch 448 val RMSE: 6.336570548195282
Epoch 449 MSE: 0.00010960689542116597
Epoch 449 val RMSE: 6.324511591332289
Epoch 450 MSE: 0.00010954608296742663
Epoch 450 val RMSE: 6.313895798266486
Epoch 451 MSE: 0.0001088054632418789
Epoch 451 val RMSE: 6.304523527336406
Epoch 452 MSE: 0.00010800196469062939
Epoch 452 val RMSE: 6.2965754208164055
Epoch 453 MSE: 0.00010789673251565546
Epoch 453 val RMSE: 6.290235781958174
Epoch 454 MSE: 0.0001067618650267832
Epoch 454 val RMSE: 6.284193269823123
Epoch 455 MSE: 0.00010669825860532
Epoch 455 val RMSE: 6.277241656761576
Epoch 456 MSE: 0.00010589566954877228
Epoch 456 val RMSE: 6.269476185019087
Epoch 457 MSE: 0.00010541848314460367
Epoch 457 val RMSE: 6.260733276417968
Epoch 458 MSE: 0.000105082850495819
Epoch 458 val RMSE: 6.250624053317253
Epoch 459 MSE: 0.00010427895904285833
Epoch 459 val RMSE: 6.2400577048543475
Epoch 460 MSE: 0.00010410122922621667
Epoch 460 val RMSE: 6.230057906712914
Epoch 461 MSE: 0.00010341389861423522
Epoch 461 val RMSE: 6.220439738831459
Epoch 462 MSE: 0.00010302275768481195
Epoch 462 val RMSE: 6.21126546893513
Epoch 463 MSE: 0.00010263732838211581
Epoch 463 val RMSE: 6.202942045574177
Epoch 464 MSE: 0.00010201658005826175
Epoch 464 val RMSE: 6.194754922989948
Epoch 465 MSE: 0.0001017630347632803
Epoch 465 val RMSE: 6.185890373711465
Epoch 466 MSE: 0.00010120322986040264
Epoch 466 val RMSE: 6.176595616076951
Epoch 467 MSE: 0.00010082314111059532
Epoch 467 val RMSE: 6.166892829390621
Epoch 468 MSE: 0.00010045857925433666
Epoch 468 val RMSE: 6.1564891788087355
Epoch 469 MSE: 9.994214633479714e-05
Epoch 469 val RMSE: 6.146062641930617
Epoch 470 MSE: 9.965253411792219e-05
Epoch 470 val RMSE: 6.136328050401043
Epoch 471 MSE: 9.919450531015173e-05
Epoch 471 val RMSE: 6.127076089079291
Best model saved at epoch 471 with Test RMSE: 6.127076089079291
Epoch 472 MSE: 9.88150859484449e-05
Epoch 472 val RMSE: 6.118373789925878
Best model saved at epoch 472 with Test RMSE: 6.118373789925878
Epoch 473 MSE: 9.848416084423661e-05
Epoch 473 val RMSE: 6.110489141236241
Best model saved at epoch 473 with Test RMSE: 6.110489141236241
Epoch 474 MSE: 9.803811553865671e-05
Epoch 474 val RMSE: 6.102817460069384
Best model saved at epoch 474 with Test RMSE: 6.102817460069384
Epoch 475 MSE: 9.773096098797396e-05
Epoch 475 val RMSE: 6.094836954841656
Best model saved at epoch 475 with Test RMSE: 6.094836954841656
Epoch 476 MSE: 9.735117055242881e-05
Epoch 476 val RMSE: 6.086751038773297
Best model saved at epoch 476 with Test RMSE: 6.086751038773297
Epoch 477 MSE: 9.697887435322627e-05
Epoch 477 val RMSE: 6.078410870024664
Best model saved at epoch 477 with Test RMSE: 6.078410870024664
Epoch 478 MSE: 9.667404810898006e-05
Epoch 478 val RMSE: 6.069604230921447
Best model saved at epoch 478 with Test RMSE: 6.069604230921447
Epoch 479 MSE: 9.628853877075016e-05
Epoch 479 val RMSE: 6.060866932311862
Best model saved at epoch 479 with Test RMSE: 6.060866932311862
Epoch 480 MSE: 9.59732205956243e-05
Epoch 480 val RMSE: 6.052499289561832
Best model saved at epoch 480 with Test RMSE: 6.052499289561832
Epoch 481 MSE: 9.565083018969744e-05
Epoch 481 val RMSE: 6.044286050466447
Best model saved at epoch 481 with Test RMSE: 6.044286050466447
Epoch 482 MSE: 9.529876115266234e-05
Epoch 482 val RMSE: 6.03641711646933
Best model saved at epoch 482 with Test RMSE: 6.03641711646933
Epoch 483 MSE: 9.500689338892698e-05
Epoch 483 val RMSE: 6.028981152650394
Best model saved at epoch 483 with Test RMSE: 6.028981152650394
Epoch 484 MSE: 9.467642667004839e-05
Epoch 484 val RMSE: 6.021486275543002
Best model saved at epoch 484 with Test RMSE: 6.021486275543002
Epoch 485 MSE: 9.436211985303089e-05
Epoch 485 val RMSE: 6.0138139649095415
Best model saved at epoch 485 with Test RMSE: 6.0138139649095415
Epoch 486 MSE: 9.40755708143115e-05
Epoch 486 val RMSE: 6.006128995472367
Best model saved at epoch 486 with Test RMSE: 6.006128995472367
Epoch 487 MSE: 9.375673835165799e-05
Epoch 487 val RMSE: 5.998217635858914
Best model saved at epoch 487 with Test RMSE: 5.998217635858914
Epoch 488 MSE: 9.347016020910814e-05
Epoch 488 val RMSE: 5.990142353894595
Best model saved at epoch 488 with Test RMSE: 5.990142353894595
Epoch 489 MSE: 9.318386582890525e-05
Epoch 489 val RMSE: 5.982329096060682
Best model saved at epoch 489 with Test RMSE: 5.982329096060682
Epoch 490 MSE: 9.288518776884302e-05
Epoch 490 val RMSE: 5.974781124942302
Best model saved at epoch 490 with Test RMSE: 5.974781124942302
Epoch 491 MSE: 9.261619561584666e-05
Epoch 491 val RMSE: 5.9674521428248
Best model saved at epoch 491 with Test RMSE: 5.9674521428248
Epoch 492 MSE: 9.233536547981203e-05
Epoch 492 val RMSE: 5.960569197849607
Best model saved at epoch 492 with Test RMSE: 5.960569197849607
Epoch 493 MSE: 9.20575184863992e-05
Epoch 493 val RMSE: 5.953976868081895
Best model saved at epoch 493 with Test RMSE: 5.953976868081895
Epoch 494 MSE: 9.179836342809722e-05
Epoch 494 val RMSE: 5.94739198346883
Best model saved at epoch 494 with Test RMSE: 5.94739198346883
Epoch 495 MSE: 9.152778511634097e-05
Epoch 495 val RMSE: 5.940906390770392
Best model saved at epoch 495 with Test RMSE: 5.940906390770392
Epoch 496 MSE: 9.126832446781918e-05
Epoch 496 val RMSE: 5.934464813243811
Best model saved at epoch 496 with Test RMSE: 5.934464813243811
Epoch 497 MSE: 9.101783507503569e-05
Epoch 497 val RMSE: 5.927912952932006
Best model saved at epoch 497 with Test RMSE: 5.927912952932006
Epoch 498 MSE: 9.075984416995198e-05
Epoch 498 val RMSE: 5.921477855560762
Best model saved at epoch 498 with Test RMSE: 5.921477855560762
Epoch 499 MSE: 9.051465895026922e-05
Epoch 499 val RMSE: 5.915287268943166
Best model saved at epoch 499 with Test RMSE: 5.915287268943166
Epoch 500 MSE: 9.027287887874991e-05
Epoch 500 val RMSE: 5.909243516351892
Best model saved at epoch 500 with Test RMSE: 5.909243516351892
Epoch 501 MSE: 9.002844308270141e-05
Epoch 501 val RMSE: 5.903479516696296
Best model saved at epoch 501 with Test RMSE: 5.903479516696296
Epoch 502 MSE: 8.979530684882775e-05
Epoch 502 val RMSE: 5.898023901579538
Best model saved at epoch 502 with Test RMSE: 5.898023901579538
Epoch 503 MSE: 8.956254896475002e-05
Epoch 503 val RMSE: 5.892653219814835
Best model saved at epoch 503 with Test RMSE: 5.892653219814835
Epoch 504 MSE: 8.933070057537407e-05
Epoch 504 val RMSE: 5.8873673798674515
Best model saved at epoch 504 with Test RMSE: 5.8873673798674515
Epoch 505 MSE: 8.91082308953628e-05
Epoch 505 val RMSE: 5.882190281358086
Best model saved at epoch 505 with Test RMSE: 5.882190281358086
Epoch 506 MSE: 8.888544834917411e-05
Epoch 506 val RMSE: 5.876971624160815
Best model saved at epoch 506 with Test RMSE: 5.876971624160815
Epoch 507 MSE: 8.866527059581131e-05
Epoch 507 val RMSE: 5.871795754458773
Best model saved at epoch 507 with Test RMSE: 5.871795754458773
Epoch 508 MSE: 8.845230331644416e-05
Epoch 508 val RMSE: 5.866799983041489
Best model saved at epoch 508 with Test RMSE: 5.866799983041489
Epoch 509 MSE: 8.82393287611194e-05
Epoch 509 val RMSE: 5.861920996340191
Best model saved at epoch 509 with Test RMSE: 5.861920996340191
Epoch 510 MSE: 8.802995580481365e-05
Epoch 510 val RMSE: 5.857224540273793
Best model saved at epoch 510 with Test RMSE: 5.857224540273793
Epoch 511 MSE: 8.782620716374367e-05
Epoch 511 val RMSE: 5.852787312360707
Best model saved at epoch 511 with Test RMSE: 5.852787312360707
Epoch 512 MSE: 8.762277866480872e-05
Epoch 512 val RMSE: 5.848470973847232
Best model saved at epoch 512 with Test RMSE: 5.848470973847232
Epoch 513 MSE: 8.742325735511258e-05
Epoch 513 val RMSE: 5.844247072672026
Best model saved at epoch 513 with Test RMSE: 5.844247072672026
Epoch 514 MSE: 8.722814527573064e-05
Epoch 514 val RMSE: 5.840141283703935
Best model saved at epoch 514 with Test RMSE: 5.840141283703935
Epoch 515 MSE: 8.70340591063723e-05
Epoch 515 val RMSE: 5.836041103602634
Best model saved at epoch 515 with Test RMSE: 5.836041103602634
Epoch 516 MSE: 8.684355998411775e-05
Epoch 516 val RMSE: 5.831966821374692
Best model saved at epoch 516 with Test RMSE: 5.831966821374692
Epoch 517 MSE: 8.665688073961064e-05
Epoch 517 val RMSE: 5.82801111023105
Best model saved at epoch 517 with Test RMSE: 5.82801111023105
Epoch 518 MSE: 8.647154027130455e-05
Epoch 518 val RMSE: 5.824131965630258
Best model saved at epoch 518 with Test RMSE: 5.824131965630258
Epoch 519 MSE: 8.6289452156052e-05
Epoch 519 val RMSE: 5.820369192781778
Best model saved at epoch 519 with Test RMSE: 5.820369192781778
Epoch 520 MSE: 8.61107328091748e-05
Epoch 520 val RMSE: 5.816788270803186
Best model saved at epoch 520 with Test RMSE: 5.816788270803186
Epoch 521 MSE: 8.593362872488797e-05
Epoch 521 val RMSE: 5.8133065269155475
Best model saved at epoch 521 with Test RMSE: 5.8133065269155475
Epoch 522 MSE: 8.575951505918056e-05
Epoch 522 val RMSE: 5.809908381411073
Best model saved at epoch 522 with Test RMSE: 5.809908381411073
Epoch 523 MSE: 8.558836270822212e-05
Epoch 523 val RMSE: 5.806610733504462
Best model saved at epoch 523 with Test RMSE: 5.806610733504462
Epoch 524 MSE: 8.541898569092155e-05
Epoch 524 val RMSE: 5.803333560973544
Best model saved at epoch 524 with Test RMSE: 5.803333560973544
Epoch 525 MSE: 8.525211887899786e-05
Epoch 525 val RMSE: 5.800085119740936
Best model saved at epoch 525 with Test RMSE: 5.800085119740936
Epoch 526 MSE: 8.508822793373838e-05
Epoch 526 val RMSE: 5.7969217221415645
Best model saved at epoch 526 with Test RMSE: 5.7969217221415645
Epoch 527 MSE: 8.492601773468778e-05
Epoch 527 val RMSE: 5.793809928707554
Best model saved at epoch 527 with Test RMSE: 5.793809928707554
Epoch 528 MSE: 8.476618677377701e-05
Epoch 528 val RMSE: 5.790787371661048
Best model saved at epoch 528 with Test RMSE: 5.790787371661048
Epoch 529 MSE: 8.460896060569212e-05
Epoch 529 val RMSE: 5.787897360818953
Best model saved at epoch 529 with Test RMSE: 5.787897360818953
Epoch 530 MSE: 8.445361163467169e-05
Epoch 530 val RMSE: 5.785085694412764
Best model saved at epoch 530 with Test RMSE: 5.785085694412764
Epoch 531 MSE: 8.430014713667333e-05
Epoch 531 val RMSE: 5.782354136011391
Best model saved at epoch 531 with Test RMSE: 5.782354136011391
Epoch 532 MSE: 8.414916374022141e-05
Epoch 532 val RMSE: 5.779706429282668
Best model saved at epoch 532 with Test RMSE: 5.779706429282668
Epoch 533 MSE: 8.400012302445248e-05
Epoch 533 val RMSE: 5.777079959854185
Best model saved at epoch 533 with Test RMSE: 5.777079959854185
Epoch 534 MSE: 8.38528576423414e-05
Epoch 534 val RMSE: 5.774491602330102
Best model saved at epoch 534 with Test RMSE: 5.774491602330102
Epoch 535 MSE: 8.370778959942982e-05
Epoch 535 val RMSE: 5.771959582805229
Best model saved at epoch 535 with Test RMSE: 5.771959582805229
Epoch 536 MSE: 8.356448233826086e-05
Epoch 536 val RMSE: 5.7694578585802665
Best model saved at epoch 536 with Test RMSE: 5.7694578585802665
Epoch 537 MSE: 8.342287037521601e-05
Epoch 537 val RMSE: 5.76702483430175
Best model saved at epoch 537 with Test RMSE: 5.76702483430175
Epoch 538 MSE: 8.328325202455744e-05
Epoch 538 val RMSE: 5.764676478655542
Best model saved at epoch 538 with Test RMSE: 5.764676478655542
Epoch 539 MSE: 8.314548904309049e-05
Epoch 539 val RMSE: 5.762379795235733
Best model saved at epoch 539 with Test RMSE: 5.762379795235733
Epoch 540 MSE: 8.300915942527354e-05
Epoch 540 val RMSE: 5.760155044694198
Best model saved at epoch 540 with Test RMSE: 5.760155044694198
Epoch 541 MSE: 8.287475066026673e-05
Epoch 541 val RMSE: 5.757984754038028
Best model saved at epoch 541 with Test RMSE: 5.757984754038028
Epoch 542 MSE: 8.274200808955356e-05
Epoch 542 val RMSE: 5.755835847317879
Best model saved at epoch 542 with Test RMSE: 5.755835847317879
Epoch 543 MSE: 8.261066250270233e-05
Epoch 543 val RMSE: 5.753727906901764
Best model saved at epoch 543 with Test RMSE: 5.753727906901764
Epoch 544 MSE: 8.248108497355133e-05
Epoch 544 val RMSE: 5.751654677104511
Best model saved at epoch 544 with Test RMSE: 5.751654677104511
Epoch 545 MSE: 8.235295535996556e-05
Epoch 545 val RMSE: 5.74960823383031
Best model saved at epoch 545 with Test RMSE: 5.74960823383031
Epoch 546 MSE: 8.222625911002979e-05
Epoch 546 val RMSE: 5.747623450043185
Best model saved at epoch 546 with Test RMSE: 5.747623450043185
Epoch 547 MSE: 8.210107625927776e-05
Epoch 547 val RMSE: 5.745692090609943
Best model saved at epoch 547 with Test RMSE: 5.745692090609943
Epoch 548 MSE: 8.197742863558233e-05
Epoch 548 val RMSE: 5.743807900088167
Best model saved at epoch 548 with Test RMSE: 5.743807900088167
Epoch 549 MSE: 8.185508340829983e-05
Epoch 549 val RMSE: 5.741988862423142
Best model saved at epoch 549 with Test RMSE: 5.741988862423142
Epoch 550 MSE: 8.173401147359982e-05
Epoch 550 val RMSE: 5.740209121882185
Best model saved at epoch 550 with Test RMSE: 5.740209121882185
Epoch 551 MSE: 8.161431469488889e-05
Epoch 551 val RMSE: 5.7384597407782865
Best model saved at epoch 551 with Test RMSE: 5.7384597407782865
Epoch 552 MSE: 8.14960221759975e-05
Epoch 552 val RMSE: 5.736752383655491
Best model saved at epoch 552 with Test RMSE: 5.736752383655491
Epoch 553 MSE: 8.137891563819721e-05
Epoch 553 val RMSE: 5.735069128948522
Best model saved at epoch 553 with Test RMSE: 5.735069128948522
Epoch 554 MSE: 8.126308239297941e-05
Epoch 554 val RMSE: 5.733420310728375
Best model saved at epoch 554 with Test RMSE: 5.733420310728375
Epoch 555 MSE: 8.114836236927658e-05
Epoch 555 val RMSE: 5.731820267621994
Best model saved at epoch 555 with Test RMSE: 5.731820267621994
Epoch 556 MSE: 8.103497384581715e-05
Epoch 556 val RMSE: 5.730258056262163
Best model saved at epoch 556 with Test RMSE: 5.730258056262163
Epoch 557 MSE: 8.092259668046609e-05
Epoch 557 val RMSE: 5.72874336297227
Best model saved at epoch 557 with Test RMSE: 5.72874336297227
Epoch 558 MSE: 8.081147825578228e-05
Epoch 558 val RMSE: 5.7272772245403205
Best model saved at epoch 558 with Test RMSE: 5.7272772245403205
Epoch 559 MSE: 8.070151670835912e-05
Epoch 559 val RMSE: 5.725841024000658
Best model saved at epoch 559 with Test RMSE: 5.725841024000658
Epoch 560 MSE: 8.05923918960616e-05
Epoch 560 val RMSE: 5.724440781379565
Best model saved at epoch 560 with Test RMSE: 5.724440781379565
Epoch 561 MSE: 8.048442396102473e-05
Epoch 561 val RMSE: 5.723071857241904
Best model saved at epoch 561 with Test RMSE: 5.723071857241904
Epoch 562 MSE: 8.037762745516375e-05
Epoch 562 val RMSE: 5.721724940217234
Best model saved at epoch 562 with Test RMSE: 5.721724940217234
Epoch 563 MSE: 8.027163130464032e-05
Epoch 563 val RMSE: 5.720414383290142
Best model saved at epoch 563 with Test RMSE: 5.720414383290142
Epoch 564 MSE: 8.016671927180141e-05
Epoch 564 val RMSE: 5.719135875920096
Best model saved at epoch 564 with Test RMSE: 5.719135875920096
Epoch 565 MSE: 8.006281132111326e-05
Epoch 565 val RMSE: 5.71789144105922
Best model saved at epoch 565 with Test RMSE: 5.71789144105922
Epoch 566 MSE: 7.995984196895733e-05
Epoch 566 val RMSE: 5.71669044304325
Best model saved at epoch 566 with Test RMSE: 5.71669044304325
Epoch 567 MSE: 7.985777483554557e-05
Epoch 567 val RMSE: 5.715520895567264
Best model saved at epoch 567 with Test RMSE: 5.715520895567264
Epoch 568 MSE: 7.975659536896273e-05
Epoch 568 val RMSE: 5.714383819282883
Best model saved at epoch 568 with Test RMSE: 5.714383819282883
Epoch 569 MSE: 7.965628174133599e-05
Epoch 569 val RMSE: 5.713279901267276
Best model saved at epoch 569 with Test RMSE: 5.713279901267276
Epoch 570 MSE: 7.955684122862294e-05
Epoch 570 val RMSE: 5.7121974739752694
Best model saved at epoch 570 with Test RMSE: 5.7121974739752694
Epoch 571 MSE: 7.945836114231497e-05
Epoch 571 val RMSE: 5.711143896962885
Best model saved at epoch 571 with Test RMSE: 5.711143896962885
Epoch 572 MSE: 7.936065958347172e-05
Epoch 572 val RMSE: 5.710119520229216
Best model saved at epoch 572 with Test RMSE: 5.710119520229216
Epoch 573 MSE: 7.926372927613556e-05
Epoch 573 val RMSE: 5.709122689053206
Best model saved at epoch 573 with Test RMSE: 5.709122689053206
Epoch 574 MSE: 7.916759204817936e-05
Epoch 574 val RMSE: 5.708162439762966
Best model saved at epoch 574 with Test RMSE: 5.708162439762966
Epoch 575 MSE: 7.907224062364548e-05
Epoch 575 val RMSE: 5.707233443650458
Best model saved at epoch 575 with Test RMSE: 5.707233443650458
Epoch 576 MSE: 7.897766772657633e-05
Epoch 576 val RMSE: 5.706333710473232
Best model saved at epoch 576 with Test RMSE: 5.706333710473232
Epoch 577 MSE: 7.888389518484473e-05
Epoch 577 val RMSE: 5.705466262793857
Best model saved at epoch 577 with Test RMSE: 5.705466262793857
Epoch 578 MSE: 7.879079930717126e-05
Epoch 578 val RMSE: 5.704623090912755
Best model saved at epoch 578 with Test RMSE: 5.704623090912755
Epoch 579 MSE: 7.869842374930158e-05
Epoch 579 val RMSE: 5.703805543193119
Best model saved at epoch 579 with Test RMSE: 5.703805543193119
Epoch 580 MSE: 7.860676851123571e-05
Epoch 580 val RMSE: 5.703014968437713
Best model saved at epoch 580 with Test RMSE: 5.703014968437713
Epoch 581 MSE: 7.851581904105842e-05
Epoch 581 val RMSE: 5.702247029487826
Best model saved at epoch 581 with Test RMSE: 5.702247029487826
Epoch 582 MSE: 7.842553168302402e-05
Epoch 582 val RMSE: 5.701508760708651
Best model saved at epoch 582 with Test RMSE: 5.701508760708651
Epoch 583 MSE: 7.833585550542921e-05
Epoch 583 val RMSE: 5.7007985007490465
Best model saved at epoch 583 with Test RMSE: 5.7007985007490465
Epoch 584 MSE: 7.824696513125673e-05
Epoch 584 val RMSE: 5.700113917768408
Best model saved at epoch 584 with Test RMSE: 5.700113917768408
Epoch 585 MSE: 7.815864228177816e-05
Epoch 585 val RMSE: 5.699459371526877
Best model saved at epoch 585 with Test RMSE: 5.699459371526877
Epoch 586 MSE: 7.80709960963577e-05
Epoch 586 val RMSE: 5.69882717447641
Best model saved at epoch 586 with Test RMSE: 5.69882717447641
Epoch 587 MSE: 7.798394653946161e-05
Epoch 587 val RMSE: 5.6982193424188585
Best model saved at epoch 587 with Test RMSE: 5.6982193424188585
Epoch 588 MSE: 7.78975008870475e-05
Epoch 588 val RMSE: 5.6976355483906795
Best model saved at epoch 588 with Test RMSE: 5.6976355483906795
Epoch 589 MSE: 7.781169551890343e-05
Epoch 589 val RMSE: 5.697071782248302
Best model saved at epoch 589 with Test RMSE: 5.697071782248302
Epoch 590 MSE: 7.772641401970759e-05
Epoch 590 val RMSE: 5.6965330723335095
Best model saved at epoch 590 with Test RMSE: 5.6965330723335095
Epoch 591 MSE: 7.764168549329042e-05
Epoch 591 val RMSE: 5.696018086329688
Best model saved at epoch 591 with Test RMSE: 5.696018086329688
Epoch 592 MSE: 7.755756087135524e-05
Epoch 592 val RMSE: 5.695525826015931
Best model saved at epoch 592 with Test RMSE: 5.695525826015931
Epoch 593 MSE: 7.74740256019868e-05
Epoch 593 val RMSE: 5.695060316240315
Best model saved at epoch 593 with Test RMSE: 5.695060316240315
Epoch 594 MSE: 7.739097054582089e-05
Epoch 594 val RMSE: 5.694616874420574
Best model saved at epoch 594 with Test RMSE: 5.694616874420574
Epoch 595 MSE: 7.730846118647605e-05
Epoch 595 val RMSE: 5.69419584067607
Best model saved at epoch 595 with Test RMSE: 5.69419584067607
Epoch 596 MSE: 7.722657028352842e-05
Epoch 596 val RMSE: 5.693796884990656
Best model saved at epoch 596 with Test RMSE: 5.693796884990656
Epoch 597 MSE: 7.71451523178257e-05
Epoch 597 val RMSE: 5.693416661911616
Best model saved at epoch 597 with Test RMSE: 5.693416661911616
Epoch 598 MSE: 7.70642000134103e-05
Epoch 598 val RMSE: 5.693057185376483
Best model saved at epoch 598 with Test RMSE: 5.693057185376483
Epoch 599 MSE: 7.698378612985834e-05
Epoch 599 val RMSE: 5.692719799517653
Best model saved at epoch 599 with Test RMSE: 5.692719799517653
Epoch 600 MSE: 7.690382335567847e-05
Epoch 600 val RMSE: 5.6924018277099195
Best model saved at epoch 600 with Test RMSE: 5.6924018277099195
Epoch 601 MSE: 7.682436989853159e-05
Epoch 601 val RMSE: 5.692106959160332
Best model saved at epoch 601 with Test RMSE: 5.692106959160332
Epoch 602 MSE: 7.674545486224815e-05
Epoch 602 val RMSE: 5.6918325166382875
Best model saved at epoch 602 with Test RMSE: 5.6918325166382875
Epoch 603 MSE: 7.666693272767588e-05
Epoch 603 val RMSE: 5.691578167980857
Best model saved at epoch 603 with Test RMSE: 5.691578167980857
Epoch 604 MSE: 7.658889080630615e-05
Epoch 604 val RMSE: 5.691343915882053
Best model saved at epoch 604 with Test RMSE: 5.691343915882053
Epoch 605 MSE: 7.65112490626052e-05
Epoch 605 val RMSE: 5.691127081669921
Best model saved at epoch 605 with Test RMSE: 5.691127081669921
Epoch 606 MSE: 7.64341457397677e-05
Epoch 606 val RMSE: 5.690928337647407
Best model saved at epoch 606 with Test RMSE: 5.690928337647407
Epoch 607 MSE: 7.635742076672614e-05
Epoch 607 val RMSE: 5.6907480208764625
Best model saved at epoch 607 with Test RMSE: 5.6907480208764625
Epoch 608 MSE: 7.628121238667518e-05
Epoch 608 val RMSE: 5.690585462756495
Best model saved at epoch 608 with Test RMSE: 5.690585462756495
Epoch 609 MSE: 7.620528049301356e-05
Epoch 609 val RMSE: 5.690442340732671
Best model saved at epoch 609 with Test RMSE: 5.690442340732671
Epoch 610 MSE: 7.612993067596108e-05
Epoch 610 val RMSE: 5.690317315503859
Best model saved at epoch 610 with Test RMSE: 5.690317315503859
Epoch 611 MSE: 7.605490827700123e-05
Epoch 611 val RMSE: 5.690210723461178
Best model saved at epoch 611 with Test RMSE: 5.690210723461178
Epoch 612 MSE: 7.598020602017641e-05
Epoch 612 val RMSE: 5.6901205544195745
Best model saved at epoch 612 with Test RMSE: 5.6901205544195745
Epoch 613 MSE: 7.590606401208788e-05
Epoch 613 val RMSE: 5.6900471443676945
Best model saved at epoch 613 with Test RMSE: 5.6900471443676945
Epoch 614 MSE: 7.583216938655823e-05
Epoch 614 val RMSE: 5.689989488320454
Best model saved at epoch 614 with Test RMSE: 5.689989488320454
Epoch 615 MSE: 7.575879862997681e-05
Epoch 615 val RMSE: 5.689947586756759
Best model saved at epoch 615 with Test RMSE: 5.689947586756759
Epoch 616 MSE: 7.56857407395728e-05
Epoch 616 val RMSE: 5.689921775239938
Best model saved at epoch 616 with Test RMSE: 5.689921775239938
Epoch 617 MSE: 7.561309757875279e-05
Epoch 617 val RMSE: 5.689912053988963
Best model saved at epoch 617 with Test RMSE: 5.689912053988963
Epoch 618 MSE: 7.554066542070359e-05
Epoch 618 val RMSE: 5.689918423086306
Epoch 619 MSE: 7.546877168351784e-05
Epoch 619 val RMSE: 5.689939876835427
Epoch 620 MSE: 7.539718353655189e-05
Epoch 620 val RMSE: 5.689976079853644
Epoch 621 MSE: 7.532586460001767e-05
Epoch 621 val RMSE: 5.690027702277516
Epoch 622 MSE: 7.525497494498268e-05
Epoch 622 val RMSE: 5.690093067661754
Epoch 623 MSE: 7.51843472244218e-05
Epoch 623 val RMSE: 5.690172510733246
Epoch 624 MSE: 7.511414150940254e-05
Epoch 624 val RMSE: 5.69026603090237
Epoch 625 MSE: 7.504432142013684e-05
Epoch 625 val RMSE: 5.690372957097728
Epoch 626 MSE: 7.497471233364195e-05
Epoch 626 val RMSE: 5.690494629289844
Epoch 627 MSE: 7.490539428545162e-05
Epoch 627 val RMSE: 5.690629035491602
Epoch 628 MSE: 7.483646913897246e-05
Epoch 628 val RMSE: 5.690775504470824
Epoch 629 MSE: 7.476783503079787e-05
Epoch 629 val RMSE: 5.690936716540602
Epoch 630 MSE: 7.469952834071591e-05
Epoch 630 val RMSE: 5.691109318995878
Epoch 631 MSE: 7.463155634468421e-05
Epoch 631 val RMSE: 5.6912953216068605
Epoch 632 MSE: 7.456369348801672e-05
Epoch 632 val RMSE: 5.691493047446413
Epoch 633 MSE: 7.449628174072132e-05
Epoch 633 val RMSE: 5.691702830403142
Epoch 634 MSE: 7.442905916832387e-05
Epoch 634 val RMSE: 5.691922658559706
Epoch 635 MSE: 7.436221494572237e-05
Epoch 635 val RMSE: 5.692155546506525
Epoch 636 MSE: 7.429563265759498e-05
Epoch 636 val RMSE: 5.692399147155539
Epoch 637 MSE: 7.422929047606885e-05
Epoch 637 val RMSE: 5.692654464294624
Epoch 638 MSE: 7.416319567710161e-05
Epoch 638 val RMSE: 5.692921161308749
Epoch 639 MSE: 7.409739919239655e-05
Epoch 639 val RMSE: 5.693198231531696
Epoch 640 MSE: 7.403190829791129e-05
Epoch 640 val RMSE: 5.693485338443603
Epoch 641 MSE: 7.396667206194252e-05
Epoch 641 val RMSE: 5.693783150502081
Epoch 642 MSE: 7.39016177249141e-05
Epoch 642 val RMSE: 5.694089656208396
Epoch 643 MSE: 7.383681077044457e-05
Epoch 643 val RMSE: 5.694407533768946
Epoch 644 MSE: 7.377225119853392e-05
Epoch 644 val RMSE: 5.6947351066200005
Epoch 645 MSE: 7.370807725237682e-05
Epoch 645 val RMSE: 5.69507237308858
Epoch 646 MSE: 7.36439906177111e-05
Epoch 646 val RMSE: 5.695418996560895
Epoch 647 MSE: 7.358019502134994e-05
Epoch 647 val RMSE: 5.695775645070179
Epoch 648 MSE: 7.351655949605629e-05
Epoch 648 val RMSE: 5.696140977336446
Epoch 649 MSE: 7.345321500906721e-05
Epoch 649 val RMSE: 5.696515996170722
Epoch 650 MSE: 7.33901106286794e-05
Epoch 650 val RMSE: 5.696897351612933
Epoch 651 MSE: 7.332718814723194e-05
Epoch 651 val RMSE: 5.697289059773537
Epoch 652 MSE: 7.32645348762162e-05
Epoch 652 val RMSE: 5.697688105693032
Epoch 653 MSE: 7.320200529647991e-05
Epoch 653 val RMSE: 5.698095492033117
Epoch 654 MSE: 7.313975220313296e-05
Epoch 654 val RMSE: 5.69851121700502
Epoch 655 MSE: 7.307773921638727e-05
Epoch 655 val RMSE: 5.698935948154015
Epoch 656 MSE: 7.30158353690058e-05
Epoch 656 val RMSE: 5.699368344828161
Epoch 657 MSE: 7.29541716282256e-05
Epoch 657 val RMSE: 5.6998084052829
Epoch 658 MSE: 7.289273344213143e-05
Epoch 658 val RMSE: 5.700255123920613
Epoch 659 MSE: 7.283137529157102e-05
Epoch 659 val RMSE: 5.700708499176057
Epoch 660 MSE: 7.277032273123041e-05
Epoch 660 val RMSE: 5.701170202230827
Epoch 661 MSE: 7.270946662174538e-05
Epoch 661 val RMSE: 5.701638223903661
Epoch 662 MSE: 7.26487414794974e-05
Epoch 662 val RMSE: 5.702114235131411
Epoch 663 MSE: 7.258833647938445e-05
Epoch 663 val RMSE: 5.702597230502944
Epoch 664 MSE: 7.252790237544104e-05
Epoch 664 val RMSE: 5.70308620491942
Epoch 665 MSE: 7.246773748192936e-05
Epoch 665 val RMSE: 5.70358249449277
Epoch 666 MSE: 7.240776176331565e-05
Epoch 666 val RMSE: 5.70408308786706
Epoch 667 MSE: 7.234791701193899e-05
Epoch 667 val RMSE: 5.704591996149181
Epoch 668 MSE: 7.228830509120598e-05
Epoch 668 val RMSE: 5.705105873884074
Epoch 669 MSE: 7.222878048196435e-05
Epoch 669 val RMSE: 5.705626056899617
Epoch 670 MSE: 7.21694523235783e-05
Epoch 670 val RMSE: 5.7061525434714095
Epoch 671 MSE: 7.211037882370874e-05
Epoch 671 val RMSE: 5.706685666085343
Epoch 672 MSE: 7.205135625554249e-05
Epoch 672 val RMSE: 5.707223417687825
Epoch 673 MSE: 7.199250103440136e-05
Epoch 673 val RMSE: 5.707766799472295
Epoch 674 MSE: 7.193380588432774e-05
Epoch 674 val RMSE: 5.7083158098309195
Epoch 675 MSE: 7.187523442553356e-05
Epoch 675 val RMSE: 5.708869444831854
Epoch 676 MSE: 7.181680848589167e-05
Epoch 676 val RMSE: 5.70942870533974
Epoch 677 MSE: 7.175853534135967e-05
Epoch 677 val RMSE: 5.70999358970162
Epoch 678 MSE: 7.17004804755561e-05
Epoch 678 val RMSE: 5.71056276023425
Epoch 679 MSE: 7.164244743762538e-05
Epoch 679 val RMSE: 5.711138219476298
Epoch 680 MSE: 7.158471998991445e-05
Epoch 680 val RMSE: 5.711716960102646
Epoch 681 MSE: 7.152690523071215e-05
Epoch 681 val RMSE: 5.712300984528196
Epoch 682 MSE: 7.146938878577203e-05
Epoch 682 val RMSE: 5.7128899572649186
Epoch 683 MSE: 7.141191599657759e-05
Epoch 683 val RMSE: 5.713483542949664
Epoch 684 MSE: 7.135471241781488e-05
Epoch 684 val RMSE: 5.714080738750971
Epoch 685 MSE: 7.129750156309456e-05
Epoch 685 val RMSE: 5.714682544825632
Epoch 686 MSE: 7.124041439965367e-05
Epoch 686 val RMSE: 5.715288959717295
Epoch 687 MSE: 7.118350913515314e-05
Epoch 687 val RMSE: 5.715899314575549
Epoch 688 MSE: 7.112666207831353e-05
Epoch 688 val RMSE: 5.716513941794292
Epoch 689 MSE: 7.10699605406262e-05
Epoch 689 val RMSE: 5.717132506375813
Epoch 690 MSE: 7.101338269421831e-05
Epoch 690 val RMSE: 5.717755007042243
Epoch 691 MSE: 7.095691398717463e-05
Epoch 691 val RMSE: 5.7183807754142215
Epoch 692 MSE: 7.090061262715608e-05
Epoch 692 val RMSE: 5.719011144460114
Epoch 693 MSE: 7.084433309501037e-05
Epoch 693 val RMSE: 5.719644778765869
Epoch 694 MSE: 7.07881263224408e-05
Epoch 694 val RMSE: 5.720282344118649
Epoch 695 MSE: 7.073213055264205e-05
Epoch 695 val RMSE: 5.720923505805452
Epoch 696 MSE: 7.067616388667375e-05
Epoch 696 val RMSE: 5.721567595894899
Epoch 697 MSE: 7.062039367156103e-05
Epoch 697 val RMSE: 5.722214946721626
Epoch 698 MSE: 7.05646161804907e-05
Epoch 698 val RMSE: 5.722866223750247
Epoch 699 MSE: 7.050899876048788e-05
Epoch 699 val RMSE: 5.723520759145641
Epoch 700 MSE: 7.045341044431552e-05
Epoch 700 val RMSE: 5.724177885371742
Epoch 701 MSE: 7.039804040687159e-05
Epoch 701 val RMSE: 5.724839267390061
Epoch 702 MSE: 7.034263398963958e-05
Epoch 702 val RMSE: 5.725502571801626
Epoch 703 MSE: 7.028746767900884e-05
Epoch 703 val RMSE: 5.726170462684866
Epoch 704 MSE: 7.023230864433572e-05
Epoch 704 val RMSE: 5.72683960789293
Epoch 705 MSE: 7.017712778178975e-05
Epoch 705 val RMSE: 5.727513004123373
Epoch 706 MSE: 7.012214337009937e-05
Epoch 706 val RMSE: 5.728187320118401
Epoch 707 MSE: 7.006727537373081e-05
Epoch 707 val RMSE: 5.728867216665232
Epoch 708 MSE: 7.001245830906555e-05
Epoch 708 val RMSE: 5.729547698325984
Epoch 709 MSE: 6.995765579631552e-05
Epoch 709 val RMSE: 5.730232759178743
Epoch 710 MSE: 6.990302790654823e-05
Epoch 710 val RMSE: 5.730918070958191
Epoch 711 MSE: 6.984848732827231e-05
Epoch 711 val RMSE: 5.731608292457193
Epoch 712 MSE: 6.979387399042025e-05
Epoch 712 val RMSE: 5.732298763584312
Epoch 713 MSE: 6.973947893129662e-05
Epoch 713 val RMSE: 5.732994142006024
Epoch 714 MSE: 6.968505476834252e-05
Epoch 714 val RMSE: 5.733689103436223
Epoch 715 MSE: 6.96308197802864e-05
Epoch 715 val RMSE: 5.734390300345733
Epoch 716 MSE: 6.957658479223028e-05
Epoch 716 val RMSE: 5.735089416072914
Epoch 717 MSE: 6.9522371632047e-05
Epoch 717 val RMSE: 5.7357950972772045
Epoch 718 MSE: 6.946834764676169e-05
Epoch 718 val RMSE: 5.736499694191143
Epoch 719 MSE: 6.941427272977307e-05
Epoch 719 val RMSE: 5.737210521168714
Epoch 720 MSE: 6.936029240023345e-05
Epoch 720 val RMSE: 5.737917935975577
Epoch 721 MSE: 6.930642848601565e-05
Epoch 721 val RMSE: 5.738634902308404
Epoch 722 MSE: 6.925256457179785e-05
Epoch 722 val RMSE: 5.739344135522545
Epoch 723 MSE: 6.919875886524096e-05
Epoch 723 val RMSE: 5.740067569454587
Epoch 724 MSE: 6.914510595379397e-05
Epoch 724 val RMSE: 5.740778619146774
Epoch 725 MSE: 6.909141666255891e-05
Epoch 725 val RMSE: 5.741510509624528
Epoch 726 MSE: 6.903775647515431e-05
Epoch 726 val RMSE: 5.742222044964116
Epoch 727 MSE: 6.898426363477483e-05
Epoch 727 val RMSE: 5.742964711432399
Epoch 728 MSE: 6.893082172609866e-05
Epoch 728 val RMSE: 5.743669092980392
Epoch 729 MSE: 6.887740892125294e-05
Epoch 729 val RMSE: 5.74442850615313
Epoch 730 MSE: 6.882420711917803e-05
Epoch 730 val RMSE: 5.7451190964693835
Epoch 731 MSE: 6.877113628434017e-05
Epoch 731 val RMSE: 5.745907197643013
Epoch 732 MSE: 6.871843652334064e-05
Epoch 732 val RMSE: 5.746567074531528
Epoch 733 MSE: 6.866635521873832e-05
Epoch 733 val RMSE: 5.747407411656703
Epoch 734 MSE: 6.861527799628675e-05
Epoch 734 val RMSE: 5.748004069348768
Epoch 735 MSE: 6.85664126649499e-05
Epoch 735 val RMSE: 5.7489450565034375
Epoch 736 MSE: 6.852172373328358e-05
Epoch 736 val RMSE: 5.749408857393311
Epoch 737 MSE: 6.848575867479667e-05
Epoch 737 val RMSE: 5.750550285213031
Epoch 738 MSE: 6.846744508948177e-05
Epoch 738 val RMSE: 5.750734696927285
Epoch 739 MSE: 6.848672637715936e-05
Epoch 739 val RMSE: 5.752298641999392
Epoch 740 MSE: 6.858426058897749e-05
Epoch 740 val RMSE: 5.751890120622681
Epoch 741 MSE: 6.885172479087487e-05
Epoch 741 val RMSE: 5.754369982479721
Epoch 742 MSE: 6.948249938432127e-05
Epoch 742 val RMSE: 5.752690888063888
Epoch 743 MSE: 7.09262749296613e-05
Epoch 743 val RMSE: 5.757236405308656
Epoch 744 MSE: 7.412442209897563e-05
Epoch 744 val RMSE: 5.752842076362466
Epoch 745 MSE: 8.140874706441537e-05
Epoch 745 val RMSE: 5.76229439656171
Epoch 746 MSE: 9.739262895891443e-05
Epoch 746 val RMSE: 5.752340420959413
Epoch 747 MSE: 0.00013468394172377884
Epoch 747 val RMSE: 5.774313234390513
Epoch 748 MSE: 0.00021382047270890325
Epoch 748 val RMSE: 5.754863506590942
Epoch 749 MSE: 0.00040030694799497724
Epoch 749 val RMSE: 5.8107924055267155
Epoch 750 MSE: 0.0007309188949875534
Epoch 750 val RMSE: 5.785124928700661
Epoch 751 MSE: 0.0014047179138287902
Epoch 751 val RMSE: 5.911942902140871
Epoch 752 MSE: 0.0017698714509606361
Epoch 752 val RMSE: 5.900638558697747
Epoch 753 MSE: 0.001735013211145997
Epoch 753 val RMSE: 5.945647101191282
Epoch 754 MSE: 0.00046143034705892205
Epoch 754 val RMSE: 5.840116135997091
Epoch 755 MSE: 0.00035914898035116494
Epoch 755 val RMSE: 5.675941543783487
Best model saved at epoch 755 with Test RMSE: 5.675941543783487
Epoch 756 MSE: 0.0011802311055362225
Epoch 756 val RMSE: 5.615297893662483
Best model saved at epoch 756 with Test RMSE: 5.615297893662483
Epoch 757 MSE: 0.0008475197246298194
Epoch 757 val RMSE: 5.607611333768191
Best model saved at epoch 757 with Test RMSE: 5.607611333768191
Epoch 758 MSE: 0.0001897620823001489
Epoch 758 val RMSE: 5.6632704187542995
Epoch 759 MSE: 0.00022709502081852406
Epoch 759 val RMSE: 5.769676377131232
Epoch 760 MSE: 0.0005895807989872992
Epoch 760 val RMSE: 5.888390721936636
Epoch 761 MSE: 0.0003705270937643945
Epoch 761 val RMSE: 5.9865205668497
Epoch 762 MSE: 0.00011573131632758304
Epoch 762 val RMSE: 6.0334212590057925
Epoch 763 MSE: 0.00044633899233303964
Epoch 763 val RMSE: 6.0378400939813135
Epoch 764 MSE: 0.0003209858841728419
Epoch 764 val RMSE: 6.0189402771024545
Epoch 765 MSE: 9.53746639424935e-05
Epoch 765 val RMSE: 5.990696688020629
Epoch 766 MSE: 0.0003909856313839555
Epoch 766 val RMSE: 5.982480219781602
Epoch 767 MSE: 0.0003304345300421119
Epoch 767 val RMSE: 5.992652526875
Epoch 768 MSE: 8.764745871303603e-05
Epoch 768 val RMSE: 6.00494149490049
Epoch 769 MSE: 0.0003147925017401576
Epoch 769 val RMSE: 6.01529555966837
Epoch 770 MSE: 0.00025197057402692735
Epoch 770 val RMSE: 5.999401380558632
Epoch 771 MSE: 0.00010580823436612263
Epoch 771 val RMSE: 5.954613687202417
Epoch 772 MSE: 0.0002983872254844755
Epoch 772 val RMSE: 5.90699529234526
Epoch 773 MSE: 0.00015992818225640804
Epoch 773 val RMSE: 5.854963834343031
Epoch 774 MSE: 0.00012732985487673432
Epoch 774 val RMSE: 5.811561754857086
Epoch 775 MSE: 0.00025501521304249763
Epoch 775 val RMSE: 5.8018363018855466
Epoch 776 MSE: 0.0001143920817412436
Epoch 776 val RMSE: 5.8095626792530535
Epoch 777 MSE: 0.0001380152243655175
Epoch 777 val RMSE: 5.82760102317435
Epoch 778 MSE: 0.0001903752126963809
Epoch 778 val RMSE: 5.858406169903423
Epoch 779 MSE: 8.616889681434259e-05
Epoch 779 val RMSE: 5.8796306784766
Epoch 780 MSE: 0.0001460804051021114
Epoch 780 val RMSE: 5.885134457824216
Epoch 781 MSE: 0.0001325774792348966
Epoch 781 val RMSE: 5.886826643939077
Epoch 782 MSE: 8.305650408146903e-05
Epoch 782 val RMSE: 5.8860904634233675
Epoch 783 MSE: 0.00013869944086764008
Epoch 783 val RMSE: 5.886093379813041
Epoch 784 MSE: 9.675072942627594e-05
Epoch 784 val RMSE: 5.896826275177937
Epoch 785 MSE: 9.258722275262699e-05
Epoch 785 val RMSE: 5.917124591711577
Epoch 786 MSE: 0.00012229321873746812
Epoch 786 val RMSE: 5.938178736390667
Epoch 787 MSE: 8.017151412786916e-05
Epoch 787 val RMSE: 5.956694086257566
Epoch 788 MSE: 9.847467299550772e-05
Epoch 788 val RMSE: 5.968732104848828
Epoch 789 MSE: 0.000103335092717316
Epoch 789 val RMSE: 5.968289821920305
Epoch 790 MSE: 7.621967961313203e-05
Epoch 790 val RMSE: 5.959552168950563
Epoch 791 MSE: 9.981068433262408e-05
Epoch 791 val RMSE: 5.951236936077738
Epoch 792 MSE: 8.730483386898413e-05
Epoch 792 val RMSE: 5.945644214013222
Epoch 793 MSE: 7.742966408841312e-05
Epoch 793 val RMSE: 5.946838423696143
Epoch 794 MSE: 9.54552524490282e-05
Epoch 794 val RMSE: 5.957640529804819
Epoch 795 MSE: 7.834233838366345e-05
Epoch 795 val RMSE: 5.972654972612682
Epoch 796 MSE: 7.870287663536146e-05
Epoch 796 val RMSE: 5.98767158405796
Epoch 797 MSE: 8.767120016273111e-05
Epoch 797 val RMSE: 6.0002654334801555
Epoch 798 MSE: 7.343113975366578e-05
Epoch 798 val RMSE: 6.0071841780710855
Epoch 799 MSE: 7.957802154123783e-05
Epoch 799 val RMSE: 6.009501563300125
Epoch 800 MSE: 8.06475363788195e-05
Epoch 800 val RMSE: 6.010790341120071
Epoch 801 MSE: 7.132685277611017e-05
Epoch 801 val RMSE: 6.013838703434582
Epoch 802 MSE: 7.855666626710445e-05
Epoch 802 val RMSE: 6.020893910597165
Epoch 803 MSE: 7.598596130264923e-05
Epoch 803 val RMSE: 6.031550740862553
Epoch 804 MSE: 7.102373638190329e-05
Epoch 804 val RMSE: 6.043551376850279
Epoch 805 MSE: 7.65298173064366e-05
Epoch 805 val RMSE: 6.054498169922889
Epoch 806 MSE: 7.268632907653227e-05
Epoch 806 val RMSE: 6.061225363849867
Epoch 807 MSE: 7.105281110852957e-05
Epoch 807 val RMSE: 6.0629360396106895
Epoch 808 MSE: 7.46844380046241e-05
Epoch 808 val RMSE: 6.06154758798254
Epoch 809 MSE: 7.073090819176286e-05
Epoch 809 val RMSE: 6.058543064242367
Epoch 810 MSE: 7.089104474289343e-05
Epoch 810 val RMSE: 6.056483478592577
Epoch 811 MSE: 7.298912532860413e-05
Epoch 811 val RMSE: 6.057935746626396
Epoch 812 MSE: 6.979532190598547e-05
Epoch 812 val RMSE: 6.061964502968811
Epoch 813 MSE: 7.062761869747192e-05
Epoch 813 val RMSE: 6.067059876550939
Epoch 814 MSE: 7.154070044634864e-05
Epoch 814 val RMSE: 6.072425503986429
Epoch 815 MSE: 6.91688692313619e-05
Epoch 815 val RMSE: 6.07560995673978
Epoch 816 MSE: 7.0268361014314e-05
Epoch 816 val RMSE: 6.075776340187839
Epoch 817 MSE: 7.050480780890211e-05
Epoch 817 val RMSE: 6.074792728106296
Epoch 818 MSE: 6.878589192638174e-05
Epoch 818 val RMSE: 6.073297696949449
Epoch 819 MSE: 6.980283797020093e-05
Epoch 819 val RMSE: 6.072272221269334
Epoch 820 MSE: 6.973095878493041e-05
Epoch 820 val RMSE: 6.073633412311648
Epoch 821 MSE: 6.854509410914034e-05
Epoch 821 val RMSE: 6.076422367064273
Epoch 822 MSE: 6.934270641067997e-05
Epoch 822 val RMSE: 6.079023672317271
Epoch 823 MSE: 6.911145464982837e-05
Epoch 823 val RMSE: 6.0812791813839295
Epoch 824 MSE: 6.829719495726749e-05
Epoch 824 val RMSE: 6.081681257993395
Epoch 825 MSE: 6.89304870320484e-05
Epoch 825 val RMSE: 6.079524724855303
Epoch 826 MSE: 6.866028707008809e-05
Epoch 826 val RMSE: 6.076554514731832
Epoch 827 MSE: 6.807153840782121e-05
Epoch 827 val RMSE: 6.073358937337582
Epoch 828 MSE: 6.853667582618073e-05
Epoch 828 val RMSE: 6.070363087486284
Epoch 829 MSE: 6.829517951700836e-05
Epoch 829 val RMSE: 6.069028505010412
Epoch 830 MSE: 6.786353333154693e-05
Epoch 830 val RMSE: 6.068716735434387
Epoch 831 MSE: 6.818029942223802e-05
Epoch 831 val RMSE: 6.0681940454626755
Epoch 832 MSE: 6.796967500122264e-05
Epoch 832 val RMSE: 6.067582349874599
Epoch 833 MSE: 6.764857971575111e-05
Epoch 833 val RMSE: 6.066018882513292
Epoch 834 MSE: 6.787369784433395e-05
Epoch 834 val RMSE: 6.063042685218636
Epoch 835 MSE: 6.769919855287299e-05
Epoch 835 val RMSE: 6.059952662821283
Epoch 836 MSE: 6.743842095602304e-05
Epoch 836 val RMSE: 6.057067954430579
Epoch 837 MSE: 6.758711242582649e-05
Epoch 837 val RMSE: 6.054465406712965
Epoch 838 MSE: 6.74548718961887e-05
Epoch 838 val RMSE: 6.0529949751296925
Epoch 839 MSE: 6.723799742758274e-05
Epoch 839 val RMSE: 6.052038230881136
Epoch 840 MSE: 6.732311885571107e-05
Epoch 840 val RMSE: 6.050680062400366
Epoch 841 MSE: 6.722192483721301e-05
Epoch 841 val RMSE: 6.049066190927866
Epoch 842 MSE: 6.704336556140333e-05
Epoch 842 val RMSE: 6.046644102907543
Epoch 843 MSE: 6.708825821988285e-05
Epoch 843 val RMSE: 6.043232296188304
Epoch 844 MSE: 6.700816447846591e-05
Epoch 844 val RMSE: 6.039795193262972
Epoch 845 MSE: 6.685265543637797e-05
Epoch 845 val RMSE: 6.036482206686327
Epoch 846 MSE: 6.686587585136294e-05
Epoch 846 val RMSE: 6.033361193906973
Epoch 847 MSE: 6.680535443592817e-05
Epoch 847 val RMSE: 6.03096727093959
Epoch 848 MSE: 6.666978151770309e-05
Epoch 848 val RMSE: 6.028784371439607
Epoch 849 MSE: 6.665632099611685e-05
Epoch 849 val RMSE: 6.0263123535272705
Epoch 850 MSE: 6.660890358034521e-05
Epoch 850 val RMSE: 6.02372881510204
Epoch 851 MSE: 6.649344140896574e-05
Epoch 851 val RMSE: 6.020680074710142
Epoch 852 MSE: 6.646204565186054e-05
Epoch 852 val RMSE: 6.017209485929387
Epoch 853 MSE: 6.642039079451934e-05
Epoch 853 val RMSE: 6.0139662003729715
Epoch 854 MSE: 6.631995347561315e-05
Epoch 854 val RMSE: 6.010928056757594
Epoch 855 MSE: 6.627586844842881e-05
Epoch 855 val RMSE: 6.008160763333205
Epoch 856 MSE: 6.623806984862313e-05
Epoch 856 val RMSE: 6.005907012006199
Epoch 857 MSE: 6.615075108129531e-05
Epoch 857 val RMSE: 6.003692444448608
Epoch 858 MSE: 6.60969817545265e-05
Epoch 858 val RMSE: 6.00128223705314
Epoch 859 MSE: 6.606023816857487e-05
Epoch 859 val RMSE: 5.998782034277908
Epoch 860 MSE: 6.598543404834345e-05
Epoch 860 val RMSE: 5.995938834012628
Epoch 861 MSE: 6.59258002997376e-05
Epoch 861 val RMSE: 5.99292401458828
Epoch 862 MSE: 6.588659016415477e-05
Epoch 862 val RMSE: 5.99011783592213
Epoch 863 MSE: 6.582141213584691e-05
Epoch 863 val RMSE: 5.98742884711115
Epoch 864 MSE: 6.575955194421113e-05
Epoch 864 val RMSE: 5.984966199073536
Epoch 865 MSE: 6.57172713545151e-05
Epoch 865 val RMSE: 5.982794570397853
Epoch 866 MSE: 6.565924559254199e-05
Epoch 866 val RMSE: 5.980566022743381
Epoch 867 MSE: 6.55970725347288e-05
Epoch 867 val RMSE: 5.9782527353585735
Epoch 868 MSE: 6.555155414389446e-05
Epoch 868 val RMSE: 5.975897698421715
Epoch 869 MSE: 6.549884710693732e-05
Epoch 869 val RMSE: 5.973363241960944
Epoch 870 MSE: 6.543797644553706e-05
Epoch 870 val RMSE: 5.970875306746151
Epoch 871 MSE: 6.538875459227711e-05
Epoch 871 val RMSE: 5.968591498222696
Epoch 872 MSE: 6.533927080454305e-05
Epoch 872 val RMSE: 5.96642318029875
Epoch 873 MSE: 6.528107769554481e-05
Epoch 873 val RMSE: 5.964475369272981
Epoch 874 MSE: 6.52292583254166e-05
Epoch 874 val RMSE: 5.962669910753036
Epoch 875 MSE: 6.518077861983329e-05
Epoch 875 val RMSE: 5.960787110037684
Epoch 876 MSE: 6.512551772175357e-05
Epoch 876 val RMSE: 5.958881948685436
Epoch 877 MSE: 6.507221405627206e-05
Epoch 877 val RMSE: 5.95691310077506
Epoch 878 MSE: 6.502359610749409e-05
Epoch 878 val RMSE: 5.954849113647515
Epoch 879 MSE: 6.497088907053694e-05
Epoch 879 val RMSE: 5.9528808543686305
Epoch 880 MSE: 6.491717795142904e-05
Epoch 880 val RMSE: 5.951014828088639
Epoch 881 MSE: 6.486773054348305e-05
Epoch 881 val RMSE: 5.949224841489823
Epoch 882 MSE: 6.481684249592945e-05
Epoch 882 val RMSE: 5.947578950592851
Epoch 883 MSE: 6.476371345343068e-05
Epoch 883 val RMSE: 5.9459486431799915
Epoch 884 MSE: 6.471329106716439e-05
Epoch 884 val RMSE: 5.944264303232945
Epoch 885 MSE: 6.46634871372953e-05
Epoch 885 val RMSE: 5.942583658402242
Epoch 886 MSE: 6.461128941737115e-05
Epoch 886 val RMSE: 5.94084603241075
Epoch 887 MSE: 6.4560015744064e-05
Epoch 887 val RMSE: 5.939112715294323
Epoch 888 MSE: 6.451048830058426e-05
Epoch 888 val RMSE: 5.937485544287501
Epoch 889 MSE: 6.44594692857936e-05
Epoch 889 val RMSE: 5.935914480431313
Epoch 890 MSE: 6.440815923269838e-05
Epoch 890 val RMSE: 5.934425923479015
Epoch 891 MSE: 6.435824616346508e-05
Epoch 891 val RMSE: 5.933011255559334
Epoch 892 MSE: 6.430809298763052e-05
Epoch 892 val RMSE: 5.931562808182352
Epoch 893 MSE: 6.425697938539088e-05
Epoch 893 val RMSE: 5.9300959952755905
Epoch 894 MSE: 6.420687714125961e-05
Epoch 894 val RMSE: 5.928609838049423
Epoch 895 MSE: 6.415708776330575e-05
Epoch 895 val RMSE: 5.927078256007088
Epoch 896 MSE: 6.410653440980241e-05
Epoch 896 val RMSE: 5.925585226137313
Epoch 897 MSE: 6.405618478311226e-05
Epoch 897 val RMSE: 5.924135607025694
Epoch 898 MSE: 6.400641723303124e-05
Epoch 898 val RMSE: 5.922710752267858
Epoch 899 MSE: 6.395639502443373e-05
Epoch 899 val RMSE: 5.921342247020321
Epoch 900 MSE: 6.390605994965881e-05
Epoch 900 val RMSE: 5.9199734254189025
Epoch 901 MSE: 6.385624874383211e-05
Epoch 901 val RMSE: 5.918575605745671
Epoch 902 MSE: 6.380648846970871e-05
Epoch 902 val RMSE: 5.917178100546238
Epoch 903 MSE: 6.375640077749267e-05
Epoch 903 val RMSE: 5.915754471786247
Epoch 904 MSE: 6.370644405251369e-05
Epoch 904 val RMSE: 5.914337917753017
Epoch 905 MSE: 6.365680019371212e-05
Epoch 905 val RMSE: 5.912966506974114
Epoch 906 MSE: 6.360704719554633e-05
Epoch 906 val RMSE: 5.91161768582256
Epoch 907 MSE: 6.355714140227064e-05
Epoch 907 val RMSE: 5.910305023842129
Epoch 908 MSE: 6.350743933580816e-05
Epoch 908 val RMSE: 5.9090185387721315
Epoch 909 MSE: 6.345789006445557e-05
Epoch 909 val RMSE: 5.907714016428211
Epoch 910 MSE: 6.340811523841694e-05
Epoch 910 val RMSE: 5.906406622530643
Epoch 911 MSE: 6.3358384068124e-05
Epoch 911 val RMSE: 5.905087957155107
Epoch 912 MSE: 6.330871838144958e-05
Epoch 912 val RMSE: 5.9037551050852635
Epoch 913 MSE: 6.325919093796983e-05
Epoch 913 val RMSE: 5.902445864851282
Epoch 914 MSE: 6.320943066384643e-05
Epoch 914 val RMSE: 5.901149586035553
Epoch 915 MSE: 6.315989594440907e-05
Epoch 915 val RMSE: 5.899869510048142
Epoch 916 MSE: 6.311034667305648e-05
Epoch 916 val RMSE: 5.898610821129042
Epoch 917 MSE: 6.306076829787344e-05
Epoch 917 val RMSE: 5.897345395068889
Epoch 918 MSE: 6.301115354290232e-05
Epoch 918 val RMSE: 5.8960741980139915
Epoch 919 MSE: 6.296159699559212e-05
Epoch 919 val RMSE: 5.8948024032646895
Epoch 920 MSE: 6.291207682806998e-05
Epoch 920 val RMSE: 5.893519654126405
Epoch 921 MSE: 6.286243296926841e-05
Epoch 921 val RMSE: 5.8922521635688705
Epoch 922 MSE: 6.281300011323765e-05
Epoch 922 val RMSE: 5.891002855400258
Epoch 923 MSE: 6.276338535826653e-05
Epoch 923 val RMSE: 5.889765264370454
Epoch 924 MSE: 6.271390157053247e-05
Epoch 924 val RMSE: 5.8885513824737235
Epoch 925 MSE: 6.26643086434342e-05
Epoch 925 val RMSE: 5.887341461962785
Epoch 926 MSE: 6.261478119995445e-05
Epoch 926 val RMSE: 5.886129672541427
Epoch 927 MSE: 6.256526830838993e-05
Epoch 927 val RMSE: 5.884921198781607
Epoch 928 MSE: 6.25157481408678e-05
Epoch 928 val RMSE: 5.8837076141924864
Epoch 929 MSE: 6.246620614547282e-05
Epoch 929 val RMSE: 5.882500264061996
Epoch 930 MSE: 6.241665687412024e-05
Epoch 930 val RMSE: 5.8813069356013
Epoch 931 MSE: 6.236716581042856e-05
Epoch 931 val RMSE: 5.880120176786954
Epoch 932 MSE: 6.231758743524551e-05
Epoch 932 val RMSE: 5.8789490758406915
Epoch 933 MSE: 6.226805271580815e-05
Epoch 933 val RMSE: 5.877786178598888
Epoch 934 MSE: 6.221850344445556e-05
Epoch 934 val RMSE: 5.876620779278451
Epoch 935 MSE: 6.216890324139968e-05
Epoch 935 val RMSE: 5.875461966025224
Epoch 936 MSE: 6.211930303834379e-05
Epoch 936 val RMSE: 5.874301950094063
Epoch 937 MSE: 6.206973921507597e-05
Epoch 937 val RMSE: 5.873146901168494
Epoch 938 MSE: 6.202013901202008e-05
Epoch 938 val RMSE: 5.872005267522876
Epoch 939 MSE: 6.197049515321851e-05
Epoch 939 val RMSE: 5.870872183735046
Epoch 940 MSE: 6.19208367425017e-05
Epoch 940 val RMSE: 5.869752203992882
Epoch 941 MSE: 6.18713311268948e-05
Epoch 941 val RMSE: 5.86864338575867
Epoch 942 MSE: 6.182163633638993e-05
Epoch 942 val RMSE: 5.867537933734097
Epoch 943 MSE: 6.177197064971551e-05
Epoch 943 val RMSE: 5.866438450853827
Epoch 944 MSE: 6.172221765154973e-05
Epoch 944 val RMSE: 5.865341688578705
Epoch 945 MSE: 6.167251558508724e-05
Epoch 945 val RMSE: 5.864249599937005
Epoch 946 MSE: 6.162289355415851e-05
Epoch 946 val RMSE: 5.8631690190582875
Epoch 947 MSE: 6.157314055599272e-05
Epoch 947 val RMSE: 5.862095397131333
Epoch 948 MSE: 6.152335117803887e-05
Epoch 948 val RMSE: 5.861031992269305
Epoch 949 MSE: 6.147364911157638e-05
Epoch 949 val RMSE: 5.859978484547146
Epoch 950 MSE: 6.142389611341059e-05
Epoch 950 val RMSE: 5.858929019485651
Epoch 951 MSE: 6.137412128737196e-05
Epoch 951 val RMSE: 5.857887180897315
Epoch 952 MSE: 6.132431008154526e-05
Epoch 952 val RMSE: 5.856849390579849
Epoch 953 MSE: 6.12743606325239e-05
Epoch 953 val RMSE: 5.8558172792788525
Epoch 954 MSE: 6.122460763435811e-05
Epoch 954 val RMSE: 5.854794433529389
Epoch 955 MSE: 6.117470911704004e-05
Epoch 955 val RMSE: 5.853778577364581
Epoch 956 MSE: 6.112485425546765e-05
Epoch 956 val RMSE: 5.8527739509691115
Epoch 957 MSE: 6.107488297857344e-05
Epoch 957 val RMSE: 5.851778278523213
Epoch 958 MSE: 6.102502447902225e-05
Epoch 958 val RMSE: 5.850788304613353
Epoch 959 MSE: 6.097498771850951e-05
Epoch 959 val RMSE: 5.849806640559463
Epoch 960 MSE: 6.092504190746695e-05
Epoch 960 val RMSE: 5.8488300294694024
Epoch 961 MSE: 6.087506335461512e-05
Epoch 961 val RMSE: 5.847859452360372
Epoch 962 MSE: 6.082496838644147e-05
Epoch 962 val RMSE: 5.846896869530853
Epoch 963 MSE: 6.077501529944129e-05
Epoch 963 val RMSE: 5.845940979854433
Epoch 964 MSE: 6.0724876675521955e-05
Epoch 964 val RMSE: 5.8449953761543405
Epoch 965 MSE: 6.0674752603517845e-05
Epoch 965 val RMSE: 5.844057452431848
Epoch 966 MSE: 6.0624661273323e-05
Epoch 966 val RMSE: 5.843125253828947
Epoch 967 MSE: 6.057454811525531e-05
Epoch 967 val RMSE: 5.84220139490859
Epoch 968 MSE: 6.0524344007717445e-05
Epoch 968 val RMSE: 5.841282614337917
Epoch 969 MSE: 6.04740998824127e-05
Epoch 969 val RMSE: 5.840370547414223
Epoch 970 MSE: 6.042388122295961e-05
Epoch 970 val RMSE: 5.839465523914022
Epoch 971 MSE: 6.037366983946413e-05
Epoch 971 val RMSE: 5.83856754711267
Epoch 972 MSE: 6.032339661032893e-05
Epoch 972 val RMSE: 5.837678253915698
Epoch 973 MSE: 6.027299605193548e-05
Epoch 973 val RMSE: 5.836796667952172
Epoch 974 MSE: 6.0222741012694314e-05
Epoch 974 val RMSE: 5.835921812227911
Epoch 975 MSE: 6.017232590238564e-05
Epoch 975 val RMSE: 5.835053689770129
Epoch 976 MSE: 6.012201265548356e-05
Epoch 976 val RMSE: 5.834191649732682
Epoch 977 MSE: 6.0071644838899374e-05
Epoch 977 val RMSE: 5.833337002707644
Epoch 978 MSE: 6.002113877912052e-05
Epoch 978 val RMSE: 5.8324897519449586
Epoch 979 MSE: 5.9970658185193315e-05
Epoch 979 val RMSE: 5.83164891946292
Epoch 980 MSE: 5.992014484945685e-05
Epoch 980 val RMSE: 5.830815816499223
Epoch 981 MSE: 5.986958058201708e-05
Epoch 981 val RMSE: 5.82998979204439
Epoch 982 MSE: 5.981904178042896e-05
Epoch 982 val RMSE: 5.829170521900065
Epoch 983 MSE: 5.976841930532828e-05
Epoch 983 val RMSE: 5.828358008914528
Epoch 984 MSE: 5.9717840485973284e-05
Epoch 984 val RMSE: 5.827552583212563
Epoch 985 MSE: 5.966707976767793e-05
Epoch 985 val RMSE: 5.826753593046649
Epoch 986 MSE: 5.961639908491634e-05
Epoch 986 val RMSE: 5.825961041064551
Epoch 987 MSE: 5.956568929832429e-05
Epoch 987 val RMSE: 5.825175584758087
Epoch 988 MSE: 5.951485218247399e-05
Epoch 988 val RMSE: 5.824396899522221
Epoch 989 MSE: 5.946413875790313e-05
Epoch 989 val RMSE: 5.823625970630393
Epoch 990 MSE: 5.9413257986307144e-05
Epoch 990 val RMSE: 5.82286181847724
Epoch 991 MSE: 5.936248635407537e-05
Epoch 991 val RMSE: 5.82210444573111
Epoch 992 MSE: 5.9311594668542966e-05
Epoch 992 val RMSE: 5.821352544450245
Epoch 993 MSE: 5.926072844886221e-05
Epoch 993 val RMSE: 5.820608410577636
Epoch 994 MSE: 5.9209698520135134e-05
Epoch 994 val RMSE: 5.819871063901627
Epoch 995 MSE: 5.915868314332329e-05
Epoch 995 val RMSE: 5.819140507002247
Epoch 996 MSE: 5.910770414629951e-05
Epoch 996 val RMSE: 5.818418053686151
Epoch 997 MSE: 5.905664511374198e-05
Epoch 997 val RMSE: 5.817701084151799
Epoch 998 MSE: 5.900554242543876e-05
Epoch 998 val RMSE: 5.816991567782972
Epoch 999 MSE: 5.8954487030860037e-05
Epoch 999 val RMSE: 5.816288523510565
Training time: 39.16771697998047
(401142.234, 3043998.544, 490) 训练完成

./images/(401142.234, 3043998.544, 490)LSTM训练集可视化结果.png保存成功
Train Score: 0.34 RMSE
Train Score: 5.61 RMSE
Test Score: 11.01 RMSE
./images/(401142.234, 3043998.544, 490)真实值vs预测值.png保存成功
