训练开始: 2025-06-17 21:00:06
Group: (400093.254, 3044617.466, 340)
模型标准化格式保存路径：lstmscaler/(400093.254, 3044617.466, 340)best_scaler.pkl
最优模型参数保存路径：lstmmodel/(400093.254, 3044617.466, 340)best_model.pth
Epoch 0 MSE: 0.3287135064601898
Epoch 0 val RMSE: 5.903480162874037
Best model saved at epoch 0 with Test RMSE: 5.903480162874037
Epoch 1 MSE: 0.3275967538356781
Epoch 1 val RMSE: 8.232361404359759
Epoch 2 MSE: 0.29996392130851746
Epoch 2 val RMSE: 12.826499473555408
Epoch 3 MSE: 0.24245129525661469
Epoch 3 val RMSE: 6.9428245113083635
Epoch 4 MSE: 0.04405168816447258
Epoch 4 val RMSE: 69.17436853140583
Epoch 5 MSE: 0.5868355631828308
Epoch 5 val RMSE: 34.24784187144589
Epoch 6 MSE: 0.15724222362041473
Epoch 6 val RMSE: 8.24920280535205
Epoch 7 MSE: 0.052041277289390564
Epoch 7 val RMSE: 5.172999510432659
Best model saved at epoch 7 with Test RMSE: 5.172999510432659
Epoch 8 MSE: 0.1287616640329361
Epoch 8 val RMSE: 4.95592277764726
Best model saved at epoch 8 with Test RMSE: 4.95592277764726
Epoch 9 MSE: 0.1657996028661728
Epoch 9 val RMSE: 5.00616970878917
Epoch 10 MSE: 0.16787540912628174
Epoch 10 val RMSE: 5.20871670138557
Epoch 11 MSE: 0.1484796553850174
Epoch 11 val RMSE: 5.814212997854811
Epoch 12 MSE: 0.11423003673553467
Epoch 12 val RMSE: 7.5158764961656495
Epoch 13 MSE: 0.07444556057453156
Epoch 13 val RMSE: 11.281468439497013
Epoch 14 MSE: 0.04608461633324623
Epoch 14 val RMSE: 16.883826540000122
Epoch 15 MSE: 0.04752013087272644
Epoch 15 val RMSE: 22.023086918546976
Epoch 16 MSE: 0.07004715502262115
Epoch 16 val RMSE: 24.204064347894782
Epoch 17 MSE: 0.07895205169916153
Epoch 17 val RMSE: 22.847682630028366
Epoch 18 MSE: 0.06752429902553558
Epoch 18 val RMSE: 19.539816871183184
Epoch 19 MSE: 0.051863715052604675
Epoch 19 val RMSE: 16.43114554574064
Epoch 20 MSE: 0.043960846960544586
Epoch 20 val RMSE: 13.616876542813575
Epoch 21 MSE: 0.04296545684337616
Epoch 21 val RMSE: 10.818567238536097
Epoch 22 MSE: 0.04491874575614929
Epoch 22 val RMSE: 8.562226451207525
Epoch 23 MSE: 0.04699621722102165
Epoch 23 val RMSE: 7.299086568460927
Epoch 24 MSE: 0.047351907938718796
Epoch 24 val RMSE: 7.052723016468284
Epoch 25 MSE: 0.0451962985098362
Epoch 25 val RMSE: 7.344087893240561
Epoch 26 MSE: 0.04076705127954483
Epoch 26 val RMSE: 7.6062218244747
Epoch 27 MSE: 0.03509563207626343
Epoch 27 val RMSE: 7.59656739265328
Epoch 28 MSE: 0.029422838240861893
Epoch 28 val RMSE: 7.671577898476465
Epoch 29 MSE: 0.024458739906549454
Epoch 29 val RMSE: 8.46730259987625
Epoch 30 MSE: 0.020886091515421867
Epoch 30 val RMSE: 9.524811718298844
Epoch 31 MSE: 0.01963648572564125
Epoch 31 val RMSE: 9.458705093763164
Epoch 32 MSE: 0.01922660879790783
Epoch 32 val RMSE: 7.810450414742568
Epoch 33 MSE: 0.01664544641971588
Epoch 33 val RMSE: 6.548968214930943
Epoch 34 MSE: 0.01236522663384676
Epoch 34 val RMSE: 7.993035861544445
Epoch 35 MSE: 0.009551369585096836
Epoch 35 val RMSE: 9.98147431027793
Epoch 36 MSE: 0.008952092379331589
Epoch 36 val RMSE: 10.86557685988401
Epoch 37 MSE: 0.009925450198352337
Epoch 37 val RMSE: 10.92543768453387
Epoch 38 MSE: 0.009839569218456745
Epoch 38 val RMSE: 10.421347906461044
Epoch 39 MSE: 0.007518415804952383
Epoch 39 val RMSE: 8.881168424700132
Epoch 40 MSE: 0.005868254695087671
Epoch 40 val RMSE: 6.795502061408087
Epoch 41 MSE: 0.0065216789953410625
Epoch 41 val RMSE: 6.227981539699511
Epoch 42 MSE: 0.007143860217183828
Epoch 42 val RMSE: 6.560069769511554
Epoch 43 MSE: 0.006738845258951187
Epoch 43 val RMSE: 6.846380416299367
Epoch 44 MSE: 0.005105463322252035
Epoch 44 val RMSE: 8.119278052045377
Epoch 45 MSE: 0.004437390249222517
Epoch 45 val RMSE: 8.894076624305832
Epoch 46 MSE: 0.005744465626776218
Epoch 46 val RMSE: 7.829893723274502
Epoch 47 MSE: 0.004867780487984419
Epoch 47 val RMSE: 6.657590632579166
Epoch 48 MSE: 0.0036901989951729774
Epoch 48 val RMSE: 5.7579532849350334
Epoch 49 MSE: 0.0035784763749688864
Epoch 49 val RMSE: 4.645071859635409
Best model saved at epoch 49 with Test RMSE: 4.645071859635409
Epoch 50 MSE: 0.0039021819829940796
Epoch 50 val RMSE: 3.992142589338873
Best model saved at epoch 50 with Test RMSE: 3.992142589338873
Epoch 51 MSE: 0.003814962925389409
Epoch 51 val RMSE: 4.144503407290431
Epoch 52 MSE: 0.0028294064104557037
Epoch 52 val RMSE: 4.571407245688423
Epoch 53 MSE: 0.00310063106007874
Epoch 53 val RMSE: 4.39717607043534
Epoch 54 MSE: 0.0032257025595754385
Epoch 54 val RMSE: 3.952374051504408
Best model saved at epoch 54 with Test RMSE: 3.952374051504408
Epoch 55 MSE: 0.0033322519157081842
Epoch 55 val RMSE: 3.6805495368060597
Best model saved at epoch 55 with Test RMSE: 3.6805495368060597
Epoch 56 MSE: 0.0026677732821553946
Epoch 56 val RMSE: 3.4143955932420718
Best model saved at epoch 56 with Test RMSE: 3.4143955932420718
Epoch 57 MSE: 0.0027204733341932297
Epoch 57 val RMSE: 3.161729494099687
Best model saved at epoch 57 with Test RMSE: 3.161729494099687
Epoch 58 MSE: 0.002789226593449712
Epoch 58 val RMSE: 3.128326019321916
Best model saved at epoch 58 with Test RMSE: 3.128326019321916
Epoch 59 MSE: 0.0028121680952608585
Epoch 59 val RMSE: 3.3927020905136347
Epoch 60 MSE: 0.0023908738512545824
Epoch 60 val RMSE: 3.7481617554615996
Epoch 61 MSE: 0.0023258065339177847
Epoch 61 val RMSE: 3.857093785493525
Epoch 62 MSE: 0.002512555569410324
Epoch 62 val RMSE: 3.9383368435420407
Epoch 63 MSE: 0.0023530800826847553
Epoch 63 val RMSE: 3.8218038881412557
Epoch 64 MSE: 0.0021978584118187428
Epoch 64 val RMSE: 3.3765053394286144
Epoch 65 MSE: 0.0020517187658697367
Epoch 65 val RMSE: 3.1656791418779777
Epoch 66 MSE: 0.0021933254320174456
Epoch 66 val RMSE: 3.2684891839212433
Epoch 67 MSE: 0.0020869981963187456
Epoch 67 val RMSE: 3.364552752628457
Epoch 68 MSE: 0.0018945228075608611
Epoch 68 val RMSE: 3.449847016190664
Epoch 69 MSE: 0.0019795664120465517
Epoch 69 val RMSE: 3.638121566888801
Epoch 70 MSE: 0.0019719498232007027
Epoch 70 val RMSE: 3.582551708287504
Epoch 71 MSE: 0.0018964146729558706
Epoch 71 val RMSE: 3.2945924785334793
Epoch 72 MSE: 0.001806800370104611
Epoch 72 val RMSE: 3.2115425969066025
Epoch 73 MSE: 0.0017992524662986398
Epoch 73 val RMSE: 3.275230189962411
Epoch 74 MSE: 0.0018290684092789888
Epoch 74 val RMSE: 3.3144459316915165
Epoch 75 MSE: 0.001702931011095643
Epoch 75 val RMSE: 3.4882868545675163
Epoch 76 MSE: 0.0016699415864422917
Epoch 76 val RMSE: 3.688264541248758
Epoch 77 MSE: 0.0017015457851812243
Epoch 77 val RMSE: 3.5716196417787196
Epoch 78 MSE: 0.0016344598261639476
Epoch 78 val RMSE: 3.3340614636207118
Epoch 79 MSE: 0.0015818760730326176
Epoch 79 val RMSE: 3.2118879336311794
Epoch 80 MSE: 0.0015560034662485123
Epoch 80 val RMSE: 3.098927029149707
Best model saved at epoch 80 with Test RMSE: 3.098927029149707
Epoch 81 MSE: 0.0015501052839681506
Epoch 81 val RMSE: 3.0357646553284567
Best model saved at epoch 81 with Test RMSE: 3.0357646553284567
Epoch 82 MSE: 0.001509464462287724
Epoch 82 val RMSE: 3.132745528040385
Epoch 83 MSE: 0.001453250297345221
Epoch 83 val RMSE: 3.2034940181394704
Epoch 84 MSE: 0.001460087951272726
Epoch 84 val RMSE: 3.1290638249374565
Epoch 85 MSE: 0.0014420535881072283
Epoch 85 val RMSE: 3.082208548548129
Epoch 86 MSE: 0.001385949901305139
Epoch 86 val RMSE: 3.0254440549167576
Best model saved at epoch 86 with Test RMSE: 3.0254440549167576
Epoch 87 MSE: 0.0013722311705350876
Epoch 87 val RMSE: 2.9418957874089644
Best model saved at epoch 87 with Test RMSE: 2.9418957874089644
Epoch 88 MSE: 0.0013633500784635544
Epoch 88 val RMSE: 3.0010026210022223
Epoch 89 MSE: 0.001325302990153432
Epoch 89 val RMSE: 3.1144834946840976
Epoch 90 MSE: 0.0012996072182431817
Epoch 90 val RMSE: 3.151549966131884
Epoch 91 MSE: 0.001288662781007588
Epoch 91 val RMSE: 3.210392146890533
Epoch 92 MSE: 0.0012654599267989397
Epoch 92 val RMSE: 3.168795589442604
Epoch 93 MSE: 0.001237674499861896
Epoch 93 val RMSE: 3.040433363643631
Epoch 94 MSE: 0.0012202298967167735
Epoch 94 val RMSE: 3.0201290668924194
Epoch 95 MSE: 0.001203747233375907
Epoch 95 val RMSE: 3.0011799399235155
Epoch 96 MSE: 0.0011791561264544725
Epoch 96 val RMSE: 3.0172309354779876
Epoch 97 MSE: 0.0011590757640078664
Epoch 97 val RMSE: 3.0984258285048707
Epoch 98 MSE: 0.001147606410086155
Epoch 98 val RMSE: 3.06694051376779
Epoch 99 MSE: 0.0011293358402326703
Epoch 99 val RMSE: 3.038924579383656
Epoch 100 MSE: 0.0011048660380765796
Epoch 100 val RMSE: 2.9966636225169005
Epoch 101 MSE: 0.0010900909546762705
Epoch 101 val RMSE: 2.934417080805995
Best model saved at epoch 101 with Test RMSE: 2.934417080805995
Epoch 102 MSE: 0.0010802906472235918
Epoch 102 val RMSE: 2.9784917711647276
Epoch 103 MSE: 0.0010616660583764315
Epoch 103 val RMSE: 2.987310753099432
Epoch 104 MSE: 0.0010416577570140362
Epoch 104 val RMSE: 3.0187282901085934
Epoch 105 MSE: 0.0010284773306921124
Epoch 105 val RMSE: 3.007959297858474
Epoch 106 MSE: 0.00101526640355587
Epoch 106 val RMSE: 2.925501566864152
Best model saved at epoch 106 with Test RMSE: 2.925501566864152
Epoch 107 MSE: 0.0010002790950238705
Epoch 107 val RMSE: 2.8921484979094627
Best model saved at epoch 107 with Test RMSE: 2.8921484979094627
Epoch 108 MSE: 0.000988936866633594
Epoch 108 val RMSE: 2.816477019416867
Best model saved at epoch 108 with Test RMSE: 2.816477019416867
Epoch 109 MSE: 0.0009781609987840056
Epoch 109 val RMSE: 2.8497060925370485
Epoch 110 MSE: 0.0009644358651712537
Epoch 110 val RMSE: 2.8204906967380237
Epoch 111 MSE: 0.0009537481237202883
Epoch 111 val RMSE: 2.8761506473203977
Epoch 112 MSE: 0.000947061344049871
Epoch 112 val RMSE: 2.7930560758583787
Best model saved at epoch 112 with Test RMSE: 2.7930560758583787
Epoch 113 MSE: 0.0009448743658140302
Epoch 113 val RMSE: 2.8488932618980285
Epoch 114 MSE: 0.0009563641506247222
Epoch 114 val RMSE: 2.688786930414072
Best model saved at epoch 114 with Test RMSE: 2.688786930414072
Epoch 115 MSE: 0.0010154201881960034
Epoch 115 val RMSE: 2.894973041626323
Epoch 116 MSE: 0.0011525455629453063
Epoch 116 val RMSE: 2.5811200864302557
Best model saved at epoch 116 with Test RMSE: 2.5811200864302557
Epoch 117 MSE: 0.0015283896354958415
Epoch 117 val RMSE: 3.06565771989539
Epoch 118 MSE: 0.0017007612623274326
Epoch 118 val RMSE: 2.5399218234849834
Best model saved at epoch 118 with Test RMSE: 2.5399218234849834
Epoch 119 MSE: 0.0016476270975545049
Epoch 119 val RMSE: 2.841990670743874
Epoch 120 MSE: 0.0009146990487352014
Epoch 120 val RMSE: 2.8990487741957733
Epoch 121 MSE: 0.0011488685850054026
Epoch 121 val RMSE: 2.470060942048613
Best model saved at epoch 121 with Test RMSE: 2.470060942048613
Epoch 122 MSE: 0.001380505389533937
Epoch 122 val RMSE: 2.707259615778986
Epoch 123 MSE: 0.0008598613785579801
Epoch 123 val RMSE: 2.9402123772862674
Epoch 124 MSE: 0.0012521082535386086
Epoch 124 val RMSE: 2.537947565455445
Epoch 125 MSE: 0.0010914630256593227
Epoch 125 val RMSE: 2.6031248424662787
Epoch 126 MSE: 0.0009261745144613087
Epoch 126 val RMSE: 2.9408464240970678
Epoch 127 MSE: 0.001193141215480864
Epoch 127 val RMSE: 2.6552825961247897
Epoch 128 MSE: 0.0008321520290337503
Epoch 128 val RMSE: 2.533834480190873
Epoch 129 MSE: 0.0010312533704563975
Epoch 129 val RMSE: 2.8622588743241693
Epoch 130 MSE: 0.0008904174319468439
Epoch 130 val RMSE: 2.8592641006392867
Epoch 131 MSE: 0.0008603456662967801
Epoch 131 val RMSE: 2.569846809660465
Epoch 132 MSE: 0.0009475169936195016
Epoch 132 val RMSE: 2.6824044114401677
Epoch 133 MSE: 0.0007746274932287633
Epoch 133 val RMSE: 2.8522593861633676
Epoch 134 MSE: 0.0009298332734033465
Epoch 134 val RMSE: 2.586017157949834
Epoch 135 MSE: 0.000785479205660522
Epoch 135 val RMSE: 2.5282615634167556
Epoch 136 MSE: 0.0008255808497779071
Epoch 136 val RMSE: 2.7429567654575218
Epoch 137 MSE: 0.0008243189076893032
Epoch 137 val RMSE: 2.6278444954662548
Epoch 138 MSE: 0.0007418622262775898
Epoch 138 val RMSE: 2.4320125923458153
Best model saved at epoch 138 with Test RMSE: 2.4320125923458153
Epoch 139 MSE: 0.0008186575141735375
Epoch 139 val RMSE: 2.5446416505892
Epoch 140 MSE: 0.0007215694058686495
Epoch 140 val RMSE: 2.6056590775685957
Epoch 141 MSE: 0.0007737519918009639
Epoch 141 val RMSE: 2.417303582371168
Best model saved at epoch 141 with Test RMSE: 2.417303582371168
Epoch 142 MSE: 0.0007370554376393557
Epoch 142 val RMSE: 2.418930330873065
Epoch 143 MSE: 0.0007173657650128007
Epoch 143 val RMSE: 2.5481861694568995
Epoch 144 MSE: 0.0007444972288794816
Epoch 144 val RMSE: 2.4296578653864978
Epoch 145 MSE: 0.0006860503344796598
Epoch 145 val RMSE: 2.323406481455638
Best model saved at epoch 145 with Test RMSE: 2.323406481455638
Epoch 146 MSE: 0.0007238509133458138
Epoch 146 val RMSE: 2.4275554367005494
Epoch 147 MSE: 0.0006830730126239359
Epoch 147 val RMSE: 2.435411487722859
Epoch 148 MSE: 0.0006893855752423406
Epoch 148 val RMSE: 2.2968503989634383
Best model saved at epoch 148 with Test RMSE: 2.2968503989634383
Epoch 149 MSE: 0.0006883398746140301
Epoch 149 val RMSE: 2.3160355835850996
Epoch 150 MSE: 0.0006600867491215467
Epoch 150 val RMSE: 2.3811436546788873
Epoch 151 MSE: 0.0006806419114582241
Epoch 151 val RMSE: 2.276169331779781
Best model saved at epoch 151 with Test RMSE: 2.276169331779781
Epoch 152 MSE: 0.0006489116931334138
Epoch 152 val RMSE: 2.23692944034349
Best model saved at epoch 152 with Test RMSE: 2.23692944034349
Epoch 153 MSE: 0.0006557849119417369
Epoch 153 val RMSE: 2.318809561979811
Epoch 154 MSE: 0.000648664659820497
Epoch 154 val RMSE: 2.2722164689757807
Epoch 155 MSE: 0.0006312222103588283
Epoch 155 val RMSE: 2.1893837583444546
Best model saved at epoch 155 with Test RMSE: 2.1893837583444546
Epoch 156 MSE: 0.0006413098890334368
Epoch 156 val RMSE: 2.243095719089754
Epoch 157 MSE: 0.0006208991399034858
Epoch 157 val RMSE: 2.254619941571665
Epoch 158 MSE: 0.0006226600962691009
Epoch 158 val RMSE: 2.1710846924429856
Best model saved at epoch 158 with Test RMSE: 2.1710846924429856
Epoch 159 MSE: 0.0006190974381752312
Epoch 159 val RMSE: 2.1876460435344636
Epoch 160 MSE: 0.0006050577503629029
Epoch 160 val RMSE: 2.2200295425717553
Epoch 161 MSE: 0.0006105438224039972
Epoch 161 val RMSE: 2.1476094817741083
Best model saved at epoch 161 with Test RMSE: 2.1476094817741083
Epoch 162 MSE: 0.0005985570605844259
Epoch 162 val RMSE: 2.1383696320748964
Best model saved at epoch 162 with Test RMSE: 2.1383696320748964
Epoch 163 MSE: 0.0005940392147749662
Epoch 163 val RMSE: 2.1822470673318404
Epoch 164 MSE: 0.0005944588920101523
Epoch 164 val RMSE: 2.1290896835394695
Best model saved at epoch 164 with Test RMSE: 2.1290896835394695
Epoch 165 MSE: 0.0005826199776493013
Epoch 165 val RMSE: 2.0977686562425144
Best model saved at epoch 165 with Test RMSE: 2.0977686562425144
Epoch 166 MSE: 0.0005826590349897742
Epoch 166 val RMSE: 2.139325157964596
Epoch 167 MSE: 0.0005780851352028549
Epoch 167 val RMSE: 2.112582896936696
Epoch 168 MSE: 0.000569885887671262
Epoch 168 val RMSE: 2.0758848808358006
Best model saved at epoch 168 with Test RMSE: 2.0758848808358006
Epoch 169 MSE: 0.00057019735686481
Epoch 169 val RMSE: 2.108735503286518
Epoch 170 MSE: 0.0005635367706418037
Epoch 170 val RMSE: 2.0964556620099164
Epoch 171 MSE: 0.0005585456383414567
Epoch 171 val RMSE: 2.0601375806105042
Best model saved at epoch 171 with Test RMSE: 2.0601375806105042
Epoch 172 MSE: 0.0005576330586336553
Epoch 172 val RMSE: 2.087957425739433
Epoch 173 MSE: 0.0005509889451786876
Epoch 173 val RMSE: 2.0840601098439726
Epoch 174 MSE: 0.0005477720405906439
Epoch 174 val RMSE: 2.0452395595894433
Best model saved at epoch 174 with Test RMSE: 2.0452395595894433
Epoch 175 MSE: 0.0005458017694763839
Epoch 175 val RMSE: 2.06493407451332
Epoch 176 MSE: 0.0005399457877501845
Epoch 176 val RMSE: 2.066319137496582
Epoch 177 MSE: 0.0005374416359700263
Epoch 177 val RMSE: 2.0291118225372884
Best model saved at epoch 177 with Test RMSE: 2.0291118225372884
Epoch 178 MSE: 0.0005349553539417684
Epoch 178 val RMSE: 2.0405689973726275
Epoch 179 MSE: 0.0005299221957102418
Epoch 179 val RMSE: 2.0400292454287485
Epoch 180 MSE: 0.0005275425501167774
Epoch 180 val RMSE: 2.006208796092896
Best model saved at epoch 180 with Test RMSE: 2.006208796092896
Epoch 181 MSE: 0.0005249554524198174
Epoch 181 val RMSE: 2.014693288816973
Epoch 182 MSE: 0.0005205335328355432
Epoch 182 val RMSE: 2.0096530419374647
Epoch 183 MSE: 0.0005180502193979919
Epoch 183 val RMSE: 1.9766965677381019
Best model saved at epoch 183 with Test RMSE: 1.9766965677381019
Epoch 184 MSE: 0.0005155650433152914
Epoch 184 val RMSE: 1.983513832961423
Epoch 185 MSE: 0.0005116317188367248
Epoch 185 val RMSE: 1.9752975457024766
Best model saved at epoch 185 with Test RMSE: 1.9752975457024766
Epoch 186 MSE: 0.0005089921760372818
Epoch 186 val RMSE: 1.9445229272292635
Best model saved at epoch 186 with Test RMSE: 1.9445229272292635
Epoch 187 MSE: 0.0005066819139756262
Epoch 187 val RMSE: 1.9492553218246873
Epoch 188 MSE: 0.0005032099434174597
Epoch 188 val RMSE: 1.9379005633335602
Best model saved at epoch 188 with Test RMSE: 1.9379005633335602
Epoch 189 MSE: 0.0005004198173992336
Epoch 189 val RMSE: 1.9130499828128151
Best model saved at epoch 189 with Test RMSE: 1.9130499828128151
Epoch 190 MSE: 0.0004982355167157948
Epoch 190 val RMSE: 1.917765495889135
Epoch 191 MSE: 0.0004952162853442132
Epoch 191 val RMSE: 1.903012449948453
Best model saved at epoch 191 with Test RMSE: 1.903012449948453
Epoch 192 MSE: 0.0004923236556351185
Epoch 192 val RMSE: 1.8853065781742966
Best model saved at epoch 192 with Test RMSE: 1.8853065781742966
Epoch 193 MSE: 0.0004901255597360432
Epoch 193 val RMSE: 1.8910523239070225
Epoch 194 MSE: 0.0004875282756984234
Epoch 194 val RMSE: 1.8737523696406002
Best model saved at epoch 194 with Test RMSE: 1.8737523696406002
Epoch 195 MSE: 0.00048465479630976915
Epoch 195 val RMSE: 1.8623505833235827
Best model saved at epoch 195 with Test RMSE: 1.8623505833235827
Epoch 196 MSE: 0.0004823120543733239
Epoch 196 val RMSE: 1.8666685013534976
Epoch 197 MSE: 0.0004800219612661749
Epoch 197 val RMSE: 1.8482466353276557
Best model saved at epoch 197 with Test RMSE: 1.8482466353276557
Epoch 198 MSE: 0.0004773438267875463
Epoch 198 val RMSE: 1.8425611768941443
Best model saved at epoch 198 with Test RMSE: 1.8425611768941443
Epoch 199 MSE: 0.00047483222442679107
Epoch 199 val RMSE: 1.8420551721674787
Best model saved at epoch 199 with Test RMSE: 1.8420551721674787
Epoch 200 MSE: 0.00047262886073440313
Epoch 200 val RMSE: 1.8244151105715396
Best model saved at epoch 200 with Test RMSE: 1.8244151105715396
Epoch 201 MSE: 0.0004702411824837327
Epoch 201 val RMSE: 1.823782825867421
Best model saved at epoch 201 with Test RMSE: 1.823782825867421
Epoch 202 MSE: 0.00046770251356065273
Epoch 202 val RMSE: 1.8170941106623466
Best model saved at epoch 202 with Test RMSE: 1.8170941106623466
Epoch 203 MSE: 0.0004653914365917444
Epoch 203 val RMSE: 1.8026983354629886
Best model saved at epoch 203 with Test RMSE: 1.8026983354629886
Epoch 204 MSE: 0.0004631901392713189
Epoch 204 val RMSE: 1.8045713048742658
Epoch 205 MSE: 0.0004608230956364423
Epoch 205 val RMSE: 1.792817153007024
Best model saved at epoch 205 with Test RMSE: 1.792817153007024
Epoch 206 MSE: 0.00045842741383239627
Epoch 206 val RMSE: 1.7837859054833212
Best model saved at epoch 206 with Test RMSE: 1.7837859054833212
Epoch 207 MSE: 0.0004562041722238064
Epoch 207 val RMSE: 1.7839688749164129
Epoch 208 MSE: 0.0004540207446552813
Epoch 208 val RMSE: 1.7702319376864026
Best model saved at epoch 208 with Test RMSE: 1.7702319376864026
Epoch 209 MSE: 0.0004517283523455262
Epoch 209 val RMSE: 1.7669212511753953
Best model saved at epoch 209 with Test RMSE: 1.7669212511753953
Epoch 210 MSE: 0.00044943607645109296
Epoch 210 val RMSE: 1.762162586136838
Best model saved at epoch 210 with Test RMSE: 1.762162586136838
Epoch 211 MSE: 0.0004472597793210298
Epoch 211 val RMSE: 1.7505753116440523
Best model saved at epoch 211 with Test RMSE: 1.7505753116440523
Epoch 212 MSE: 0.0004451132263056934
Epoch 212 val RMSE: 1.750498087707887
Best model saved at epoch 212 with Test RMSE: 1.750498087707887
Epoch 213 MSE: 0.0004429024120327085
Epoch 213 val RMSE: 1.740800245356192
Best model saved at epoch 213 with Test RMSE: 1.740800245356192
Epoch 214 MSE: 0.0004406826919876039
Epoch 214 val RMSE: 1.7343672331215099
Best model saved at epoch 214 with Test RMSE: 1.7343672331215099
Epoch 215 MSE: 0.0004385366919450462
Epoch 215 val RMSE: 1.7327823371429052
Best model saved at epoch 215 with Test RMSE: 1.7327823371429052
Epoch 216 MSE: 0.0004364312335383147
Epoch 216 val RMSE: 1.7215895345174783
Best model saved at epoch 216 with Test RMSE: 1.7215895345174783
Epoch 217 MSE: 0.00043429562356323004
Epoch 217 val RMSE: 1.719572529347135
Best model saved at epoch 217 with Test RMSE: 1.719572529347135
Epoch 218 MSE: 0.00043213984463363886
Epoch 218 val RMSE: 1.7128974453345542
Best model saved at epoch 218 with Test RMSE: 1.7128974453345542
Epoch 219 MSE: 0.0004300197761040181
Epoch 219 val RMSE: 1.7047762084593259
Best model saved at epoch 219 with Test RMSE: 1.7047762084593259
Epoch 220 MSE: 0.0004279440036043525
Epoch 220 val RMSE: 1.7026369287935417
Best model saved at epoch 220 with Test RMSE: 1.7026369287935417
Epoch 221 MSE: 0.00042587186908349395
Epoch 221 val RMSE: 1.6923281511657329
Best model saved at epoch 221 with Test RMSE: 1.6923281511657329
Epoch 222 MSE: 0.00042378134094178677
Epoch 222 val RMSE: 1.6887912048914964
Best model saved at epoch 222 with Test RMSE: 1.6887912048914964
Epoch 223 MSE: 0.00042169413063675165
Epoch 223 val RMSE: 1.6823546768844073
Best model saved at epoch 223 with Test RMSE: 1.6823546768844073
Epoch 224 MSE: 0.0004196363443043083
Epoch 224 val RMSE: 1.673864446577547
Best model saved at epoch 224 with Test RMSE: 1.673864446577547
Epoch 225 MSE: 0.00041760396561585367
Epoch 225 val RMSE: 1.6711245840258868
Best model saved at epoch 225 with Test RMSE: 1.6711245840258868
Epoch 226 MSE: 0.0004155747883487493
Epoch 226 val RMSE: 1.6615884504718534
Best model saved at epoch 226 with Test RMSE: 1.6615884504718534
Epoch 227 MSE: 0.00041353912092745304
Epoch 227 val RMSE: 1.6575913665583473
Best model saved at epoch 227 with Test RMSE: 1.6575913665583473
Epoch 228 MSE: 0.00041150758625008166
Epoch 228 val RMSE: 1.6509602844526103
Best model saved at epoch 228 with Test RMSE: 1.6509602844526103
Epoch 229 MSE: 0.0004094948526471853
Epoch 229 val RMSE: 1.6437754581931219
Best model saved at epoch 229 with Test RMSE: 1.6437754581931219
Epoch 230 MSE: 0.0004075012111570686
Epoch 230 val RMSE: 1.6401849065608307
Best model saved at epoch 230 with Test RMSE: 1.6401849065608307
Epoch 231 MSE: 0.00040551702841185033
Epoch 231 val RMSE: 1.631256749515528
Best model saved at epoch 231 with Test RMSE: 1.631256749515528
Epoch 232 MSE: 0.0004035339516121894
Epoch 232 val RMSE: 1.6279147490128931
Best model saved at epoch 232 with Test RMSE: 1.6279147490128931
Epoch 233 MSE: 0.000401552562834695
Epoch 233 val RMSE: 1.6205169019091312
Best model saved at epoch 233 with Test RMSE: 1.6205169019091312
Epoch 234 MSE: 0.0003995790902990848
Epoch 234 val RMSE: 1.6149085752987649
Best model saved at epoch 234 with Test RMSE: 1.6149085752987649
Epoch 235 MSE: 0.0003976192092522979
Epoch 235 val RMSE: 1.6099812375035696
Best model saved at epoch 235 with Test RMSE: 1.6099812375035696
Epoch 236 MSE: 0.00039567219209857285
Epoch 236 val RMSE: 1.6024749389688417
Best model saved at epoch 236 with Test RMSE: 1.6024749389688417
Epoch 237 MSE: 0.00039373370236717165
Epoch 237 val RMSE: 1.598936430773832
Best model saved at epoch 237 with Test RMSE: 1.598936430773832
Epoch 238 MSE: 0.000391800538636744
Epoch 238 val RMSE: 1.5908310282740306
Best model saved at epoch 238 with Test RMSE: 1.5908310282740306
Epoch 239 MSE: 0.0003898712748195976
Epoch 239 val RMSE: 1.5870422123737609
Best model saved at epoch 239 with Test RMSE: 1.5870422123737609
Epoch 240 MSE: 0.0003879473661072552
Epoch 240 val RMSE: 1.5799692538444765
Best model saved at epoch 240 with Test RMSE: 1.5799692538444765
Epoch 241 MSE: 0.00038603050052188337
Epoch 241 val RMSE: 1.5747175538650364
Best model saved at epoch 241 with Test RMSE: 1.5747175538650364
Epoch 242 MSE: 0.000384122715331614
Epoch 242 val RMSE: 1.56914002027018
Best model saved at epoch 242 with Test RMSE: 1.56914002027018
Epoch 243 MSE: 0.00038222401053644717
Epoch 243 val RMSE: 1.5626242778945156
Best model saved at epoch 243 with Test RMSE: 1.5626242778945156
Epoch 244 MSE: 0.00038033348391763866
Epoch 244 val RMSE: 1.558220534228588
Best model saved at epoch 244 with Test RMSE: 1.558220534228588
Epoch 245 MSE: 0.0003784495056606829
Epoch 245 val RMSE: 1.5508526610260396
Best model saved at epoch 245 with Test RMSE: 1.5508526610260396
Epoch 246 MSE: 0.00037657187203876674
Epoch 246 val RMSE: 1.5472017193631833
Best model saved at epoch 246 with Test RMSE: 1.5472017193631833
Epoch 247 MSE: 0.00037470029201358557
Epoch 247 val RMSE: 1.5396143509661528
Best model saved at epoch 247 with Test RMSE: 1.5396143509661528
Epoch 248 MSE: 0.0003728342126123607
Epoch 248 val RMSE: 1.5361186109930394
Best model saved at epoch 248 with Test RMSE: 1.5361186109930394
Epoch 249 MSE: 0.0003709740412887186
Epoch 249 val RMSE: 1.5286339191273577
Best model saved at epoch 249 with Test RMSE: 1.5286339191273577
Epoch 250 MSE: 0.00036911966162733734
Epoch 250 val RMSE: 1.525195706426428
Best model saved at epoch 250 with Test RMSE: 1.525195706426428
Epoch 251 MSE: 0.00036727151018567383
Epoch 251 val RMSE: 1.5177267387214919
Best model saved at epoch 251 with Test RMSE: 1.5177267387214919
Epoch 252 MSE: 0.0003654297033790499
Epoch 252 val RMSE: 1.5143546059841484
Best model saved at epoch 252 with Test RMSE: 1.5143546059841484
Epoch 253 MSE: 0.000363594590453431
Epoch 253 val RMSE: 1.5067854629933344
Best model saved at epoch 253 with Test RMSE: 1.5067854629933344
Epoch 254 MSE: 0.0003617655311245471
Epoch 254 val RMSE: 1.503755081307696
Best model saved at epoch 254 with Test RMSE: 1.503755081307696
Epoch 255 MSE: 0.0003599434858188033
Epoch 255 val RMSE: 1.495535086365265
Best model saved at epoch 255 with Test RMSE: 1.495535086365265
Epoch 256 MSE: 0.0003581294440664351
Epoch 256 val RMSE: 1.4935422808776748
Best model saved at epoch 256 with Test RMSE: 1.4935422808776748
Epoch 257 MSE: 0.0003563251520972699
Epoch 257 val RMSE: 1.4838304825947168
Best model saved at epoch 257 with Test RMSE: 1.4838304825947168
Epoch 258 MSE: 0.0003545333747752011
Epoch 258 val RMSE: 1.4840286653942754
Epoch 259 MSE: 0.00035276252310723066
Epoch 259 val RMSE: 1.4710698576054095
Best model saved at epoch 259 with Test RMSE: 1.4710698576054095
Epoch 260 MSE: 0.000351028487784788
Epoch 260 val RMSE: 1.4761964051468908
Epoch 261 MSE: 0.00034936662996187806
Epoch 261 val RMSE: 1.4558803727764913
Best model saved at epoch 261 with Test RMSE: 1.4558803727764913
Epoch 262 MSE: 0.00034786105970852077
Epoch 262 val RMSE: 1.4723052965073709
Epoch 263 MSE: 0.00034670255263336003
Epoch 263 val RMSE: 1.4349528426553018
Best model saved at epoch 263 with Test RMSE: 1.4349528426553018
Epoch 264 MSE: 0.00034638112992979586
Epoch 264 val RMSE: 1.4787661139931525
Epoch 265 MSE: 0.0003480341110844165
Epoch 265 val RMSE: 1.3997781816232218
Best model saved at epoch 265 with Test RMSE: 1.3997781816232218
Epoch 266 MSE: 0.0003549095126800239
Epoch 266 val RMSE: 1.5148885451761889
Epoch 267 MSE: 0.0003743681008927524
