训练开始: 2025-06-17 20:58:53
Group: (401142.234, 3043998.544, 490)
模型标准化格式保存路径：lstmscaler/(401142.234, 3043998.544, 490)best_scaler.pkl
最优模型参数保存路径：lstmmodel/(401142.234, 3043998.544, 490)best_model.pth
Epoch 0 MSE: 0.5125026106834412
Epoch 0 val RMSE: 15.641747372472738
Best model saved at epoch 0 with Test RMSE: 15.641747372472738
Epoch 1 MSE: 0.23924186825752258
Epoch 1 val RMSE: 29.720047947471418
Epoch 2 MSE: 0.07362166047096252
Epoch 2 val RMSE: 23.120729124194483
Epoch 3 MSE: 0.04602595046162605
Epoch 3 val RMSE: 22.415411061949587
Epoch 4 MSE: 0.05508461967110634
Epoch 4 val RMSE: 23.766638137921532
Epoch 5 MSE: 0.04085848480463028
Epoch 5 val RMSE: 25.99600423773094
Epoch 6 MSE: 0.03383411839604378
Epoch 6 val RMSE: 27.755473928719223
Epoch 7 MSE: 0.04282630607485771
Epoch 7 val RMSE: 27.775059288092102
Epoch 8 MSE: 0.043397948145866394
Epoch 8 val RMSE: 26.51829847121783
Epoch 9 MSE: 0.035418301820755005
Epoch 9 val RMSE: 25.059415479999103
Epoch 10 MSE: 0.033286966383457184
Epoch 10 val RMSE: 24.021783479645485
Epoch 11 MSE: 0.03641737997531891
Epoch 11 val RMSE: 23.579361040745862
Epoch 12 MSE: 0.03850036859512329
Epoch 12 val RMSE: 23.684220945121748
Epoch 13 MSE: 0.03699137642979622
Epoch 13 val RMSE: 24.19333091457618
Epoch 14 MSE: 0.03369027376174927
Epoch 14 val RMSE: 24.89212075700361
Epoch 15 MSE: 0.03186807408928871
Epoch 15 val RMSE: 25.4909891401599
Epoch 16 MSE: 0.03279327228665352
Epoch 16 val RMSE: 25.68876284722746
Epoch 17 MSE: 0.03416316583752632
Epoch 17 val RMSE: 25.327105643429483
Epoch 18 MSE: 0.033163148909807205
Epoch 18 val RMSE: 24.47499147128618
Epoch 19 MSE: 0.030385654419660568
Epoch 19 val RMSE: 23.332788224891946
Epoch 20 MSE: 0.028387345373630524
Epoch 20 val RMSE: 22.079986817729168
Epoch 21 MSE: 0.027904411777853966
Epoch 21 val RMSE: 20.77770470228395
Epoch 22 MSE: 0.026860397309064865
Epoch 22 val RMSE: 19.27732989804467
Epoch 23 MSE: 0.02222219668328762
Epoch 23 val RMSE: 16.94036097838901
Epoch 24 MSE: 0.014175338670611382
Epoch 24 val RMSE: 13.625708325373916
Best model saved at epoch 24 with Test RMSE: 13.625708325373916
Epoch 25 MSE: 0.01121186837553978
Epoch 25 val RMSE: 11.815249168554976
Best model saved at epoch 25 with Test RMSE: 11.815249168554976
Epoch 26 MSE: 0.04939906299114227
Epoch 26 val RMSE: 16.38859354963556
Epoch 27 MSE: 0.01053109671920538
Epoch 27 val RMSE: 18.871846927243567
Epoch 28 MSE: 0.011112636886537075
Epoch 28 val RMSE: 19.967311849131537
Epoch 29 MSE: 0.011080693453550339
Epoch 29 val RMSE: 20.402796594749425
Epoch 30 MSE: 0.014280330389738083
Epoch 30 val RMSE: 20.61524390469344
Epoch 31 MSE: 0.01546186488121748
Epoch 31 val RMSE: 20.788378417906813
Epoch 32 MSE: 0.012680849991738796
Epoch 32 val RMSE: 20.923808343971093
Epoch 33 MSE: 0.009097706526517868
Epoch 33 val RMSE: 20.896320716394595
Epoch 34 MSE: 0.011621772311627865
Epoch 34 val RMSE: 20.582522398177645
Epoch 35 MSE: 0.0069085098803043365
Epoch 35 val RMSE: 20.15397879645915
Epoch 36 MSE: 0.007152949925512075
Epoch 36 val RMSE: 19.855368461408144
Epoch 37 MSE: 0.008445442654192448
Epoch 37 val RMSE: 19.72066511475613
Epoch 38 MSE: 0.006650314200669527
Epoch 38 val RMSE: 19.585295536946365
Epoch 39 MSE: 0.008300460875034332
Epoch 39 val RMSE: 19.379294036510093
Epoch 40 MSE: 0.004916002042591572
Epoch 40 val RMSE: 19.223145616484782
Epoch 41 MSE: 0.005480946972966194
Epoch 41 val RMSE: 19.15051641739027
Epoch 42 MSE: 0.004007261246442795
Epoch 42 val RMSE: 19.071796689223543
Epoch 43 MSE: 0.005093319341540337
Epoch 43 val RMSE: 18.89104582993827
Epoch 44 MSE: 0.004846976138651371
Epoch 44 val RMSE: 18.631603734376807
Epoch 45 MSE: 0.004250774160027504
Epoch 45 val RMSE: 18.38487507686133
Epoch 46 MSE: 0.004964419174939394
Epoch 46 val RMSE: 18.19262455322941
Epoch 47 MSE: 0.0040645720437169075
Epoch 47 val RMSE: 18.01199873386271
Epoch 48 MSE: 0.004014596808701754
Epoch 48 val RMSE: 17.772027760025725
Epoch 49 MSE: 0.004083781037479639
Epoch 49 val RMSE: 17.47184362980103
Epoch 50 MSE: 0.0033891252242028713
Epoch 50 val RMSE: 17.185775836815782
Epoch 51 MSE: 0.003982141613960266
Epoch 51 val RMSE: 16.966221180121767
Epoch 52 MSE: 0.003353543346747756
Epoch 52 val RMSE: 16.76538745608745
Epoch 53 MSE: 0.0037972277496010065
Epoch 53 val RMSE: 16.515512283792283
Epoch 54 MSE: 0.003351874416694045
Epoch 54 val RMSE: 16.246259522927982
Epoch 55 MSE: 0.003401304129511118
Epoch 55 val RMSE: 16.040209789093314
Epoch 56 MSE: 0.0031735834199935198
Epoch 56 val RMSE: 15.882237023821908
Epoch 57 MSE: 0.0029338104650378227
Epoch 57 val RMSE: 15.68032685075424
Epoch 58 MSE: 0.002985542407259345
Epoch 58 val RMSE: 15.405274892284003
Epoch 59 MSE: 0.0026740380562841892
Epoch 59 val RMSE: 15.107967654370585
Epoch 60 MSE: 0.0028654574416577816
Epoch 60 val RMSE: 14.814184165529818
Epoch 61 MSE: 0.0025548231787979603
Epoch 61 val RMSE: 14.454107863540363
Epoch 62 MSE: 0.002687792293727398
Epoch 62 val RMSE: 13.952376974630075
Epoch 63 MSE: 0.002422492951154709
Epoch 63 val RMSE: 13.325532220514155
Epoch 64 MSE: 0.002420892473310232
Epoch 64 val RMSE: 12.657743690792481
Epoch 65 MSE: 0.0022515987511724234
Epoch 65 val RMSE: 11.954633151384433
Epoch 66 MSE: 0.002171992091462016
Epoch 66 val RMSE: 11.137750412580168
Best model saved at epoch 66 with Test RMSE: 11.137750412580168
Epoch 67 MSE: 0.002085501793771982
Epoch 67 val RMSE: 10.261031378648703
Best model saved at epoch 67 with Test RMSE: 10.261031378648703
Epoch 68 MSE: 0.0020599616691470146
Epoch 68 val RMSE: 9.553538792227194
Best model saved at epoch 68 with Test RMSE: 9.553538792227194
Epoch 69 MSE: 0.001958145759999752
Epoch 69 val RMSE: 8.995415261539573
Best model saved at epoch 69 with Test RMSE: 8.995415261539573
Epoch 70 MSE: 0.0019459080649539828
Epoch 70 val RMSE: 8.422040325516669
Best model saved at epoch 70 with Test RMSE: 8.422040325516669
Epoch 71 MSE: 0.0017567053437232971
Epoch 71 val RMSE: 7.901339366704977
Best model saved at epoch 71 with Test RMSE: 7.901339366704977
Epoch 72 MSE: 0.0017568732146173716
Epoch 72 val RMSE: 7.5129679148555155
Best model saved at epoch 72 with Test RMSE: 7.5129679148555155
Epoch 73 MSE: 0.0015793227357789874
Epoch 73 val RMSE: 7.13426542995827
Best model saved at epoch 73 with Test RMSE: 7.13426542995827
Epoch 74 MSE: 0.001611352781765163
Epoch 74 val RMSE: 6.729932554454019
Best model saved at epoch 74 with Test RMSE: 6.729932554454019
Epoch 75 MSE: 0.0014932631747797132
Epoch 75 val RMSE: 6.368300863644287
Best model saved at epoch 75 with Test RMSE: 6.368300863644287
Epoch 76 MSE: 0.0015105264028534293
Epoch 76 val RMSE: 6.066240552811937
Best model saved at epoch 76 with Test RMSE: 6.066240552811937
Epoch 77 MSE: 0.0014276003930717707
Epoch 77 val RMSE: 5.799073164976789
Best model saved at epoch 77 with Test RMSE: 5.799073164976789
Epoch 78 MSE: 0.001413252903148532
Epoch 78 val RMSE: 5.596673467895907
Best model saved at epoch 78 with Test RMSE: 5.596673467895907
Epoch 79 MSE: 0.001417152234353125
Epoch 79 val RMSE: 5.457609677088604
Best model saved at epoch 79 with Test RMSE: 5.457609677088604
Epoch 80 MSE: 0.0013573989272117615
Epoch 80 val RMSE: 5.361860316254554
Best model saved at epoch 80 with Test RMSE: 5.361860316254554
Epoch 81 MSE: 0.0013783201575279236
Epoch 81 val RMSE: 5.313705128130531
Best model saved at epoch 81 with Test RMSE: 5.313705128130531
Epoch 82 MSE: 0.001314234803430736
Epoch 82 val RMSE: 5.293060279420784
Best model saved at epoch 82 with Test RMSE: 5.293060279420784
Epoch 83 MSE: 0.0012881896691396832
Epoch 83 val RMSE: 5.29930126694517
Epoch 84 MSE: 0.0012696905760094523
Epoch 84 val RMSE: 5.332562072936306
Epoch 85 MSE: 0.0012160114711150527
Epoch 85 val RMSE: 5.378501284002052
Epoch 86 MSE: 0.0012061578454449773
Epoch 86 val RMSE: 5.439561124376679
Epoch 87 MSE: 0.0011467139702290297
Epoch 87 val RMSE: 5.50983035953198
Epoch 88 MSE: 0.0011262322077527642
Epoch 88 val RMSE: 5.582316386666446
Epoch 89 MSE: 0.0010982961393892765
Epoch 89 val RMSE: 5.680601862330307
Epoch 90 MSE: 0.001064636162482202
Epoch 90 val RMSE: 5.802380356185862
Epoch 91 MSE: 0.0010581904789432883
Epoch 91 val RMSE: 5.919029337203671
Epoch 92 MSE: 0.0010223339777439833
Epoch 92 val RMSE: 6.048108509826098
Epoch 93 MSE: 0.0010056011378765106
Epoch 93 val RMSE: 6.185585727696104
Epoch 94 MSE: 0.0009904506150633097
Epoch 94 val RMSE: 6.280367205629686
Epoch 95 MSE: 0.000963884755037725
Epoch 95 val RMSE: 6.340523636911574
Epoch 96 MSE: 0.0009555405122227967
Epoch 96 val RMSE: 6.38767224581621
Epoch 97 MSE: 0.0009302958496846259
Epoch 97 val RMSE: 6.387623574093609
Epoch 98 MSE: 0.0009090953390114009
Epoch 98 val RMSE: 6.351805735079703
Epoch 99 MSE: 0.0008948085596784949
Epoch 99 val RMSE: 6.3281433858722105
Epoch 100 MSE: 0.0008690468966960907
Epoch 100 val RMSE: 6.294174637622989
Epoch 101 MSE: 0.0008534933440387249
Epoch 101 val RMSE: 6.249590745878229
Epoch 102 MSE: 0.0008379630162380636
Epoch 102 val RMSE: 6.237515607367122
Epoch 103 MSE: 0.0008137798286043108
Epoch 103 val RMSE: 6.223135623798304
Epoch 104 MSE: 0.0007973157335072756
Epoch 104 val RMSE: 6.195097603263797
Epoch 105 MSE: 0.0007832205155864358
Epoch 105 val RMSE: 6.187114356767677
Epoch 106 MSE: 0.0007631646585650742
Epoch 106 val RMSE: 6.161569224047911
Epoch 107 MSE: 0.0007463799556717277
Epoch 107 val RMSE: 6.122608262799218
Epoch 108 MSE: 0.0007326722843572497
Epoch 108 val RMSE: 6.109113994984129
Epoch 109 MSE: 0.0007145435665734112
Epoch 109 val RMSE: 6.0838138268631825
Epoch 110 MSE: 0.0006956389406695962
Epoch 110 val RMSE: 6.079557666750094
Epoch 111 MSE: 0.0006802532006986439
Epoch 111 val RMSE: 6.106958091700733
Epoch 112 MSE: 0.0006661685183644295
Epoch 112 val RMSE: 6.123584817378216
Epoch 113 MSE: 0.0006503323093056679
Epoch 113 val RMSE: 6.181019481530105
Epoch 114 MSE: 0.0006328485324047506
Epoch 114 val RMSE: 6.211985834286094
Epoch 115 MSE: 0.0006156750023365021
Epoch 115 val RMSE: 6.251831701804324
Epoch 116 MSE: 0.000599665567278862
Epoch 116 val RMSE: 6.2767238726299075
Epoch 117 MSE: 0.0005848868167959154
Epoch 117 val RMSE: 6.280871935042482
Epoch 118 MSE: 0.0005714705912396312
Epoch 118 val RMSE: 6.3034933062984075
Epoch 119 MSE: 0.0005599160213023424
Epoch 119 val RMSE: 6.2832110176357014
Epoch 120 MSE: 0.0005528199835680425
Epoch 120 val RMSE: 6.336175314394804
Epoch 121 MSE: 0.000559443433303386
Epoch 121 val RMSE: 6.268118269514783
Epoch 122 MSE: 0.0006106905057094991
Epoch 122 val RMSE: 6.429888327001105
Epoch 123 MSE: 0.0008381716324947774
Epoch 123 val RMSE: 6.206151113653922
Epoch 124 MSE: 0.001436071004718542
Epoch 124 val RMSE: 6.7054396681036605
Epoch 125 MSE: 0.002934552263468504
Epoch 125 val RMSE: 6.400839404849173
Epoch 126 MSE: 0.0033435227815061808
Epoch 126 val RMSE: 7.000240321802408
Epoch 127 MSE: 0.0014499297831207514
Epoch 127 val RMSE: 7.025628449373236
Epoch 128 MSE: 0.0009509306983090937
Epoch 128 val RMSE: 6.670736246953257
Epoch 129 MSE: 0.0020987552125006914
Epoch 129 val RMSE: 6.678140240206932
Epoch 130 MSE: 0.000874424644280225
Epoch 130 val RMSE: 6.373886310311578
Epoch 131 MSE: 0.0008688564994372427
Epoch 131 val RMSE: 5.8972056738358285
Epoch 132 MSE: 0.001681489055044949
Epoch 132 val RMSE: 5.898336609236487
Epoch 133 MSE: 0.0007519898936152458
Epoch 133 val RMSE: 5.829869068173897
Epoch 134 MSE: 0.0007635043584741652
Epoch 134 val RMSE: 5.727328510755882
Epoch 135 MSE: 0.0013577253557741642
Epoch 135 val RMSE: 5.988633197114353
Epoch 136 MSE: 0.0006203866796568036
Epoch 136 val RMSE: 6.180606277010049
Epoch 137 MSE: 0.000738760398235172
Epoch 137 val RMSE: 6.2119790793298115
Epoch 138 MSE: 0.0009642197983339429
Epoch 138 val RMSE: 6.38057270696351
Epoch 139 MSE: 0.000521267531439662
Epoch 139 val RMSE: 6.470138327108921
Epoch 140 MSE: 0.00093246711185202
Epoch 140 val RMSE: 6.3074344668195055
Epoch 141 MSE: 0.000626244000159204
Epoch 141 val RMSE: 6.183443531517912
Epoch 142 MSE: 0.0006374575896188617
Epoch 142 val RMSE: 6.1281001750437385
Epoch 143 MSE: 0.0007518223719671369
Epoch 143 val RMSE: 5.935483570018616
Epoch 144 MSE: 0.0004573419864755124
Epoch 144 val RMSE: 5.793099461712272
Epoch 145 MSE: 0.0006947040092200041
Epoch 145 val RMSE: 5.849722844266754
Epoch 146 MSE: 0.0005678177694790065
Epoch 146 val RMSE: 5.878007808735928
Epoch 147 MSE: 0.00048361244262196124
Epoch 147 val RMSE: 5.90872447338203
Epoch 148 MSE: 0.0006230781436897814
Epoch 148 val RMSE: 6.110294984979595
Epoch 149 MSE: 0.0004364833002910018
Epoch 149 val RMSE: 6.27305197095269
Epoch 150 MSE: 0.0005072633503004909
Epoch 150 val RMSE: 6.310590398526791
Epoch 151 MSE: 0.0005159517168067396
Epoch 151 val RMSE: 6.413370780491832
Epoch 152 MSE: 0.00041371845873072743
Epoch 152 val RMSE: 6.480795734197204
Epoch 153 MSE: 0.0005129761411808431
Epoch 153 val RMSE: 6.380047165268818
Epoch 154 MSE: 0.0004177302762400359
Epoch 154 val RMSE: 6.325304094927812
Epoch 155 MSE: 0.00040791131323203444
Epoch 155 val RMSE: 6.337624886089215
Epoch 156 MSE: 0.0004592825716827065
Epoch 156 val RMSE: 6.24754926316346
Epoch 157 MSE: 0.00037225172854959965
Epoch 157 val RMSE: 6.239345471704801
Epoch 158 MSE: 0.00039680025656707585
Epoch 158 val RMSE: 6.360600683767974
Epoch 159 MSE: 0.0004186523729003966
Epoch 159 val RMSE: 6.388545586397005
Epoch 160 MSE: 0.00034634038456715643
Epoch 160 val RMSE: 6.461031672057798
Epoch 161 MSE: 0.0003641098737716675
Epoch 161 val RMSE: 6.6065171287901805
Epoch 162 MSE: 0.0003797030949499458
Epoch 162 val RMSE: 6.597848495293424
Epoch 163 MSE: 0.0003303387784399092
Epoch 163 val RMSE: 6.5776877359865935
Epoch 164 MSE: 0.0003434119571465999
Epoch 164 val RMSE: 6.600608404612045
Epoch 165 MSE: 0.0003531985857989639
Epoch 165 val RMSE: 6.47985358649726
Epoch 166 MSE: 0.00031381030566990376
Epoch 166 val RMSE: 6.404283770762745
Epoch 167 MSE: 0.00031477477750740945
Epoch 167 val RMSE: 6.410217842768532
Epoch 168 MSE: 0.00033447472378611565
Epoch 168 val RMSE: 6.323843555501126
Epoch 169 MSE: 0.00031348009360954165
Epoch 169 val RMSE: 6.359683317541374
Epoch 170 MSE: 0.00029235301190055907
Epoch 170 val RMSE: 6.4161960709975485
Epoch 171 MSE: 0.0003035234403796494
Epoch 171 val RMSE: 6.380097987459898
Epoch 172 MSE: 0.00030741115915589035
Epoch 172 val RMSE: 6.443447291666804
Epoch 173 MSE: 0.0002882766420952976
Epoch 173 val RMSE: 6.4120118072458165
Epoch 174 MSE: 0.0002796340559143573
Epoch 174 val RMSE: 6.327447398135513
Epoch 175 MSE: 0.0002883413399104029
Epoch 175 val RMSE: 6.322727793386932
Epoch 176 MSE: 0.0002879092935472727
Epoch 176 val RMSE: 6.208325721002132
Epoch 177 MSE: 0.00027413334464654326
Epoch 177 val RMSE: 6.180669231536194
Epoch 178 MSE: 0.00026524654822424054
Epoch 178 val RMSE: 6.177044598702945
Epoch 179 MSE: 0.0002681457553990185
Epoch 179 val RMSE: 6.12814779554579
Epoch 180 MSE: 0.0002721752680372447
Epoch 180 val RMSE: 6.197130511350155
Epoch 181 MSE: 0.0002680218021851033
Epoch 181 val RMSE: 6.16070024003033
Epoch 182 MSE: 0.0002580952423159033
Epoch 182 val RMSE: 6.174168259671133
Epoch 183 MSE: 0.0002511615748517215
Epoch 183 val RMSE: 6.157655816842267
Epoch 184 MSE: 0.00025067044771276414
Epoch 184 val RMSE: 6.078345915008457
Epoch 185 MSE: 0.00025285285664722323
Epoch 185 val RMSE: 6.080511335654868
Epoch 186 MSE: 0.0002527483447920531
Epoch 186 val RMSE: 5.988725241409047
Epoch 187 MSE: 0.00024881065473891795
Epoch 187 val RMSE: 6.007897900990055
Epoch 188 MSE: 0.0002426790160825476
Epoch 188 val RMSE: 5.96914080393953
Epoch 189 MSE: 0.00023669766960665584
Epoch 189 val RMSE: 5.981786422033816
Epoch 190 MSE: 0.0002326056273886934
Epoch 190 val RMSE: 5.985736104494291
Epoch 191 MSE: 0.00023069452436175197
Epoch 191 val RMSE: 5.956538465785709
Epoch 192 MSE: 0.00023013267491478473
Epoch 192 val RMSE: 5.966878707499404
Epoch 193 MSE: 0.0002298803156008944
Epoch 193 val RMSE: 5.892802435550813
Epoch 194 MSE: 0.0002293674770044163
Epoch 194 val RMSE: 5.904435136282255
Epoch 195 MSE: 0.00022872703266330063
Epoch 195 val RMSE: 5.81651577612627
Epoch 196 MSE: 0.000228263481403701
Epoch 196 val RMSE: 5.851745684090306
Epoch 197 MSE: 0.00022857997100800276
Epoch 197 val RMSE: 5.766888239725339
Epoch 198 MSE: 0.0002303577639395371
Epoch 198 val RMSE: 5.839066367572976
Epoch 199 MSE: 0.00023524140124209225
